Archive member included to satisfy reference by file (symbol)

/Applications/STM32CubeIDE.app/Contents/Eclipse/plugins/com.st.stm32cube.ide.mcu.externaltools.gnu-tools-for-stm32.12.3.rel1.macos64_1.0.200.202406191456/tools/bin/../lib/gcc/arm-none-eabi/12.3.1/../../../../arm-none-eabi/lib/thumb/v7e-m+fp/hard/libc_nano.a(libc_a-exit.o)
                              /Applications/STM32CubeIDE.app/Contents/Eclipse/plugins/com.st.stm32cube.ide.mcu.externaltools.gnu-tools-for-stm32.12.3.rel1.macos64_1.0.200.202406191456/tools/bin/../lib/gcc/arm-none-eabi/12.3.1/../../../../arm-none-eabi/lib/thumb/v7e-m+fp/hard/crt0.o (exit)
/Applications/STM32CubeIDE.app/Contents/Eclipse/plugins/com.st.stm32cube.ide.mcu.externaltools.gnu-tools-for-stm32.12.3.rel1.macos64_1.0.200.202406191456/tools/bin/../lib/gcc/arm-none-eabi/12.3.1/../../../../arm-none-eabi/lib/thumb/v7e-m+fp/hard/libc_nano.a(libc_a-nano-vfprintf_float.o)
                              (_printf_float)
/Applications/STM32CubeIDE.app/Contents/Eclipse/plugins/com.st.stm32cube.ide.mcu.externaltools.gnu-tools-for-stm32.12.3.rel1.macos64_1.0.200.202406191456/tools/bin/../lib/gcc/arm-none-eabi/12.3.1/../../../../arm-none-eabi/lib/thumb/v7e-m+fp/hard/libc_nano.a(libc_a-nano-vfprintf_i.o)
                              /Applications/STM32CubeIDE.app/Contents/Eclipse/plugins/com.st.stm32cube.ide.mcu.externaltools.gnu-tools-for-stm32.12.3.rel1.macos64_1.0.200.202406191456/tools/bin/../lib/gcc/arm-none-eabi/12.3.1/../../../../arm-none-eabi/lib/thumb/v7e-m+fp/hard/libc_nano.a(libc_a-nano-vfprintf_float.o) (_printf_common)
/Applications/STM32CubeIDE.app/Contents/Eclipse/plugins/com.st.stm32cube.ide.mcu.externaltools.gnu-tools-for-stm32.12.3.rel1.macos64_1.0.200.202406191456/tools/bin/../lib/gcc/arm-none-eabi/12.3.1/../../../../arm-none-eabi/lib/thumb/v7e-m+fp/hard/libc_nano.a(libc_a-sprintf.o)
                              ./Application/User/app_tof.o (sprintf)
/Applications/STM32CubeIDE.app/Contents/Eclipse/plugins/com.st.stm32cube.ide.mcu.externaltools.gnu-tools-for-stm32.12.3.rel1.macos64_1.0.200.202406191456/tools/bin/../lib/gcc/arm-none-eabi/12.3.1/../../../../arm-none-eabi/lib/thumb/v7e-m+fp/hard/libc_nano.a(libc_a-findfp.o)
                              /Applications/STM32CubeIDE.app/Contents/Eclipse/plugins/com.st.stm32cube.ide.mcu.externaltools.gnu-tools-for-stm32.12.3.rel1.macos64_1.0.200.202406191456/tools/bin/../lib/gcc/arm-none-eabi/12.3.1/../../../../arm-none-eabi/lib/thumb/v7e-m+fp/hard/libc_nano.a(libc_a-exit.o) (__stdio_exit_handler)
/Applications/STM32CubeIDE.app/Contents/Eclipse/plugins/com.st.stm32cube.ide.mcu.externaltools.gnu-tools-for-stm32.12.3.rel1.macos64_1.0.200.202406191456/tools/bin/../lib/gcc/arm-none-eabi/12.3.1/../../../../arm-none-eabi/lib/thumb/v7e-m+fp/hard/libc_nano.a(libc_a-fwalk.o)
                              /Applications/STM32CubeIDE.app/Contents/Eclipse/plugins/com.st.stm32cube.ide.mcu.externaltools.gnu-tools-for-stm32.12.3.rel1.macos64_1.0.200.202406191456/tools/bin/../lib/gcc/arm-none-eabi/12.3.1/../../../../arm-none-eabi/lib/thumb/v7e-m+fp/hard/libc_nano.a(libc_a-findfp.o) (_fwalk_sglue)
/Applications/STM32CubeIDE.app/Contents/Eclipse/plugins/com.st.stm32cube.ide.mcu.externaltools.gnu-tools-for-stm32.12.3.rel1.macos64_1.0.200.202406191456/tools/bin/../lib/gcc/arm-none-eabi/12.3.1/../../../../arm-none-eabi/lib/thumb/v7e-m+fp/hard/libc_nano.a(libc_a-printf.o)
                              ./Application/User/app_tof.o (printf)
/Applications/STM32CubeIDE.app/Contents/Eclipse/plugins/com.st.stm32cube.ide.mcu.externaltools.gnu-tools-for-stm32.12.3.rel1.macos64_1.0.200.202406191456/tools/bin/../lib/gcc/arm-none-eabi/12.3.1/../../../../arm-none-eabi/lib/thumb/v7e-m+fp/hard/libc_nano.a(libc_a-puts.o)
                              ./Application/User/app_tof.o (puts)
/Applications/STM32CubeIDE.app/Contents/Eclipse/plugins/com.st.stm32cube.ide.mcu.externaltools.gnu-tools-for-stm32.12.3.rel1.macos64_1.0.200.202406191456/tools/bin/../lib/gcc/arm-none-eabi/12.3.1/../../../../arm-none-eabi/lib/thumb/v7e-m+fp/hard/libc_nano.a(libc_a-memmove.o)
                              ./Drivers/BSP/Components/vl53l8cx_api.o (memmove)
/Applications/STM32CubeIDE.app/Contents/Eclipse/plugins/com.st.stm32cube.ide.mcu.externaltools.gnu-tools-for-stm32.12.3.rel1.macos64_1.0.200.202406191456/tools/bin/../lib/gcc/arm-none-eabi/12.3.1/../../../../arm-none-eabi/lib/thumb/v7e-m+fp/hard/libc_nano.a(libc_a-memset.o)
                              /Applications/STM32CubeIDE.app/Contents/Eclipse/plugins/com.st.stm32cube.ide.mcu.externaltools.gnu-tools-for-stm32.12.3.rel1.macos64_1.0.200.202406191456/tools/bin/../lib/gcc/arm-none-eabi/12.3.1/../../../../arm-none-eabi/lib/thumb/v7e-m+fp/hard/crt0.o (memset)
[...]
Memory Configuration

Name             Origin             Length             Attributes
RAM              0x20000000         0x00018000         xrw
FLASH            0x08000000         0x00080000         xr
*default*        0x00000000         0xffffffff

Linker script and memory map

LOAD /Applications/STM32CubeIDE.app/Contents/Eclipse/plugins/com.st.stm32cube.ide.mcu.externaltools.gnu-tools-for-stm32.12.3.rel1.macos64_1.0.200.202406191456/tools/bin/../lib/gcc/arm-none-eabi/12.3.1/thumb/v7e-m+fp/hard/crti.o
LOAD /Applications/STM32CubeIDE.app/Contents/Eclipse/plugins/com.st.stm32cube.ide.mcu.externaltools.gnu-tools-for-stm32.12.3.rel1.macos64_1.0.200.202406191456/tools/bin/../lib/gcc/arm-none-eabi/12.3.1/thumb/v7e-m+fp/hard/crtbegin.o
LOAD /Applications/STM32CubeIDE.app/Contents/Eclipse/plugins/com.st.stm32cube.ide.mcu.externaltools.gnu-tools-for-stm32.12.3.rel1.macos64_1.0.200.202406191456/tools/bin/../lib/gcc/arm-none-eabi/12.3.1/../../../../arm-none-eabi/lib/thumb/v7e-m+fp/hard/crt0.o
LOAD ./Application/Startup/startup_stm32f401retx.o
LOAD ./Application/User/MPUXX50.o
LOAD ./Application/User/app_tof.o
LOAD ./Application/User/app_tof_pin_conf.o
LOAD ./Application/User/custom_ranging_sensor.o
LOAD ./Application/User/i2c.o
LOAD ./Application/User/main.o
LOAD ./Application/User/stm32f4xx_hal_msp.o
LOAD ./Application/User/stm32f4xx_it.o
LOAD ./Application/User/stm32f4xx_nucleo.o
LOAD ./Application/User/stm32f4xx_nucleo_bus.o
LOAD ./Application/User/syscalls.o
LOAD ./Application/User/sysmem.o
LOAD ./Drivers/BSP/Components/platform.o
LOAD ./Drivers/BSP/Components/vl53l8cx.o
LOAD ./Drivers/BSP/Components/vl53l8cx_api.o
LOAD ./Drivers/BSP/Components/vl53l8cx_plugin_detection_thresholds.o
LOAD ./Drivers/BSP/Components/vl53l8cx_plugin_motion_indicator.o
LOAD ./Drivers/BSP/Components/vl53l8cx_plugin_xtalk.o
LOAD ./Drivers/CMSIS/system_stm32f4xx.o
LOAD ./Drivers/STM32F4xx_HAL_Driver/stm32f4xx_hal.o
LOAD ./Drivers/STM32F4xx_HAL_Driver/stm32f4xx_hal_cortex.o
LOAD ./Drivers/STM32F4xx_HAL_Driver/stm32f4xx_hal_dma.o
LOAD ./Drivers/STM32F4xx_HAL_Driver/stm32f4xx_hal_dma_ex.o
LOAD ./Drivers/STM32F4xx_HAL_Driver/stm32f4xx_hal_exti.o
LOAD ./Drivers/STM32F4xx_HAL_Driver/stm32f4xx_hal_flash.o
LOAD ./Drivers/STM32F4xx_HAL_Driver/stm32f4xx_hal_flash_ex.o
LOAD ./Drivers/STM32F4xx_HAL_Driver/stm32f4xx_hal_flash_ramfunc.o
LOAD ./Drivers/STM32F4xx_HAL_Driver/stm32f4xx_hal_gpio.o
LOAD ./Drivers/STM32F4xx_HAL_Driver/stm32f4xx_hal_i2c.o
LOAD ./Drivers/STM32F4xx_HAL_Driver/stm32f4xx_hal_i2c_ex.o
LOAD ./Drivers/STM32F4xx_HAL_Driver/stm32f4xx_hal_pwr.o
LOAD ./Drivers/STM32F4xx_HAL_Driver/stm32f4xx_hal_pwr_ex.o
LOAD ./Drivers/STM32F4xx_HAL_Driver/stm32f4xx_hal_rcc.o
LOAD ./Drivers/STM32F4xx_HAL_Driver/stm32f4xx_hal_rcc_ex.o
LOAD ./Drivers/STM32F4xx_HAL_Driver/stm32f4xx_hal_tim.o
LOAD ./Drivers/STM32F4xx_HAL_Driver/stm32f4xx_hal_tim_ex.o
LOAD ./Drivers/STM32F4xx_HAL_Driver/stm32f4xx_hal_uart.o
START GROUP
LOAD /Applications/STM32CubeIDE.app/Contents/Eclipse/plugins/com.st.stm32cube.ide.mcu.externaltools.gnu-tools-for-stm32.12.3.rel1.macos64_1.0.200.202406191456/tools/bin/../lib/gcc/arm-none-eabi/12.3.1/../../../../arm-none-eabi/lib/thumb/v7e-m+fp/hard/libc_nano.a
LOAD /Applications/STM32CubeIDE.app/Contents/Eclipse/plugins/com.st.stm32cube.ide.mcu.externaltools.gnu-tools-for-stm32.12.3.rel1.macos64_1.0.200.202406191456/tools/bin/../lib/gcc/arm-none-eabi/12.3.1/../../../../arm-none-eabi/lib/thumb/v7e-m+fp/hard/libm.a
END GROUP
START GROUP
LOAD /Applications/STM32CubeIDE.app/Contents/Eclipse/plugins/com.st.stm32cube.ide.mcu.externaltools.gnu-tools-for-stm32.12.3.rel1.macos64_1.0.200.202406191456/tools/bin/../lib/gcc/arm-none-eabi/12.3.1/thumb/v7e-m+fp/hard/libgcc.a
LOAD /Applications/STM32CubeIDE.app/Contents/Eclipse/plugins/com.st.stm32cube.ide.mcu.externaltools.gnu-tools-for-stm32.12.3.rel1.macos64_1.0.200.202406191456/tools/bin/../lib/gcc/arm-none-eabi/12.3.1/../../../../arm-none-eabi/lib/thumb/v7e-m+fp/hard/libc_nano.a
END GROUP
START GROUP
LOAD /Applications/STM32CubeIDE.app/Contents/Eclipse/plugins/com.st.stm32cube.ide.mcu.externaltools.gnu-tools-for-stm32.12.3.rel1.macos64_1.0.200.202406191456/tools/bin/../lib/gcc/arm-none-eabi/12.3.1/thumb/v7e-m+fp/hard/libgcc.a
LOAD /Applications/STM32CubeIDE.app/Contents/Eclipse/plugins/com.st.stm32cube.ide.mcu.externaltools.gnu-tools-for-stm32.12.3.rel1.macos64_1.0.200.202406191456/tools/bin/../lib/gcc/arm-none-eabi/12.3.1/../../../../arm-none-eabi/lib/thumb/v7e-m+fp/hard/libc_nano.a
LOAD /Applications/STM32CubeIDE.app/Contents/Eclipse/plugins/com.st.stm32cube.ide.mcu.externaltools.gnu-tools-for-stm32.12.3.rel1.macos64_1.0.200.202406191456/tools/bin/../lib/gcc/arm-none-eabi/12.3.1/../../../../arm-none-eabi/lib/thumb/v7e-m+fp/hard/libnosys.a
END GROUP
START GROUP
LOAD /Applications/STM32CubeIDE.app/Contents/Eclipse/plugins/com.st.stm32cube.ide.mcu.externaltools.gnu-tools-for-stm32.12.3.rel1.macos64_1.0.200.202406191456/tools/bin/../lib/gcc/arm-none-eabi/12.3.1/thumb/v7e-m+fp/hard/libgcc.a
LOAD /Applications/STM32CubeIDE.app/Contents/Eclipse/plugins/com.st.stm32cube.ide.mcu.externaltools.gnu-tools-for-stm32.12.3.rel1.macos64_1.0.200.202406191456/tools/bin/../lib/gcc/arm-none-eabi/12.3.1/../../../../arm-none-eabi/lib/thumb/v7e-m+fp/hard/libc_nano.a
LOAD /Applications/STM32CubeIDE.app/Contents/Eclipse/plugins/com.st.stm32cube.ide.mcu.externaltools.gnu-tools-for-stm32.12.3.rel1.macos64_1.0.200.202406191456/tools/bin/../lib/gcc/arm-none-eabi/12.3.1/../../../../arm-none-eabi/lib/thumb/v7e-m+fp/hard/libnosys.a
END GROUP
LOAD /Applications/STM32CubeIDE.app/Contents/Eclipse/plugins/com.st.stm32cube.ide.mcu.externaltools.gnu-tools-for-stm32.12.3.rel1.macos64_1.0.200.202406191456/tools/bin/../lib/gcc/arm-none-eabi/12.3.1/thumb/v7e-m+fp/hard/crtend.o
LOAD /Applications/STM32CubeIDE.app/Contents/Eclipse/plugins/com.st.stm32cube.ide.mcu.externaltools.gnu-tools-for-stm32.12.3.rel1.macos64_1.0.200.202406191456/tools/bin/../lib/gcc/arm-none-eabi/12.3.1/thumb/v7e-m+fp/hard/crtn.o
                0x20018000                        _estack = (ORIGIN (RAM) + LENGTH (RAM))
                0x00000200                        _Min_Heap_Size = 0x200
                0x00000800                        _Min_Stack_Size = 0x800

.isr_vector     0x08000000      0x194
                0x08000000                        . = ALIGN (0x4)
 *(.isr_vector)
 .isr_vector    0x08000000      0x194 ./Application/Startup/startup_stm32f401retx.o
                0x08000000                g_pfnVectors
                0x08000194                        . = ALIGN (0x4)

.text           0x080001a0     0x8228
                0x080001a0                        . = ALIGN (0x4)
 *(.text)
 .text          0x080001a0       0x40 /Applications/STM32CubeIDE.app/Contents/Eclipse/plugins/com.st.stm32cube.ide.mcu.externaltools.gnu-tools-for-stm32.12.3.rel1.macos64_1.0.200.202406191456/tools/bin/../lib/gcc/arm-none-eabi/12.3.1/thumb/v7e-m+fp/hard/crtbegin.o
 .text          0x080001e0       0xa0 /Applications/STM32CubeIDE.app/Contents/Eclipse/plugins/com.st.stm32cube.ide.mcu.externaltools.gnu-tools-for-stm32.12.3.rel1.macos64_1.0.200.202406191456/tools/bin/../lib/gcc/arm-none-eabi/12.3.1/../../../../arm-none-eabi/lib/thumb/v7e-m+fp/hard/libc_nano.a(libc_a-memchr.o)
                0x080001e0                memchr
 .text          0x08000280       0x10 /Applications/STM32CubeIDE.app/Contents/Eclipse/plugins/com.st.stm32cube.ide.mcu.externaltools.gnu-tools-for-stm32.12.3.rel1.macos64_1.0.200.202406191456/tools/bin/../lib/gcc/arm-none-eabi/12.3.1/../../../../arm-none-eabi/lib/thumb/v7e-m+fp/hard/libc_nano.a(libc_a-strlen.o)
                0x08000280                strlen
 .text          0x08000290      0x378 /Applications/STM32CubeIDE.app/Contents/Eclipse/plugins/com.st.stm32cube.ide.mcu.externaltools.gnu-tools-for-stm32.12.3.rel1.macos64_1.0.200.202406191456/tools/bin/../lib/gcc/arm-none-eabi/12.3.1/thumb/v7e-m+fp/hard/libgcc.a(_arm_addsubdf3.o)
                0x08000290                __aeabi_drsub
                0x08000298                __subdf3
                0x08000298                __aeabi_dsub
                0x0800029c                __aeabi_dadd
                0x0800029c                __adddf3
                0x08000514                __aeabi_ui2d
                0x08000514                __floatunsidf
                0x08000534                __floatsidf
                0x08000534                __aeabi_i2d
                0x08000558                __extendsfdf2
                0x08000558                __aeabi_f2d
                0x0800059c                __aeabi_ul2d
                0x0800059c                __floatundidf
                0x080005ac                __aeabi_l2d
                0x080005ac                __floatdidf
 .text          0x08000608      0x424 /Applications/STM32CubeIDE.app/Contents/Eclipse/plugins/com.st.stm32cube.ide.mcu.externaltools.gnu-tools-for-stm32.12.3.rel1.macos64_1.0.200.202406191456/tools/bin/../lib/gcc/arm-none-eabi/12.3.1/thumb/v7e-m+fp/hard/libgcc.a(_arm_muldivdf3.o)
                0x08000608                __aeabi_dmul
                0x08000608                __muldf3
                0x0800085c                __aeabi_ddiv
                0x0800085c                __divdf3
 .text          0x08000a2c      0x110 /Applications/STM32CubeIDE.app/Contents/Eclipse/plugins/com.st.stm32cube.ide.mcu.externaltools.gnu-tools-for-stm32.12.3.rel1.macos64_1.0.200.202406191456/tools/bin/../lib/gcc/arm-none-eabi/12.3.1/thumb/v7e-m+fp/hard/libgcc.a(_arm_cmpdf2.o)
                0x08000a2c                __gedf2
                0x08000a2c                __gtdf2
                0x08000a34                __ledf2
                0x08000a34                __ltdf2
                0x08000a3c                __cmpdf2
                0x08000a3c                __eqdf2
                0x08000a3c                __nedf2
                0x08000ab8                __aeabi_cdrcmple
                0x08000ac8                __aeabi_cdcmple
                0x08000ac8                __aeabi_cdcmpeq
                0x08000ad8                __aeabi_dcmpeq
                0x08000aec                __aeabi_dcmplt
                0x08000b00                __aeabi_dcmple
                0x08000b14                __aeabi_dcmpge
                0x08000b28                __aeabi_dcmpgt
 .text          0x08000b3c       0x2c /Applications/STM32CubeIDE.app/Contents/Eclipse/plugins/com.st.stm32cube.ide.mcu.externaltools.gnu-tools-for-stm32.12.3.rel1.macos64_1.0.200.202406191456/tools/bin/../lib/gcc/arm-none-eabi/12.3.1/thumb/v7e-m+fp/hard/libgcc.a(_arm_unorddf2.o)
                0x08000b3c                __aeabi_dcmpun
                0x08000b3c                __unorddf2
 .text          0x08000b68       0x50 /Applications/STM32CubeIDE.app/Contents/Eclipse/plugins/com.st.stm32cube.ide.mcu.externaltools.gnu-tools-for-stm32.12.3.rel1.macos64_1.0.200.202406191456/tools/bin/../lib/gcc/arm-none-eabi/12.3.1/thumb/v7e-m+fp/hard/libgcc.a(_arm_fixdfsi.o)
                0x08000b68                __fixdfsi
                0x08000b68                __aeabi_d2iz
 .text          0x08000bb8       0xa0 /Applications/STM32CubeIDE.app/Contents/Eclipse/plugins/com.st.stm32cube.ide.mcu.externaltools.gnu-tools-for-stm32.12.3.rel1.macos64_1.0.200.202406191456/tools/bin/../lib/gcc/arm-none-eabi/12.3.1/thumb/v7e-m+fp/hard/libgcc.a(_arm_truncdfsf2.o)
                0x08000bb8                __aeabi_d2f
                0x08000bb8                __truncdfsf2
 .text          0x08000c58       0x30 /Applications/STM32CubeIDE.app/Contents/Eclipse/plugins/com.st.stm32cube.ide.mcu.externaltools.gnu-tools-for-stm32.12.3.rel1.macos64_1.0.200.202406191456/tools/bin/../lib/gcc/arm-none-eabi/12.3.1/thumb/v7e-m+fp/hard/libgcc.a(_aeabi_uldivmod.o)
                0x08000c58                __aeabi_uldivmod
 .text          0x08000c88      0x2bc /Applications/STM32CubeIDE.app/Contents/Eclipse/plugins/com.st.stm32cube.ide.mcu.externaltools.gnu-tools-for-stm32.12.3.rel1.macos64_1.0.200.202406191456/tools/bin/../lib/gcc/arm-none-eabi/12.3.1/thumb/v7e-m+fp/hard/libgcc.a(_udivmoddi4.o)
                0x08000c88                __udivmoddi4
 .text          0x08000f44        0x4 /Applications/STM32CubeIDE.app/Contents/Eclipse/plugins/com.st.stm32cube.ide.mcu.externaltools.gnu-tools-for-stm32.12.3.rel1.macos64_1.0.200.202406191456/tools/bin/../lib/gcc/arm-none-eabi/12.3.1/thumb/v7e-m+fp/hard/libgcc.a(_dvmd_tls.o)
                0x08000f44                __aeabi_ldiv0
                0x08000f44                __aeabi_idiv0
 *(.text*)
 .text.Reset_Handler
                0x08000f48       0x50 ./Application/Startup/startup_stm32f401retx.o
                0x08000f48                Reset_Handler
 .text.Default_Handler
                0x08000f98        0x2 ./Application/Startup/startup_stm32f401retx.o
                0x08000f98                DMA1_Stream3_IRQHandler
                0x08000f98                EXTI2_IRQHandler
                0x08000f98                SPI4_IRQHandler
                0x08000f98                TIM1_CC_IRQHandler
                0x08000f98                DMA2_Stream5_IRQHandler
                0x08000f98                DMA1_Stream5_IRQHandler
                0x08000f98                PVD_IRQHandler
                0x08000f98                SDIO_IRQHandler
                0x08000f98                TAMP_STAMP_IRQHandler
                0x08000f98                EXTI3_IRQHandler
                0x08000f98                TIM1_UP_TIM10_IRQHandler
                0x08000f98                I2C3_ER_IRQHandler
                0x08000f98                EXTI0_IRQHandler
                0x08000f98                I2C2_EV_IRQHandler
                0x08000f98                DMA1_Stream2_IRQHandler
                0x08000f98                FPU_IRQHandler
                0x08000f98                DMA2_Stream2_IRQHandler
                0x08000f98                SPI1_IRQHandler
                0x08000f98                TIM1_BRK_TIM9_IRQHandler
                0x08000f98                DMA2_Stream3_IRQHandler
                0x08000f98                USART6_IRQHandler
                0x08000f98                DMA2_Stream0_IRQHandler
                0x08000f98                TIM4_IRQHandler
                0x08000f98                I2C1_EV_IRQHandler
                0x08000f98                DMA1_Stream6_IRQHandler
                0x08000f98                DMA1_Stream1_IRQHandler
                0x08000f98                TIM3_IRQHandler
                0x08000f98                RCC_IRQHandler
                0x08000f98                Default_Handler
                0x08000f98                ADC_IRQHandler
                0x08000f98                DMA1_Stream7_IRQHandler
                0x08000f98                TIM5_IRQHandler
                0x08000f98                DMA2_Stream7_IRQHandler
                0x08000f98                I2C3_EV_IRQHandler
                0x08000f98                EXTI9_5_IRQHandler
                0x08000f98                RTC_WKUP_IRQHandler
                0x08000f98                SPI2_IRQHandler
                0x08000f98                DMA1_Stream0_IRQHandler
                0x08000f98                WWDG_IRQHandler
                0x08000f98                TIM2_IRQHandler
                0x08000f98                OTG_FS_WKUP_IRQHandler
                0x08000f98                EXTI1_IRQHandler
                0x08000f98                USART2_IRQHandler
                0x08000f98                I2C2_ER_IRQHandler
                0x08000f98                DMA2_Stream1_IRQHandler
                0x08000f98                FLASH_IRQHandler
                0x08000f98                DMA2_Stream4_IRQHandler
                0x08000f98                USART1_IRQHandler
                0x08000f98                OTG_FS_IRQHandler
                0x08000f98                SPI3_IRQHandler
                0x08000f98                DMA1_Stream4_IRQHandler
                0x08000f98                I2C1_ER_IRQHandler
                0x08000f98                DMA2_Stream6_IRQHandler
                0x08000f98                RTC_Alarm_IRQHandler
 .text.MPUXX50_Init
                0x08000f9a        0x8 ./Application/User/MPUXX50.o
                0x08000f9a                MPUXX50_Init
 .text.MPUXX50_WriteAccFullScaleRange
                0x08000fa2       0x4e ./Application/User/MPUXX50.o
                0x08000fa2                MPUXX50_WriteAccFullScaleRange
 .text.MPUXX50_WriteGyroFullScaleRange
                0x08000ff0       0x58 ./Application/User/MPUXX50.o
                0x08000ff0                MPUXX50_WriteGyroFullScaleRange
 .text.MPUXX50_Begin
                0x08001048       0x7a ./Application/User/MPUXX50.o
                0x08001048                MPUXX50_Begin
 .text.MPUXX50_SetGyroFullScaleRange
                0x080010c2        0x4 ./Application/User/MPUXX50.o
                0x080010c2                MPUXX50_SetGyroFullScaleRange
 .text.MPUXX50_SetAccFullScaleRange
                0x080010c6        0x4 ./Application/User/MPUXX50.o
                0x080010c6                MPUXX50_SetAccFullScaleRange
 .text.MPUXX50_SetDeltaTime
                0x080010ca        0x6 ./Application/User/MPUXX50.o
                0x080010ca                MPUXX50_SetDeltaTime
 .text.MPUXX50_SetTau
                0x080010d0        0x6 ./Application/User/MPUXX50.o
                0x080010d0                MPUXX50_SetTau
 .text.MPUXX50_ReadRawData
                0x080010d6       0x58 ./Application/User/MPUXX50.o
                0x080010d6                MPUXX50_ReadRawData
 .text.MPUXX50_CalibrateGyro
                0x0800112e       0x80 ./Application/User/MPUXX50.o
                0x0800112e                MPUXX50_CalibrateGyro
 .text.MPUXX50_ProcessData
                0x080011ae       0xac ./Application/User/MPUXX50.o
                0x080011ae                MPUXX50_ProcessData
 *fill*         0x0800125a        0x6 
 .text.MPUXX50_CalcAttitude
                0x08001260      0x140 ./Application/User/MPUXX50.o
                0x08001260                MPUXX50_CalcAttitude
 .text.print_result.constprop.0
                0x080013a0       0xf4 ./Application/User/app_tof.o
 .text.MX_TOF_Init
                0x08001494       0x34 ./Application/User/app_tof.o
                0x08001494                MX_TOF_Init
 .text.MX_TOF_Process
                0x080014c8      0x100 ./Application/User/app_tof.o
                0x080014c8                MX_TOF_Process
 .text.HAL_GPIO_EXTI_Callback
                0x080015c8       0x10 ./Application/User/app_tof_pin_conf.o
                0x080015c8                HAL_GPIO_EXTI_Callback
 .text.CUSTOM_RANGING_SENSOR_Init
                0x080015d8       0xec ./Application/User/custom_ranging_sensor.o
                0x080015d8                CUSTOM_RANGING_SENSOR_Init
 .text.CUSTOM_RANGING_SENSOR_ReadID
                0x080016c4       0x2c ./Application/User/custom_ranging_sensor.o
                0x080016c4                CUSTOM_RANGING_SENSOR_ReadID
 .text.CUSTOM_RANGING_SENSOR_GetCapabilities
                0x080016f0       0x2c ./Application/User/custom_ranging_sensor.o
                0x080016f0                CUSTOM_RANGING_SENSOR_GetCapabilities
 .text.CUSTOM_RANGING_SENSOR_ConfigProfile
                0x0800171c       0x2c ./Application/User/custom_ranging_sensor.o
                0x0800171c                CUSTOM_RANGING_SENSOR_ConfigProfile
 .text.CUSTOM_RANGING_SENSOR_GetDistance
                0x08001748       0x2c ./Application/User/custom_ranging_sensor.o
                0x08001748                CUSTOM_RANGING_SENSOR_GetDistance
 .text.CUSTOM_RANGING_SENSOR_Start
                0x08001774       0x2c ./Application/User/custom_ranging_sensor.o
                0x08001774                CUSTOM_RANGING_SENSOR_Start
 .text.CUSTOM_RANGING_SENSOR_Stop
                0x080017a0       0x2c ./Application/User/custom_ranging_sensor.o
                0x080017a0                CUSTOM_RANGING_SENSOR_Stop
 .text.SystemClock_Config
                0x080017cc       0xa0 ./Application/User/main.o
                0x080017cc                SystemClock_Config
 .text.startup.main
                0x0800186c      0x224 ./Application/User/main.o
                0x0800186c                main
 .text.HAL_TIM_PeriodElapsedCallback
                0x08001a90       0x8c ./Application/User/main.o
                0x08001a90                HAL_TIM_PeriodElapsedCallback
 .text.HAL_MspInit
                0x08001b1c       0x3c ./Application/User/stm32f4xx_hal_msp.o
                0x08001b1c                HAL_MspInit
 .text.HAL_I2C_MspInit
                0x08001b58       0x9c ./Application/User/stm32f4xx_hal_msp.o
                0x08001b58                HAL_I2C_MspInit
 .text.HAL_I2C_MspDeInit
                0x08001bf4       0x3c ./Application/User/stm32f4xx_hal_msp.o
                0x08001bf4                HAL_I2C_MspDeInit
 .text.HAL_TIM_Base_MspInit
                0x08001c30       0x54 ./Application/User/stm32f4xx_hal_msp.o
                0x08001c30                HAL_TIM_Base_MspInit
 .text.NMI_Handler
                0x08001c84        0x2 ./Application/User/stm32f4xx_it.o
                0x08001c84                NMI_Handler
 .text.HardFault_Handler
                0x08001c86        0x2 ./Application/User/stm32f4xx_it.o
                0x08001c86                HardFault_Handler
 .text.MemManage_Handler
                0x08001c88        0x2 ./Application/User/stm32f4xx_it.o
                0x08001c88                MemManage_Handler
 .text.BusFault_Handler
                0x08001c8a        0x2 ./Application/User/stm32f4xx_it.o
                0x08001c8a                BusFault_Handler
 .text.UsageFault_Handler
                0x08001c8c        0x2 ./Application/User/stm32f4xx_it.o
                0x08001c8c                UsageFault_Handler
 .text.SVC_Handler
                0x08001c8e        0x2 ./Application/User/stm32f4xx_it.o
                0x08001c8e                SVC_Handler
 .text.DebugMon_Handler
                0x08001c90        0x2 ./Application/User/stm32f4xx_it.o
                0x08001c90                DebugMon_Handler
 .text.PendSV_Handler
                0x08001c92        0x2 ./Application/User/stm32f4xx_it.o
                0x08001c92                PendSV_Handler
 .text.SysTick_Handler
                0x08001c94        0x4 ./Application/User/stm32f4xx_it.o
                0x08001c94                SysTick_Handler
 .text.EXTI4_IRQHandler
                0x08001c98        0x6 ./Application/User/stm32f4xx_it.o
                0x08001c98                EXTI4_IRQHandler
 *fill*         0x08001c9e        0x2 
 .text.TIM1_TRG_COM_TIM11_IRQHandler
                0x08001ca0        0xc ./Application/User/stm32f4xx_it.o
                0x08001ca0                TIM1_TRG_COM_TIM11_IRQHandler
 .text.EXTI15_10_IRQHandler
                0x08001cac        0x8 ./Application/User/stm32f4xx_it.o
                0x08001cac                EXTI15_10_IRQHandler
 .text.MX_USART2_UART_Init
                0x08001cb4       0x2c ./Application/User/stm32f4xx_nucleo.o
                0x08001cb4                MX_USART2_UART_Init
 .text.BSP_COM_Init
                0x08001ce0       0x9c ./Application/User/stm32f4xx_nucleo.o
                0x08001ce0                BSP_COM_Init
 .text.__io_putchar
                0x08001d7c       0x2c ./Application/User/stm32f4xx_nucleo.o
                0x08001d7c                __io_putchar
 .text.BSP_I2C1_DeInit
                0x08001da8       0x54 ./Application/User/stm32f4xx_nucleo_bus.o
                0x08001da8                BSP_I2C1_DeInit
 .text.BSP_I2C1_WriteReg16
                0x08001dfc       0x34 ./Application/User/stm32f4xx_nucleo_bus.o
                0x08001dfc                BSP_I2C1_WriteReg16
 .text.BSP_I2C1_ReadReg16
                0x08001e30       0x34 ./Application/User/stm32f4xx_nucleo_bus.o
                0x08001e30                BSP_I2C1_ReadReg16
 .text.BSP_GetTick
                0x08001e64        0x4 ./Application/User/stm32f4xx_nucleo_bus.o
                0x08001e64                BSP_GetTick
 .text.MX_I2C1_Init
                0x08001e68       0x34 ./Application/User/stm32f4xx_nucleo_bus.o
                0x08001e68                MX_I2C1_Init
 .text.BSP_I2C1_Init
                0x08001e9c       0xb4 ./Application/User/stm32f4xx_nucleo_bus.o
                0x08001e9c                BSP_I2C1_Init
 .text._getpid  0x08001f50        0x4 ./Application/User/syscalls.o
                0x08001f50                _getpid
 .text._kill    0x08001f54       0x10 ./Application/User/syscalls.o
                0x08001f54                _kill
 .text._exit    0x08001f64        0xc ./Application/User/syscalls.o
                0x08001f64                _exit
 .text._read    0x08001f70       0x1c ./Application/User/syscalls.o
                0x08001f70                _read
 .text._write   0x08001f8c       0x1c ./Application/User/syscalls.o
                0x08001f8c                _write
 .text._close   0x08001fa8        0x6 ./Application/User/syscalls.o
                0x08001fa8                _close
 .text._fstat   0x08001fae        0xa ./Application/User/syscalls.o
                0x08001fae                _fstat
 .text._isatty  0x08001fb8        0x4 ./Application/User/syscalls.o
                0x08001fb8                _isatty
 .text._lseek   0x08001fbc        0x4 ./Application/User/syscalls.o
                0x08001fbc                _lseek
 .text._sbrk    0x08001fc0       0x40 ./Application/User/sysmem.o
                0x08001fc0                _sbrk
 .text.VL53L8CX_RdByte
                0x08002000        0xe ./Drivers/BSP/Components/platform.o
                0x08002000                VL53L8CX_RdByte
 .text.VL53L8CX_WrByte
                0x0800200e       0x18 ./Drivers/BSP/Components/platform.o
                0x0800200e                VL53L8CX_WrByte
 .text.VL53L8CX_WrMulti
                0x08002026        0xe ./Drivers/BSP/Components/platform.o
                0x08002026                VL53L8CX_WrMulti
 .text.VL53L8CX_RdMulti
                0x08002034        0xe ./Drivers/BSP/Components/platform.o
                0x08002034                VL53L8CX_RdMulti
 .text.VL53L8CX_SwapBuffer
                0x08002042       0x26 ./Drivers/BSP/Components/platform.o
                0x08002042                VL53L8CX_SwapBuffer
 .text.VL53L8CX_WaitMs
                0x08002068       0x1a ./Drivers/BSP/Components/platform.o
                0x08002068                VL53L8CX_WaitMs
 .text.VL53L8CX_DeInit
                0x08002082       0x28 ./Drivers/BSP/Components/vl53l8cx.o
                0x08002082                VL53L8CX_DeInit
 .text.VL53L8CX_GetCapabilities
                0x080020aa       0x1a ./Drivers/BSP/Components/vl53l8cx.o
                0x080020aa                VL53L8CX_GetCapabilities
 .text.VL53L8CX_ConfigROI
                0x080020c4        0x6 ./Drivers/BSP/Components/vl53l8cx.o
                0x080020c4                VL53L8CX_ConfigROI
 .text.VL53L8CX_GetAddress
                0x080020ca       0x12 ./Drivers/BSP/Components/vl53l8cx.o
                0x080020ca                VL53L8CX_GetAddress
 .text.VL53L8CX_Init
                0x080020dc       0x2e ./Drivers/BSP/Components/vl53l8cx.o
                0x080020dc                VL53L8CX_Init
 .text.VL53L8CX_ReadID
                0x0800210a       0x78 ./Drivers/BSP/Components/vl53l8cx.o
                0x0800210a                VL53L8CX_ReadID
 *fill*         0x08002182        0x2 
 .text.VL53L8CX_ConfigProfile
                0x08002184       0x8c ./Drivers/BSP/Components/vl53l8cx.o
                0x08002184                VL53L8CX_ConfigProfile
 .text.VL53L8CX_ConfigIT
                0x08002210       0xa0 ./Drivers/BSP/Components/vl53l8cx.o
                0x08002210                VL53L8CX_ConfigIT
 .text.vl53l8cx_poll_for_measurement
                0x080022b0       0x46 ./Drivers/BSP/Components/vl53l8cx.o
 *fill*         0x080022f6        0x2 
 .text.VL53L8CX_GetDistance
                0x080022f8      0x118 ./Drivers/BSP/Components/vl53l8cx.o
                0x080022f8                VL53L8CX_GetDistance
 .text.VL53L8CX_Start
                0x08002410       0x4e ./Drivers/BSP/Components/vl53l8cx.o
                0x08002410                VL53L8CX_Start
 .text.VL53L8CX_Stop
                0x0800245e       0x28 ./Drivers/BSP/Components/vl53l8cx.o
                0x0800245e                VL53L8CX_Stop
 .text.VL53L8CX_SetAddress
                0x08002486       0x22 ./Drivers/BSP/Components/vl53l8cx.o
                0x08002486                VL53L8CX_SetAddress
 .text.VL53L8CX_SetPowerMode
                0x080024a8       0x20 ./Drivers/BSP/Components/vl53l8cx.o
                0x080024a8                VL53L8CX_SetPowerMode
 .text.VL53L8CX_GetPowerMode
                0x080024c8       0x2e ./Drivers/BSP/Components/vl53l8cx.o
                0x080024c8                VL53L8CX_GetPowerMode
 .text.VL53L8CX_RegisterBusIO
                0x080024f6       0x3a ./Drivers/BSP/Components/vl53l8cx.o
                0x080024f6                VL53L8CX_RegisterBusIO
 .text._vl53l8cx_poll_for_answer
                0x08002530       0x72 ./Drivers/BSP/Components/vl53l8cx_api.o
 *fill*         0x080025a2        0x2 
 .text._vl53l8cx_send_offset_data
                0x080025a4      0x164 ./Drivers/BSP/Components/vl53l8cx_api.o
 .text._vl53l8cx_send_xtalk_data
                0x08002708      0x10c ./Drivers/BSP/Components/vl53l8cx_api.o
 .text.vl53l8cx_set_i2c_address
                0x08002814       0x36 ./Drivers/BSP/Components/vl53l8cx_api.o
                0x08002814                vl53l8cx_set_i2c_address
 .text.vl53l8cx_get_power_mode
                0x0800284a       0x6c ./Drivers/BSP/Components/vl53l8cx_api.o
                0x0800284a                vl53l8cx_get_power_mode
 .text.vl53l8cx_stop_ranging
                0x080028b6      0x112 ./Drivers/BSP/Components/vl53l8cx_api.o
                0x080028b6                vl53l8cx_stop_ranging
 .text.vl53l8cx_check_data_ready
                0x080029c8       0x62 ./Drivers/BSP/Components/vl53l8cx_api.o
                0x080029c8                vl53l8cx_check_data_ready
 .text.vl53l8cx_get_ranging_data
                0x08002a2a      0x1e6 ./Drivers/BSP/Components/vl53l8cx_api.o
                0x08002a2a                vl53l8cx_get_ranging_data
 .text.vl53l8cx_dci_read_data
                0x08002c10       0xa8 ./Drivers/BSP/Components/vl53l8cx_api.o
                0x08002c10                vl53l8cx_dci_read_data
 .text.vl53l8cx_get_resolution
                0x08002cb8       0x24 ./Drivers/BSP/Components/vl53l8cx_api.o
                0x08002cb8                vl53l8cx_get_resolution
 .text.vl53l8cx_dci_write_data
                0x08002cdc       0xbc ./Drivers/BSP/Components/vl53l8cx_api.o
                0x08002cdc                vl53l8cx_dci_write_data
 .text.vl53l8cx_init
                0x08002d98      0x5e4 ./Drivers/BSP/Components/vl53l8cx_api.o
                0x08002d98                vl53l8cx_init
 .text.vl53l8cx_set_power_mode
                0x0800337c      0x11a ./Drivers/BSP/Components/vl53l8cx_api.o
                0x0800337c                vl53l8cx_set_power_mode
 *fill*         0x08003496        0x2 
 .text.vl53l8cx_start_ranging
                0x08003498      0x194 ./Drivers/BSP/Components/vl53l8cx_api.o
                0x08003498                vl53l8cx_start_ranging
 .text.vl53l8cx_set_resolution
                0x0800362c       0xe6 ./Drivers/BSP/Components/vl53l8cx_api.o
                0x0800362c                vl53l8cx_set_resolution
 .text.vl53l8cx_set_ranging_mode
                0x08003712       0x68 ./Drivers/BSP/Components/vl53l8cx_api.o
                0x08003712                vl53l8cx_set_ranging_mode
 .text.vl53l8cx_dci_replace_data
                0x0800377a       0x36 ./Drivers/BSP/Components/vl53l8cx_api.o
                0x0800377a                vl53l8cx_dci_replace_data
 .text.vl53l8cx_set_ranging_frequency_hz
                0x080037b0       0x26 ./Drivers/BSP/Components/vl53l8cx_api.o
                0x080037b0                vl53l8cx_set_ranging_frequency_hz
 .text.vl53l8cx_set_integration_time_ms
                0x080037d6       0x38 ./Drivers/BSP/Components/vl53l8cx_api.o
                0x080037d6                vl53l8cx_set_integration_time_ms
 .text.vl53l8cx_set_detection_thresholds_enable
                0x0800380e       0x64 ./Drivers/BSP/Components/vl53l8cx_plugin_detection_thresholds.o
                0x0800380e                vl53l8cx_set_detection_thresholds_enable
 *fill*         0x08003872        0x2 
 .text.vl53l8cx_set_detection_thresholds
                0x08003874       0xc8 ./Drivers/BSP/Components/vl53l8cx_plugin_detection_thresholds.o
                0x08003874                vl53l8cx_set_detection_thresholds
 .text.SystemInit
                0x0800393c       0x14 ./Drivers/CMSIS/system_stm32f4xx.o
                0x0800393c                SystemInit
 .text.HAL_InitTick
                0x08003950       0x48 ./Drivers/STM32F4xx_HAL_Driver/stm32f4xx_hal.o
                0x08003950                HAL_InitTick
 .text.HAL_Init
                0x08003998       0x34 ./Drivers/STM32F4xx_HAL_Driver/stm32f4xx_hal.o
                0x08003998                HAL_Init
 .text.HAL_IncTick
                0x080039cc       0x18 ./Drivers/STM32F4xx_HAL_Driver/stm32f4xx_hal.o
                0x080039cc                HAL_IncTick
 .text.HAL_GetTick
                0x080039e4        0xc ./Drivers/STM32F4xx_HAL_Driver/stm32f4xx_hal.o
                0x080039e4                HAL_GetTick
 .text.HAL_Delay
                0x080039f0       0x28 ./Drivers/STM32F4xx_HAL_Driver/stm32f4xx_hal.o
                0x080039f0                HAL_Delay
 .text.HAL_SuspendTick
                0x08003a18        0xe ./Drivers/STM32F4xx_HAL_Driver/stm32f4xx_hal.o
                0x08003a18                HAL_SuspendTick
 .text.HAL_ResumeTick
                0x08003a26        0xe ./Drivers/STM32F4xx_HAL_Driver/stm32f4xx_hal.o
                0x08003a26                HAL_ResumeTick
 .text.HAL_NVIC_SetPriorityGrouping
                0x08003a34       0x24 ./Drivers/STM32F4xx_HAL_Driver/stm32f4xx_hal_cortex.o
                0x08003a34                HAL_NVIC_SetPriorityGrouping
 .text.HAL_NVIC_SetPriority
                0x08003a58       0x64 ./Drivers/STM32F4xx_HAL_Driver/stm32f4xx_hal_cortex.o
                0x08003a58                HAL_NVIC_SetPriority
 .text.HAL_NVIC_EnableIRQ
                0x08003abc       0x1c ./Drivers/STM32F4xx_HAL_Driver/stm32f4xx_hal_cortex.o
                0x08003abc                HAL_NVIC_EnableIRQ
 .text.HAL_SYSTICK_Config
                0x08003ad8       0x28 ./Drivers/STM32F4xx_HAL_Driver/stm32f4xx_hal_cortex.o
                0x08003ad8                HAL_SYSTICK_Config
 .text.HAL_GPIO_Init
                0x08003b00      0x18c ./Drivers/STM32F4xx_HAL_Driver/stm32f4xx_hal_gpio.o
                0x08003b00                HAL_GPIO_Init
 .text.HAL_GPIO_DeInit
                0x08003c8c       0xf8 ./Drivers/STM32F4xx_HAL_Driver/stm32f4xx_hal_gpio.o
                0x08003c8c                HAL_GPIO_DeInit
 .text.HAL_GPIO_WritePin
                0x08003d84        0xa ./Drivers/STM32F4xx_HAL_Driver/stm32f4xx_hal_gpio.o
                0x08003d84                HAL_GPIO_WritePin
 *fill*         0x08003d8e        0x2 
 .text.HAL_GPIO_EXTI_IRQHandler
                0x08003d90       0x18 ./Drivers/STM32F4xx_HAL_Driver/stm32f4xx_hal_gpio.o
                0x08003d90                HAL_GPIO_EXTI_IRQHandler
 .text.I2C_IsAcknowledgeFailed
                0x08003da8       0x34 ./Drivers/STM32F4xx_HAL_Driver/stm32f4xx_hal_i2c.o
 .text.I2C_WaitOnFlagUntilTimeout
                0x08003ddc       0x80 ./Drivers/STM32F4xx_HAL_Driver/stm32f4xx_hal_i2c.o
 .text.I2C_WaitOnMasterAddressFlagUntilTimeout
                0x08003e5c       0x84 ./Drivers/STM32F4xx_HAL_Driver/stm32f4xx_hal_i2c.o
 .text.I2C_WaitOnTXEFlagUntilTimeout
                0x08003ee0       0x54 ./Drivers/STM32F4xx_HAL_Driver/stm32f4xx_hal_i2c.o
 .text.I2C_RequestMemoryWrite
                0x08003f34       0xb4 ./Drivers/STM32F4xx_HAL_Driver/stm32f4xx_hal_i2c.o
 .text.I2C_RequestMemoryRead
                0x08003fe8      0x104 ./Drivers/STM32F4xx_HAL_Driver/stm32f4xx_hal_i2c.o
 .text.I2C_WaitOnBTFFlagUntilTimeout
                0x080040ec       0x54 ./Drivers/STM32F4xx_HAL_Driver/stm32f4xx_hal_i2c.o
 .text.I2C_WaitOnRXNEFlagUntilTimeout
                0x08004140       0x66 ./Drivers/STM32F4xx_HAL_Driver/stm32f4xx_hal_i2c.o
 *fill*         0x080041a6        0x2 
 .text.HAL_I2C_Init
                0x080041a8      0x150 ./Drivers/STM32F4xx_HAL_Driver/stm32f4xx_hal_i2c.o
                0x080041a8                HAL_I2C_Init
 .text.HAL_I2C_DeInit
                0x080042f8       0x32 ./Drivers/STM32F4xx_HAL_Driver/stm32f4xx_hal_i2c.o
                0x080042f8                HAL_I2C_DeInit
 *fill*         0x0800432a        0x2 
 .text.HAL_I2C_Mem_Write
                0x0800432c      0x120 ./Drivers/STM32F4xx_HAL_Driver/stm32f4xx_hal_i2c.o
                0x0800432c                HAL_I2C_Mem_Write
 .text.HAL_I2C_Mem_Read
                0x0800444c      0x220 ./Drivers/STM32F4xx_HAL_Driver/stm32f4xx_hal_i2c.o
                0x0800444c                HAL_I2C_Mem_Read
 .text.HAL_I2C_GetState
                0x0800466c        0x6 ./Drivers/STM32F4xx_HAL_Driver/stm32f4xx_hal_i2c.o
                0x0800466c                HAL_I2C_GetState
 .text.HAL_I2C_GetError
                0x08004672        0x4 ./Drivers/STM32F4xx_HAL_Driver/stm32f4xx_hal_i2c.o
                0x08004672                HAL_I2C_GetError
 *fill*         0x08004676        0x2 
 .text.HAL_RCC_OscConfig
                0x08004678      0x35c ./Drivers/STM32F4xx_HAL_Driver/stm32f4xx_hal_rcc.o
                0x08004678                HAL_RCC_OscConfig
 .text.HAL_RCC_GetSysClockFreq
                0x080049d4       0x5c ./Drivers/STM32F4xx_HAL_Driver/stm32f4xx_hal_rcc.o
                0x080049d4                HAL_RCC_GetSysClockFreq
 .text.HAL_RCC_ClockConfig
                0x08004a30      0x134 ./Drivers/STM32F4xx_HAL_Driver/stm32f4xx_hal_rcc.o
                0x08004a30                HAL_RCC_ClockConfig
 .text.HAL_RCC_GetPCLK1Freq
                0x08004b64       0x20 ./Drivers/STM32F4xx_HAL_Driver/stm32f4xx_hal_rcc.o
                0x08004b64                HAL_RCC_GetPCLK1Freq
 .text.HAL_RCC_GetPCLK2Freq
                0x08004b84       0x20 ./Drivers/STM32F4xx_HAL_Driver/stm32f4xx_hal_rcc.o
                0x08004b84                HAL_RCC_GetPCLK2Freq
 .text.HAL_TIM_Base_Start_IT
                0x08004ba4       0x64 ./Drivers/STM32F4xx_HAL_Driver/stm32f4xx_hal_tim.o
                0x08004ba4                HAL_TIM_Base_Start_IT
 .text.HAL_TIM_OC_DelayElapsedCallback
                0x08004c08        0x2 ./Drivers/STM32F4xx_HAL_Driver/stm32f4xx_hal_tim.o
                0x08004c08                HAL_TIM_OC_DelayElapsedCallback
 .text.HAL_TIM_IC_CaptureCallback
                0x08004c0a        0x2 ./Drivers/STM32F4xx_HAL_Driver/stm32f4xx_hal_tim.o
                0x08004c0a                HAL_TIM_IC_CaptureCallback
 .text.HAL_TIM_PWM_PulseFinishedCallback
                0x08004c0c        0x2 ./Drivers/STM32F4xx_HAL_Driver/stm32f4xx_hal_tim.o
                0x08004c0c                HAL_TIM_PWM_PulseFinishedCallback
 .text.HAL_TIM_TriggerCallback
                0x08004c0e        0x2 ./Drivers/STM32F4xx_HAL_Driver/stm32f4xx_hal_tim.o
                0x08004c0e                HAL_TIM_TriggerCallback
 .text.HAL_TIM_IRQHandler
                0x08004c10      0x128 ./Drivers/STM32F4xx_HAL_Driver/stm32f4xx_hal_tim.o
                0x08004c10                HAL_TIM_IRQHandler
 .text.TIM_Base_SetConfig
                0x08004d38       0xa8 ./Drivers/STM32F4xx_HAL_Driver/stm32f4xx_hal_tim.o
                0x08004d38                TIM_Base_SetConfig
 .text.HAL_TIM_Base_Init
                0x08004de0       0x58 ./Drivers/STM32F4xx_HAL_Driver/stm32f4xx_hal_tim.o
                0x08004de0                HAL_TIM_Base_Init
 .text.HAL_TIMEx_CommutCallback
                0x08004e38        0x2 ./Drivers/STM32F4xx_HAL_Driver/stm32f4xx_hal_tim_ex.o
                0x08004e38                HAL_TIMEx_CommutCallback
 .text.HAL_TIMEx_BreakCallback
                0x08004e3a        0x2 ./Drivers/STM32F4xx_HAL_Driver/stm32f4xx_hal_tim_ex.o
                0x08004e3a                HAL_TIMEx_BreakCallback
 .text.UART_EndRxTransfer
                0x08004e3c       0x5c ./Drivers/STM32F4xx_HAL_Driver/stm32f4xx_hal_uart.o
 .text.UART_SetConfig
                0x08004e98       0xbc ./Drivers/STM32F4xx_HAL_Driver/stm32f4xx_hal_uart.o
 .text.UART_WaitOnFlagUntilTimeout.constprop.0
                0x08004f54       0x64 ./Drivers/STM32F4xx_HAL_Driver/stm32f4xx_hal_uart.o
 .text.HAL_UART_MspInit
                0x08004fb8        0x2 ./Drivers/STM32F4xx_HAL_Driver/stm32f4xx_hal_uart.o
                0x08004fb8                HAL_UART_MspInit
 .text.HAL_UART_Init
                0x08004fba       0x5e ./Drivers/STM32F4xx_HAL_Driver/stm32f4xx_hal_uart.o
                0x08004fba                HAL_UART_Init
 .text.HAL_UART_Transmit
                0x08005018       0x9c ./Drivers/STM32F4xx_HAL_Driver/stm32f4xx_hal_uart.o
                0x08005018                HAL_UART_Transmit
 .text.HAL_UART_Receive
                0x080050b4       0xae ./Drivers/STM32F4xx_HAL_Driver/stm32f4xx_hal_uart.o
                0x080050b4                HAL_UART_Receive
 .text.__cvt    0x08005162       0xca /Applications/STM32CubeIDE.app/Contents/Eclipse/plugins/com.st.stm32cube.ide.mcu.externaltools.gnu-tools-for-stm32.12.3.rel1.macos64_1.0.200.202406191456/tools/bin/../lib/gcc/arm-none-eabi/12.3.1/../../../../arm-none-eabi/lib/thumb/v7e-m+fp/hard/libc_nano.a(libc_a-nano-vfprintf_float.o)
                0x08005162                __cvt
 .text.__exponent
                0x0800522c       0x74 /Applications/STM32CubeIDE.app/Contents/Eclipse/plugins/com.st.stm32cube.ide.mcu.externaltools.gnu-tools-for-stm32.12.3.rel1.macos64_1.0.200.202406191456/tools/bin/../lib/gcc/arm-none-eabi/12.3.1/../../../../arm-none-eabi/lib/thumb/v7e-m+fp/hard/libc_nano.a(libc_a-nano-vfprintf_float.o)
                0x0800522c                __exponent
 .text._printf_float
                0x080052a0      0x454 /Applications/STM32CubeIDE.app/Contents/Eclipse/plugins/com.st.stm32cube.ide.mcu.externaltools.gnu-tools-for-stm32.12.3.rel1.macos64_1.0.200.202406191456/tools/bin/../lib/gcc/arm-none-eabi/12.3.1/../../../../arm-none-eabi/lib/thumb/v7e-m+fp/hard/libc_nano.a(libc_a-nano-vfprintf_float.o)
                0x080052a0                _printf_float
 .text._printf_common
                0x080056f4       0xda /Applications/STM32CubeIDE.app/Contents/Eclipse/plugins/com.st.stm32cube.ide.mcu.externaltools.gnu-tools-for-stm32.12.3.rel1.macos64_1.0.200.202406191456/tools/bin/../lib/gcc/arm-none-eabi/12.3.1/../../../../arm-none-eabi/lib/thumb/v7e-m+fp/hard/libc_nano.a(libc_a-nano-vfprintf_i.o)
                0x080056f4                _printf_common
 *fill*         0x080057ce        0x2 
 .text._printf_i
                0x080057d0      0x240 /Applications/STM32CubeIDE.app/Contents/Eclipse/plugins/com.st.stm32cube.ide.mcu.externaltools.gnu-tools-for-stm32.12.3.rel1.macos64_1.0.200.202406191456/tools/bin/../lib/gcc/arm-none-eabi/12.3.1/../../../../arm-none-eabi/lib/thumb/v7e-m+fp/hard/libc_nano.a(libc_a-nano-vfprintf_i.o)
                0x080057d0                _printf_i
 .text.sprintf  0x08005a10       0x40 /Applications/STM32CubeIDE.app/Contents/Eclipse/plugins/com.st.stm32cube.ide.mcu.externaltools.gnu-tools-for-stm32.12.3.rel1.macos64_1.0.200.202406191456/tools/bin/../lib/gcc/arm-none-eabi/12.3.1/../../../../arm-none-eabi/lib/thumb/v7e-m+fp/hard/libc_nano.a(libc_a-sprintf.o)
                0x08005a10                sprintf
                0x08005a10                siprintf
 .text.std      0x08005a50       0x6c /Applications/STM32CubeIDE.app/Contents/Eclipse/plugins/com.st.stm32cube.ide.mcu.externaltools.gnu-tools-for-stm32.12.3.rel1.macos64_1.0.200.202406191456/tools/bin/../lib/gcc/arm-none-eabi/12.3.1/../../../../arm-none-eabi/lib/thumb/v7e-m+fp/hard/libc_nano.a(libc_a-findfp.o)
 .text.stdio_exit_handler
                0x08005abc       0x18 /Applications/STM32CubeIDE.app/Contents/Eclipse/plugins/com.st.stm32cube.ide.mcu.externaltools.gnu-tools-for-stm32.12.3.rel1.macos64_1.0.200.202406191456/tools/bin/../lib/gcc/arm-none-eabi/12.3.1/../../../../arm-none-eabi/lib/thumb/v7e-m+fp/hard/libc_nano.a(libc_a-findfp.o)
 .text.cleanup_stdio
                0x08005ad4       0x40 /Applications/STM32CubeIDE.app/Contents/Eclipse/plugins/com.st.stm32cube.ide.mcu.externaltools.gnu-tools-for-stm32.12.3.rel1.macos64_1.0.200.202406191456/tools/bin/../lib/gcc/arm-none-eabi/12.3.1/../../../../arm-none-eabi/lib/thumb/v7e-m+fp/hard/libc_nano.a(libc_a-findfp.o)
 .text.global_stdio_init.part.0
                0x08005b14       0x3c /Applications/STM32CubeIDE.app/Contents/Eclipse/plugins/com.st.stm32cube.ide.mcu.externaltools.gnu-tools-for-stm32.12.3.rel1.macos64_1.0.200.202406191456/tools/bin/../lib/gcc/arm-none-eabi/12.3.1/../../../../arm-none-eabi/lib/thumb/v7e-m+fp/hard/libc_nano.a(libc_a-findfp.o)
 .text.__sfp_lock_acquire
                0x08005b50        0xc /Applications/STM32CubeIDE.app/Contents/Eclipse/plugins/com.st.stm32cube.ide.mcu.externaltools.gnu-tools-for-stm32.12.3.rel1.macos64_1.0.200.202406191456/tools/bin/../lib/gcc/arm-none-eabi/12.3.1/../../../../arm-none-eabi/lib/thumb/v7e-m+fp/hard/libc_nano.a(libc_a-findfp.o)
                0x08005b50                __sfp_lock_acquire
 .text.__sfp_lock_release
                0x08005b5c        0xc /Applications/STM32CubeIDE.app/Contents/Eclipse/plugins/com.st.stm32cube.ide.mcu.externaltools.gnu-tools-for-stm32.12.3.rel1.macos64_1.0.200.202406191456/tools/bin/../lib/gcc/arm-none-eabi/12.3.1/../../../../arm-none-eabi/lib/thumb/v7e-m+fp/hard/libc_nano.a(libc_a-findfp.o)
                0x08005b5c                __sfp_lock_release
 .text.__sinit  0x08005b68       0x30 /Applications/STM32CubeIDE.app/Contents/Eclipse/plugins/com.st.stm32cube.ide.mcu.externaltools.gnu-tools-for-stm32.12.3.rel1.macos64_1.0.200.202406191456/tools/bin/../lib/gcc/arm-none-eabi/12.3.1/../../../../arm-none-eabi/lib/thumb/v7e-m+fp/hard/libc_nano.a(libc_a-findfp.o)
                0x08005b68                __sinit
 .text._fwalk_sglue
                0x08005b98       0x3c /Applications/STM32CubeIDE.app/Contents/Eclipse/plugins/com.st.stm32cube.ide.mcu.externaltools.gnu-tools-for-stm32.12.3.rel1.macos64_1.0.200.202406191456/tools/bin/../lib/gcc/arm-none-eabi/12.3.1/../../../../arm-none-eabi/lib/thumb/v7e-m+fp/hard/libc_nano.a(libc_a-fwalk.o)
                0x08005b98                _fwalk_sglue
 .text.printf   0x08005bd4       0x24 /Applications/STM32CubeIDE.app/Contents/Eclipse/plugins/com.st.stm32cube.ide.mcu.externaltools.gnu-tools-for-stm32.12.3.rel1.macos64_1.0.200.202406191456/tools/bin/../lib/gcc/arm-none-eabi/12.3.1/../../../../arm-none-eabi/lib/thumb/v7e-m+fp/hard/libc_nano.a(libc_a-printf.o)
                0x08005bd4                printf
                0x08005bd4                iprintf
 .text._puts_r  0x08005bf8       0xaa /Applications/STM32CubeIDE.app/Contents/Eclipse/plugins/com.st.stm32cube.ide.mcu.externaltools.gnu-tools-for-stm32.12.3.rel1.macos64_1.0.200.202406191456/tools/bin/../lib/gcc/arm-none-eabi/12.3.1/../../../../arm-none-eabi/lib/thumb/v7e-m+fp/hard/libc_nano.a(libc_a-puts.o)
                0x08005bf8                _puts_r
 *fill*         0x08005ca2        0x2 
 .text.puts     0x08005ca4       0x10 /Applications/STM32CubeIDE.app/Contents/Eclipse/plugins/com.st.stm32cube.ide.mcu.externaltools.gnu-tools-for-stm32.12.3.rel1.macos64_1.0.200.202406191456/tools/bin/../lib/gcc/arm-none-eabi/12.3.1/../../../../arm-none-eabi/lib/thumb/v7e-m+fp/hard/libc_nano.a(libc_a-puts.o)
                0x08005ca4                puts
 .text.memmove  0x08005cb4       0x34 /Applications/STM32CubeIDE.app/Contents/Eclipse/plugins/com.st.stm32cube.ide.mcu.externaltools.gnu-tools-for-stm32.12.3.rel1.macos64_1.0.200.202406191456/tools/bin/../lib/gcc/arm-none-eabi/12.3.1/../../../../arm-none-eabi/lib/thumb/v7e-m+fp/hard/libc_nano.a(libc_a-memmove.o)
                0x08005cb4                memmove
 .text.memset   0x08005ce8       0x10 /Applications/STM32CubeIDE.app/Contents/Eclipse/plugins/com.st.stm32cube.ide.mcu.externaltools.gnu-tools-for-stm32.12.3.rel1.macos64_1.0.200.202406191456/tools/bin/../lib/gcc/arm-none-eabi/12.3.1/../../../../arm-none-eabi/lib/thumb/v7e-m+fp/hard/libc_nano.a(libc_a-memset.o)
                0x08005ce8                memset
 .text._localeconv_r
                0x08005cf8        0x8 /Applications/STM32CubeIDE.app/Contents/Eclipse/plugins/com.st.stm32cube.ide.mcu.externaltools.gnu-tools-for-stm32.12.3.rel1.macos64_1.0.200.202406191456/tools/bin/../lib/gcc/arm-none-eabi/12.3.1/../../../../arm-none-eabi/lib/thumb/v7e-m+fp/hard/libc_nano.a(libc_a-localeconv.o)
                0x08005cf8                _localeconv_r
 .text.__errno  0x08005d00        0xc /Applications/STM32CubeIDE.app/Contents/Eclipse/plugins/com.st.stm32cube.ide.mcu.externaltools.gnu-tools-for-stm32.12.3.rel1.macos64_1.0.200.202406191456/tools/bin/../lib/gcc/arm-none-eabi/12.3.1/../../../../arm-none-eabi/lib/thumb/v7e-m+fp/hard/libc_nano.a(libc_a-errno.o)
                0x08005d00                __errno
 .text.__libc_init_array
                0x08005d0c       0x48 /Applications/STM32CubeIDE.app/Contents/Eclipse/plugins/com.st.stm32cube.ide.mcu.externaltools.gnu-tools-for-stm32.12.3.rel1.macos64_1.0.200.202406191456/tools/bin/../lib/gcc/arm-none-eabi/12.3.1/../../../../arm-none-eabi/lib/thumb/v7e-m+fp/hard/libc_nano.a(libc_a-init.o)
                0x08005d0c                __libc_init_array
 .text.__retarget_lock_init_recursive
                0x08005d54        0x2 /Applications/STM32CubeIDE.app/Contents/Eclipse/plugins/com.st.stm32cube.ide.mcu.externaltools.gnu-tools-for-stm32.12.3.rel1.macos64_1.0.200.202406191456/tools/bin/../lib/gcc/arm-none-eabi/12.3.1/../../../../arm-none-eabi/lib/thumb/v7e-m+fp/hard/libc_nano.a(libc_a-lock.o)
                0x08005d54                __retarget_lock_init_recursive
 .text.__retarget_lock_acquire_recursive
                0x08005d56        0x2 /Applications/STM32CubeIDE.app/Contents/Eclipse/plugins/com.st.stm32cube.ide.mcu.externaltools.gnu-tools-for-stm32.12.3.rel1.macos64_1.0.200.202406191456/tools/bin/../lib/gcc/arm-none-eabi/12.3.1/../../../../arm-none-eabi/lib/thumb/v7e-m+fp/hard/libc_nano.a(libc_a-lock.o)
                0x08005d56                __retarget_lock_acquire_recursive
 .text.__retarget_lock_release_recursive
                0x08005d58        0x2 /Applications/STM32CubeIDE.app/Contents/Eclipse/plugins/com.st.stm32cube.ide.mcu.externaltools.gnu-tools-for-stm32.12.3.rel1.macos64_1.0.200.202406191456/tools/bin/../lib/gcc/arm-none-eabi/12.3.1/../../../../arm-none-eabi/lib/thumb/v7e-m+fp/hard/libc_nano.a(libc_a-lock.o)
                0x08005d58                __retarget_lock_release_recursive
 .text.memcpy   0x08005d5a       0x1c /Applications/STM32CubeIDE.app/Contents/Eclipse/plugins/com.st.stm32cube.ide.mcu.externaltools.gnu-tools-for-stm32.12.3.rel1.macos64_1.0.200.202406191456/tools/bin/../lib/gcc/arm-none-eabi/12.3.1/../../../../arm-none-eabi/lib/thumb/v7e-m+fp/hard/libc_nano.a(libc_a-memcpy-stub.o)
                0x08005d5a                memcpy
 .text.strcpy   0x08005d76       0x10 /Applications/STM32CubeIDE.app/Contents/Eclipse/plugins/com.st.stm32cube.ide.mcu.externaltools.gnu-tools-for-stm32.12.3.rel1.macos64_1.0.200.202406191456/tools/bin/../lib/gcc/arm-none-eabi/12.3.1/../../../../arm-none-eabi/lib/thumb/v7e-m+fp/hard/libc_nano.a(libc_a-strcpy.o)
                0x08005d76                strcpy
 .text.quorem   0x08005d86      0x110 /Applications/STM32CubeIDE.app/Contents/Eclipse/plugins/com.st.stm32cube.ide.mcu.externaltools.gnu-tools-for-stm32.12.3.rel1.macos64_1.0.200.202406191456/tools/bin/../lib/gcc/arm-none-eabi/12.3.1/../../../../arm-none-eabi/lib/thumb/v7e-m+fp/hard/libc_nano.a(libc_a-dtoa.o)
 *fill*         0x08005e96        0x2 
 .text._dtoa_r  0x08005e98      0xb88 /Applications/STM32CubeIDE.app/Contents/Eclipse/plugins/com.st.stm32cube.ide.mcu.externaltools.gnu-tools-for-stm32.12.3.rel1.macos64_1.0.200.202406191456/tools/bin/../lib/gcc/arm-none-eabi/12.3.1/../../../../arm-none-eabi/lib/thumb/v7e-m+fp/hard/libc_nano.a(libc_a-dtoa.o)
                0x08005e98                _dtoa_r
 .text.__ssputs_r
                0x08006a20       0xb6 /Applications/STM32CubeIDE.app/Contents/Eclipse/plugins/com.st.stm32cube.ide.mcu.externaltools.gnu-tools-for-stm32.12.3.rel1.macos64_1.0.200.202406191456/tools/bin/../lib/gcc/arm-none-eabi/12.3.1/../../../../arm-none-eabi/lib/thumb/v7e-m+fp/hard/libc_nano.a(libc_a-nano-svfprintf.o)
                0x08006a20                __ssputs_r
 *fill*         0x08006ad6        0x2 
 .text._svfprintf_r
                0x08006ad8      0x1f8 /Applications/STM32CubeIDE.app/Contents/Eclipse/plugins/com.st.stm32cube.ide.mcu.externaltools.gnu-tools-for-stm32.12.3.rel1.macos64_1.0.200.202406191456/tools/bin/../lib/gcc/arm-none-eabi/12.3.1/../../../../arm-none-eabi/lib/thumb/v7e-m+fp/hard/libc_nano.a(libc_a-nano-svfprintf.o)
                0x08006ad8                _svfprintf_r
                0x08006ad8                _svfiprintf_r
 .text.__sfputc_r
                0x08006cd0       0x2e /Applications/STM32CubeIDE.app/Contents/Eclipse/plugins/com.st.stm32cube.ide.mcu.externaltools.gnu-tools-for-stm32.12.3.rel1.macos64_1.0.200.202406191456/tools/bin/../lib/gcc/arm-none-eabi/12.3.1/../../../../arm-none-eabi/lib/thumb/v7e-m+fp/hard/libc_nano.a(libc_a-nano-vfprintf.o)
 .text.__sfputs_r
                0x08006cfe       0x24 /Applications/STM32CubeIDE.app/Contents/Eclipse/plugins/com.st.stm32cube.ide.mcu.externaltools.gnu-tools-for-stm32.12.3.rel1.macos64_1.0.200.202406191456/tools/bin/../lib/gcc/arm-none-eabi/12.3.1/../../../../arm-none-eabi/lib/thumb/v7e-m+fp/hard/libc_nano.a(libc_a-nano-vfprintf.o)
                0x08006cfe                __sfputs_r
 *fill*         0x08006d22        0x2 
 .text._vfprintf_r
                0x08006d24      0x230 /Applications/STM32CubeIDE.app/Contents/Eclipse/plugins/com.st.stm32cube.ide.mcu.externaltools.gnu-tools-for-stm32.12.3.rel1.macos64_1.0.200.202406191456/tools/bin/../lib/gcc/arm-none-eabi/12.3.1/../../../../arm-none-eabi/lib/thumb/v7e-m+fp/hard/libc_nano.a(libc_a-nano-vfprintf.o)
                0x08006d24                _vfiprintf_r
                0x08006d24                _vfprintf_r
 .text.malloc   0x08006f54       0x10 /Applications/STM32CubeIDE.app/Contents/Eclipse/plugins/com.st.stm32cube.ide.mcu.externaltools.gnu-tools-for-stm32.12.3.rel1.macos64_1.0.200.202406191456/tools/bin/../lib/gcc/arm-none-eabi/12.3.1/../../../../arm-none-eabi/lib/thumb/v7e-m+fp/hard/libc_nano.a(libc_a-malloc.o)
                0x08006f54                malloc
 .text.sbrk_aligned
                0x08006f64       0x44 /Applications/STM32CubeIDE.app/Contents/Eclipse/plugins/com.st.stm32cube.ide.mcu.externaltools.gnu-tools-for-stm32.12.3.rel1.macos64_1.0.200.202406191456/tools/bin/../lib/gcc/arm-none-eabi/12.3.1/../../../../arm-none-eabi/lib/thumb/v7e-m+fp/hard/libc_nano.a(libc_a-mallocr.o)
 .text._malloc_r
                0x08006fa8      0x100 /Applications/STM32CubeIDE.app/Contents/Eclipse/plugins/com.st.stm32cube.ide.mcu.externaltools.gnu-tools-for-stm32.12.3.rel1.macos64_1.0.200.202406191456/tools/bin/../lib/gcc/arm-none-eabi/12.3.1/../../../../arm-none-eabi/lib/thumb/v7e-m+fp/hard/libc_nano.a(libc_a-mallocr.o)
                0x08006fa8                _malloc_r
 .text.__sflush_r
                0x080070a8      0x108 /Applications/STM32CubeIDE.app/Contents/Eclipse/plugins/com.st.stm32cube.ide.mcu.externaltools.gnu-tools-for-stm32.12.3.rel1.macos64_1.0.200.202406191456/tools/bin/../lib/gcc/arm-none-eabi/12.3.1/../../../../arm-none-eabi/lib/thumb/v7e-m+fp/hard/libc_nano.a(libc_a-fflush.o)
                0x080070a8                __sflush_r
 .text._fflush_r
                0x080071b0       0x50 /Applications/STM32CubeIDE.app/Contents/Eclipse/plugins/com.st.stm32cube.ide.mcu.externaltools.gnu-tools-for-stm32.12.3.rel1.macos64_1.0.200.202406191456/tools/bin/../lib/gcc/arm-none-eabi/12.3.1/../../../../arm-none-eabi/lib/thumb/v7e-m+fp/hard/libc_nano.a(libc_a-fflush.o)
                0x080071b0                _fflush_r
 .text.__malloc_lock
                0x08007200        0xc /Applications/STM32CubeIDE.app/Contents/Eclipse/plugins/com.st.stm32cube.ide.mcu.externaltools.gnu-tools-for-stm32.12.3.rel1.macos64_1.0.200.202406191456/tools/bin/../lib/gcc/arm-none-eabi/12.3.1/../../../../arm-none-eabi/lib/thumb/v7e-m+fp/hard/libc_nano.a(libc_a-mlock.o)
                0x08007200                __malloc_lock
 .text.__malloc_unlock
                0x0800720c        0xc /Applications/STM32CubeIDE.app/Contents/Eclipse/plugins/com.st.stm32cube.ide.mcu.externaltools.gnu-tools-for-stm32.12.3.rel1.macos64_1.0.200.202406191456/tools/bin/../lib/gcc/arm-none-eabi/12.3.1/../../../../arm-none-eabi/lib/thumb/v7e-m+fp/hard/libc_nano.a(libc_a-mlock.o)
                0x0800720c                __malloc_unlock
 .text._Balloc  0x08007218       0x80 /Applications/STM32CubeIDE.app/Contents/Eclipse/plugins/com.st.stm32cube.ide.mcu.externaltools.gnu-tools-for-stm32.12.3.rel1.macos64_1.0.200.202406191456/tools/bin/../lib/gcc/arm-none-eabi/12.3.1/../../../../arm-none-eabi/lib/thumb/v7e-m+fp/hard/libc_nano.a(libc_a-mprec.o)
                0x08007218                _Balloc
 .text._Bfree   0x08007298       0x44 /Applications/STM32CubeIDE.app/Contents/Eclipse/plugins/com.st.stm32cube.ide.mcu.externaltools.gnu-tools-for-stm32.12.3.rel1.macos64_1.0.200.202406191456/tools/bin/../lib/gcc/arm-none-eabi/12.3.1/../../../../arm-none-eabi/lib/thumb/v7e-m+fp/hard/libc_nano.a(libc_a-mprec.o)
                0x08007298                _Bfree
 .text.__multadd
                0x080072dc       0x8c /Applications/STM32CubeIDE.app/Contents/Eclipse/plugins/com.st.stm32cube.ide.mcu.externaltools.gnu-tools-for-stm32.12.3.rel1.macos64_1.0.200.202406191456/tools/bin/../lib/gcc/arm-none-eabi/12.3.1/../../../../arm-none-eabi/lib/thumb/v7e-m+fp/hard/libc_nano.a(libc_a-mprec.o)
                0x080072dc                __multadd
 .text.__hi0bits
                0x08007368       0x3e /Applications/STM32CubeIDE.app/Contents/Eclipse/plugins/com.st.stm32cube.ide.mcu.externaltools.gnu-tools-for-stm32.12.3.rel1.macos64_1.0.200.202406191456/tools/bin/../lib/gcc/arm-none-eabi/12.3.1/../../../../arm-none-eabi/lib/thumb/v7e-m+fp/hard/libc_nano.a(libc_a-mprec.o)
                0x08007368                __hi0bits
 .text.__lo0bits
                0x080073a6       0x5a /Applications/STM32CubeIDE.app/Contents/Eclipse/plugins/com.st.stm32cube.ide.mcu.externaltools.gnu-tools-for-stm32.12.3.rel1.macos64_1.0.200.202406191456/tools/bin/../lib/gcc/arm-none-eabi/12.3.1/../../../../arm-none-eabi/lib/thumb/v7e-m+fp/hard/libc_nano.a(libc_a-mprec.o)
                0x080073a6                __lo0bits
 .text.__i2b    0x08007400       0x2c /Applications/STM32CubeIDE.app/Contents/Eclipse/plugins/com.st.stm32cube.ide.mcu.externaltools.gnu-tools-for-stm32.12.3.rel1.macos64_1.0.200.202406191456/tools/bin/../lib/gcc/arm-none-eabi/12.3.1/../../../../arm-none-eabi/lib/thumb/v7e-m+fp/hard/libc_nano.a(libc_a-mprec.o)
                0x08007400                __i2b
 .text.__multiply
                0x0800742c      0x154 /Applications/STM32CubeIDE.app/Contents/Eclipse/plugins/com.st.stm32cube.ide.mcu.externaltools.gnu-tools-for-stm32.12.3.rel1.macos64_1.0.200.202406191456/tools/bin/../lib/gcc/arm-none-eabi/12.3.1/../../../../arm-none-eabi/lib/thumb/v7e-m+fp/hard/libc_nano.a(libc_a-mprec.o)
                0x0800742c                __multiply
 .text.__pow5mult
                0x08007580       0xb4 /Applications/STM32CubeIDE.app/Contents/Eclipse/plugins/com.st.stm32cube.ide.mcu.externaltools.gnu-tools-for-stm32.12.3.rel1.macos64_1.0.200.202406191456/tools/bin/../lib/gcc/arm-none-eabi/12.3.1/../../../../arm-none-eabi/lib/thumb/v7e-m+fp/hard/libc_nano.a(libc_a-mprec.o)
                0x08007580                __pow5mult
 .text.__lshift
                0x08007634       0xd8 /Applications/STM32CubeIDE.app/Contents/Eclipse/plugins/com.st.stm32cube.ide.mcu.externaltools.gnu-tools-for-stm32.12.3.rel1.macos64_1.0.200.202406191456/tools/bin/../lib/gcc/arm-none-eabi/12.3.1/../../../../arm-none-eabi/lib/thumb/v7e-m+fp/hard/libc_nano.a(libc_a-mprec.o)
                0x08007634                __lshift
 .text.__mcmp   0x0800770c       0x36 /Applications/STM32CubeIDE.app/Contents/Eclipse/plugins/com.st.stm32cube.ide.mcu.externaltools.gnu-tools-for-stm32.12.3.rel1.macos64_1.0.200.202406191456/tools/bin/../lib/gcc/arm-none-eabi/12.3.1/../../../../arm-none-eabi/lib/thumb/v7e-m+fp/hard/libc_nano.a(libc_a-mprec.o)
                0x0800770c                __mcmp
 *fill*         0x08007742        0x2 
 .text.__mdiff  0x08007744      0x128 /Applications/STM32CubeIDE.app/Contents/Eclipse/plugins/com.st.stm32cube.ide.mcu.externaltools.gnu-tools-for-stm32.12.3.rel1.macos64_1.0.200.202406191456/tools/bin/../lib/gcc/arm-none-eabi/12.3.1/../../../../arm-none-eabi/lib/thumb/v7e-m+fp/hard/libc_nano.a(libc_a-mprec.o)
                0x08007744                __mdiff
 .text.__d2b    0x0800786c       0xb0 /Applications/STM32CubeIDE.app/Contents/Eclipse/plugins/com.st.stm32cube.ide.mcu.externaltools.gnu-tools-for-stm32.12.3.rel1.macos64_1.0.200.202406191456/tools/bin/../lib/gcc/arm-none-eabi/12.3.1/../../../../arm-none-eabi/lib/thumb/v7e-m+fp/hard/libc_nano.a(libc_a-mprec.o)
                0x0800786c                __d2b
 .text.__sread  0x0800791c       0x22 /Applications/STM32CubeIDE.app/Contents/Eclipse/plugins/com.st.stm32cube.ide.mcu.externaltools.gnu-tools-for-stm32.12.3.rel1.macos64_1.0.200.202406191456/tools/bin/../lib/gcc/arm-none-eabi/12.3.1/../../../../arm-none-eabi/lib/thumb/v7e-m+fp/hard/libc_nano.a(libc_a-stdio.o)
                0x0800791c                __sread
 .text.__swrite
                0x0800793e       0x38 /Applications/STM32CubeIDE.app/Contents/Eclipse/plugins/com.st.stm32cube.ide.mcu.externaltools.gnu-tools-for-stm32.12.3.rel1.macos64_1.0.200.202406191456/tools/bin/../lib/gcc/arm-none-eabi/12.3.1/../../../../arm-none-eabi/lib/thumb/v7e-m+fp/hard/libc_nano.a(libc_a-stdio.o)
                0x0800793e                __swrite
 .text.__sseek  0x08007976       0x24 /Applications/STM32CubeIDE.app/Contents/Eclipse/plugins/com.st.stm32cube.ide.mcu.externaltools.gnu-tools-for-stm32.12.3.rel1.macos64_1.0.200.202406191456/tools/bin/../lib/gcc/arm-none-eabi/12.3.1/../../../../arm-none-eabi/lib/thumb/v7e-m+fp/hard/libc_nano.a(libc_a-stdio.o)
                0x08007976                __sseek
 .text.__sclose
                0x0800799a        0x8 /Applications/STM32CubeIDE.app/Contents/Eclipse/plugins/com.st.stm32cube.ide.mcu.externaltools.gnu-tools-for-stm32.12.3.rel1.macos64_1.0.200.202406191456/tools/bin/../lib/gcc/arm-none-eabi/12.3.1/../../../../arm-none-eabi/lib/thumb/v7e-m+fp/hard/libc_nano.a(libc_a-stdio.o)
                0x0800799a                __sclose
 .text._realloc_r
                0x080079a2       0x5c /Applications/STM32CubeIDE.app/Contents/Eclipse/plugins/com.st.stm32cube.ide.mcu.externaltools.gnu-tools-for-stm32.12.3.rel1.macos64_1.0.200.202406191456/tools/bin/../lib/gcc/arm-none-eabi/12.3.1/../../../../arm-none-eabi/lib/thumb/v7e-m+fp/hard/libc_nano.a(libc_a-reallocr.o)
                0x080079a2                _realloc_r
 .text.__swbuf_r
                0x080079fe       0x7c /Applications/STM32CubeIDE.app/Contents/Eclipse/plugins/com.st.stm32cube.ide.mcu.externaltools.gnu-tools-for-stm32.12.3.rel1.macos64_1.0.200.202406191456/tools/bin/../lib/gcc/arm-none-eabi/12.3.1/../../../../arm-none-eabi/lib/thumb/v7e-m+fp/hard/libc_nano.a(libc_a-wbuf.o)
                0x080079fe                __swbuf_r
 *fill*         0x08007a7a        0x2 
 .text.__swsetup_r
                0x08007a7c       0xac /Applications/STM32CubeIDE.app/Contents/Eclipse/plugins/com.st.stm32cube.ide.mcu.externaltools.gnu-tools-for-stm32.12.3.rel1.macos64_1.0.200.202406191456/tools/bin/../lib/gcc/arm-none-eabi/12.3.1/../../../../arm-none-eabi/lib/thumb/v7e-m+fp/hard/libc_nano.a(libc_a-wsetup.o)
                0x08007a7c                __swsetup_r
 .text.__swhatbuf_r
                0x08007b28       0x4c /Applications/STM32CubeIDE.app/Contents/Eclipse/plugins/com.st.stm32cube.ide.mcu.externaltools.gnu-tools-for-stm32.12.3.rel1.macos64_1.0.200.202406191456/tools/bin/../lib/gcc/arm-none-eabi/12.3.1/../../../../arm-none-eabi/lib/thumb/v7e-m+fp/hard/libc_nano.a(libc_a-makebuf.o)
                0x08007b28                __swhatbuf_r
 .text.__smakebuf_r
                0x08007b74       0x78 /Applications/STM32CubeIDE.app/Contents/Eclipse/plugins/com.st.stm32cube.ide.mcu.externaltools.gnu-tools-for-stm32.12.3.rel1.macos64_1.0.200.202406191456/tools/bin/../lib/gcc/arm-none-eabi/12.3.1/../../../../arm-none-eabi/lib/thumb/v7e-m+fp/hard/libc_nano.a(libc_a-makebuf.o)
                0x08007b74                __smakebuf_r
 .text._close_r
                0x08007bec       0x20 /Applications/STM32CubeIDE.app/Contents/Eclipse/plugins/com.st.stm32cube.ide.mcu.externaltools.gnu-tools-for-stm32.12.3.rel1.macos64_1.0.200.202406191456/tools/bin/../lib/gcc/arm-none-eabi/12.3.1/../../../../arm-none-eabi/lib/thumb/v7e-m+fp/hard/libc_nano.a(libc_a-closer.o)
                0x08007bec                _close_r
 .text._fstat_r
                0x08007c0c       0x24 /Applications/STM32CubeIDE.app/Contents/Eclipse/plugins/com.st.stm32cube.ide.mcu.externaltools.gnu-tools-for-stm32.12.3.rel1.macos64_1.0.200.202406191456/tools/bin/../lib/gcc/arm-none-eabi/12.3.1/../../../../arm-none-eabi/lib/thumb/v7e-m+fp/hard/libc_nano.a(libc_a-fstatr.o)
                0x08007c0c                _fstat_r
 .text._isatty_r
                0x08007c30       0x20 /Applications/STM32CubeIDE.app/Contents/Eclipse/plugins/com.st.stm32cube.ide.mcu.externaltools.gnu-tools-for-stm32.12.3.rel1.macos64_1.0.200.202406191456/tools/bin/../lib/gcc/arm-none-eabi/12.3.1/../../../../arm-none-eabi/lib/thumb/v7e-m+fp/hard/libc_nano.a(libc_a-isattyr.o)
                0x08007c30                _isatty_r
 .text._lseek_r
                0x08007c50       0x24 /Applications/STM32CubeIDE.app/Contents/Eclipse/plugins/com.st.stm32cube.ide.mcu.externaltools.gnu-tools-for-stm32.12.3.rel1.macos64_1.0.200.202406191456/tools/bin/../lib/gcc/arm-none-eabi/12.3.1/../../../../arm-none-eabi/lib/thumb/v7e-m+fp/hard/libc_nano.a(libc_a-lseekr.o)
                0x08007c50                _lseek_r
 .text._read_r  0x08007c74       0x24 /Applications/STM32CubeIDE.app/Contents/Eclipse/plugins/com.st.stm32cube.ide.mcu.externaltools.gnu-tools-for-stm32.12.3.rel1.macos64_1.0.200.202406191456/tools/bin/../lib/gcc/arm-none-eabi/12.3.1/../../../../arm-none-eabi/lib/thumb/v7e-m+fp/hard/libc_nano.a(libc_a-readr.o)
                0x08007c74                _read_r
 .text._sbrk_r  0x08007c98       0x20 /Applications/STM32CubeIDE.app/Contents/Eclipse/plugins/com.st.stm32cube.ide.mcu.externaltools.gnu-tools-for-stm32.12.3.rel1.macos64_1.0.200.202406191456/tools/bin/../lib/gcc/arm-none-eabi/12.3.1/../../../../arm-none-eabi/lib/thumb/v7e-m+fp/hard/libc_nano.a(libc_a-sbrkr.o)
                0x08007c98                _sbrk_r
 .text._write_r
                0x08007cb8       0x24 /Applications/STM32CubeIDE.app/Contents/Eclipse/plugins/com.st.stm32cube.ide.mcu.externaltools.gnu-tools-for-stm32.12.3.rel1.macos64_1.0.200.202406191456/tools/bin/../lib/gcc/arm-none-eabi/12.3.1/../../../../arm-none-eabi/lib/thumb/v7e-m+fp/hard/libc_nano.a(libc_a-writer.o)
                0x08007cb8                _write_r
 .text.__assert_func
                0x08007cdc       0x3c /Applications/STM32CubeIDE.app/Contents/Eclipse/plugins/com.st.stm32cube.ide.mcu.externaltools.gnu-tools-for-stm32.12.3.rel1.macos64_1.0.200.202406191456/tools/bin/../lib/gcc/arm-none-eabi/12.3.1/../../../../arm-none-eabi/lib/thumb/v7e-m+fp/hard/libc_nano.a(libc_a-assert.o)
                0x08007cdc                __assert_func
 .text._calloc_r
                0x08007d18       0x28 /Applications/STM32CubeIDE.app/Contents/Eclipse/plugins/com.st.stm32cube.ide.mcu.externaltools.gnu-tools-for-stm32.12.3.rel1.macos64_1.0.200.202406191456/tools/bin/../lib/gcc/arm-none-eabi/12.3.1/../../../../arm-none-eabi/lib/thumb/v7e-m+fp/hard/libc_nano.a(libc_a-callocr.o)
                0x08007d18                _calloc_r
 .text._free_r  0x08007d40       0x94 /Applications/STM32CubeIDE.app/Contents/Eclipse/plugins/com.st.stm32cube.ide.mcu.externaltools.gnu-tools-for-stm32.12.3.rel1.macos64_1.0.200.202406191456/tools/bin/../lib/gcc/arm-none-eabi/12.3.1/../../../../arm-none-eabi/lib/thumb/v7e-m+fp/hard/libc_nano.a(libc_a-freer.o)
                0x08007d40                _free_r
 .text.__ascii_mbtowc
                0x08007dd4       0x24 /Applications/STM32CubeIDE.app/Contents/Eclipse/plugins/com.st.stm32cube.ide.mcu.externaltools.gnu-tools-for-stm32.12.3.rel1.macos64_1.0.200.202406191456/tools/bin/../lib/gcc/arm-none-eabi/12.3.1/../../../../arm-none-eabi/lib/thumb/v7e-m+fp/hard/libc_nano.a(libc_a-mbtowc_r.o)
                0x08007dd4                __ascii_mbtowc
 .text._malloc_usable_size_r
                0x08007df8       0x10 /Applications/STM32CubeIDE.app/Contents/Eclipse/plugins/com.st.stm32cube.ide.mcu.externaltools.gnu-tools-for-stm32.12.3.rel1.macos64_1.0.200.202406191456/tools/bin/../lib/gcc/arm-none-eabi/12.3.1/../../../../arm-none-eabi/lib/thumb/v7e-m+fp/hard/libc_nano.a(libc_a-msizer.o)
                0x08007df8                _malloc_usable_size_r
 .text.fprintf  0x08007e08       0x24 /Applications/STM32CubeIDE.app/Contents/Eclipse/plugins/com.st.stm32cube.ide.mcu.externaltools.gnu-tools-for-stm32.12.3.rel1.macos64_1.0.200.202406191456/tools/bin/../lib/gcc/arm-none-eabi/12.3.1/../../../../arm-none-eabi/lib/thumb/v7e-m+fp/hard/libc_nano.a(libc_a-fprintf.o)
                0x08007e08                fprintf
                0x08007e08                fiprintf
 .text.__ascii_wctomb
                0x08007e2c       0x1a /Applications/STM32CubeIDE.app/Contents/Eclipse/plugins/com.st.stm32cube.ide.mcu.externaltools.gnu-tools-for-stm32.12.3.rel1.macos64_1.0.200.202406191456/tools/bin/../lib/gcc/arm-none-eabi/12.3.1/../../../../arm-none-eabi/lib/thumb/v7e-m+fp/hard/libc_nano.a(libc_a-wctomb_r.o)
                0x08007e2c                __ascii_wctomb
 .text.abort    0x08007e46        0xe /Applications/STM32CubeIDE.app/Contents/Eclipse/plugins/com.st.stm32cube.ide.mcu.externaltools.gnu-tools-for-stm32.12.3.rel1.macos64_1.0.200.202406191456/tools/bin/../lib/gcc/arm-none-eabi/12.3.1/../../../../arm-none-eabi/lib/thumb/v7e-m+fp/hard/libc_nano.a(libc_a-abort.o)
                0x08007e46                abort
 .text._raise_r
                0x08007e54       0x50 /Applications/STM32CubeIDE.app/Contents/Eclipse/plugins/com.st.stm32cube.ide.mcu.externaltools.gnu-tools-for-stm32.12.3.rel1.macos64_1.0.200.202406191456/tools/bin/../lib/gcc/arm-none-eabi/12.3.1/../../../../arm-none-eabi/lib/thumb/v7e-m+fp/hard/libc_nano.a(libc_a-signal.o)
                0x08007e54                _raise_r
 .text.raise    0x08007ea4       0x10 /Applications/STM32CubeIDE.app/Contents/Eclipse/plugins/com.st.stm32cube.ide.mcu.externaltools.gnu-tools-for-stm32.12.3.rel1.macos64_1.0.200.202406191456/tools/bin/../lib/gcc/arm-none-eabi/12.3.1/../../../../arm-none-eabi/lib/thumb/v7e-m+fp/hard/libc_nano.a(libc_a-signal.o)
                0x08007ea4                raise
 .text._kill_r  0x08007eb4       0x24 /Applications/STM32CubeIDE.app/Contents/Eclipse/plugins/com.st.stm32cube.ide.mcu.externaltools.gnu-tools-for-stm32.12.3.rel1.macos64_1.0.200.202406191456/tools/bin/../lib/gcc/arm-none-eabi/12.3.1/../../../../arm-none-eabi/lib/thumb/v7e-m+fp/hard/libc_nano.a(libc_a-signalr.o)
                0x08007eb4                _kill_r
 .text._getpid_r
                0x08007ed8        0x4 /Applications/STM32CubeIDE.app/Contents/Eclipse/plugins/com.st.stm32cube.ide.mcu.externaltools.gnu-tools-for-stm32.12.3.rel1.macos64_1.0.200.202406191456/tools/bin/../lib/gcc/arm-none-eabi/12.3.1/../../../../arm-none-eabi/lib/thumb/v7e-m+fp/hard/libc_nano.a(libc_a-signalr.o)
                0x08007ed8                _getpid_r
 .text.atan2    0x08007edc        0x4 /Applications/STM32CubeIDE.app/Contents/Eclipse/plugins/com.st.stm32cube.ide.mcu.externaltools.gnu-tools-for-stm32.12.3.rel1.macos64_1.0.200.202406191456/tools/bin/../lib/gcc/arm-none-eabi/12.3.1/../../../../arm-none-eabi/lib/thumb/v7e-m+fp/hard/libm.a(libm_a-w_atan2.o)
                0x08007edc                atan2
 .text.__ieee754_atan2
                0x08007ee0      0x18c /Applications/STM32CubeIDE.app/Contents/Eclipse/plugins/com.st.stm32cube.ide.mcu.externaltools.gnu-tools-for-stm32.12.3.rel1.macos64_1.0.200.202406191456/tools/bin/../lib/gcc/arm-none-eabi/12.3.1/../../../../arm-none-eabi/lib/thumb/v7e-m+fp/hard/libm.a(libm_a-e_atan2.o)
                0x08007ee0                __ieee754_atan2
 *fill*         0x0800806c        0x4 
 .text.atan     0x08008070      0x330 /Applications/STM32CubeIDE.app/Contents/Eclipse/plugins/com.st.stm32cube.ide.mcu.externaltools.gnu-tools-for-stm32.12.3.rel1.macos64_1.0.200.202406191456/tools/bin/../lib/gcc/arm-none-eabi/12.3.1/../../../../arm-none-eabi/lib/thumb/v7e-m+fp/hard/libm.a(libm_a-s_atan.o)
                0x08008070                atan
 .text.fabs     0x080083a0       0x10 /Applications/STM32CubeIDE.app/Contents/Eclipse/plugins/com.st.stm32cube.ide.mcu.externaltools.gnu-tools-for-stm32.12.3.rel1.macos64_1.0.200.202406191456/tools/bin/../lib/gcc/arm-none-eabi/12.3.1/../../../../arm-none-eabi/lib/thumb/v7e-m+fp/hard/libm.a(libm_a-s_fabs.o)
                0x080083a0                fabs
 *(.glue_7)
 .glue_7        0x080083b0        0x0 linker stubs
 *(.glue_7t)
 .glue_7t       0x080083b0        0x0 linker stubs
 *(.eh_frame)
 .eh_frame      0x080083b0        0x0 /Applications/STM32CubeIDE.app/Contents/Eclipse/plugins/com.st.stm32cube.ide.mcu.externaltools.gnu-tools-for-stm32.12.3.rel1.macos64_1.0.200.202406191456/tools/bin/../lib/gcc/arm-none-eabi/12.3.1/thumb/v7e-m+fp/hard/crtbegin.o
 *(.init)
 .init          0x080083b0        0x4 /Applications/STM32CubeIDE.app/Contents/Eclipse/plugins/com.st.stm32cube.ide.mcu.externaltools.gnu-tools-for-stm32.12.3.rel1.macos64_1.0.200.202406191456/tools/bin/../lib/gcc/arm-none-eabi/12.3.1/thumb/v7e-m+fp/hard/crti.o
                0x080083b0                _init
 .init          0x080083b4        0x8 /Applications/STM32CubeIDE.app/Contents/Eclipse/plugins/com.st.stm32cube.ide.mcu.externaltools.gnu-tools-for-stm32.12.3.rel1.macos64_1.0.200.202406191456/tools/bin/../lib/gcc/arm-none-eabi/12.3.1/thumb/v7e-m+fp/hard/crtn.o
 *(.fini)
 .fini          0x080083bc        0x4 /Applications/STM32CubeIDE.app/Contents/Eclipse/plugins/com.st.stm32cube.ide.mcu.externaltools.gnu-tools-for-stm32.12.3.rel1.macos64_1.0.200.202406191456/tools/bin/../lib/gcc/arm-none-eabi/12.3.1/thumb/v7e-m+fp/hard/crti.o
                0x080083bc                _fini
 .fini          0x080083c0        0x8 /Applications/STM32CubeIDE.app/Contents/Eclipse/plugins/com.st.stm32cube.ide.mcu.externaltools.gnu-tools-for-stm32.12.3.rel1.macos64_1.0.200.202406191456/tools/bin/../lib/gcc/arm-none-eabi/12.3.1/thumb/v7e-m+fp/hard/crtn.o
                0x080083c8                        . = ALIGN (0x4)
                0x080083c8                        _etext = .

.vfp11_veneer   0x080083c8        0x0
 .vfp11_veneer  0x080083c8        0x0 linker stubs

.v4_bx          0x080083c8        0x0
 .v4_bx         0x080083c8        0x0 linker stubs

.iplt           0x080083c8        0x0
 .iplt          0x080083c8        0x0 /Applications/STM32CubeIDE.app/Contents/Eclipse/plugins/com.st.stm32cube.ide.mcu.externaltools.gnu-tools-for-stm32.12.3.rel1.macos64_1.0.200.202406191456/tools/bin/../lib/gcc/arm-none-eabi/12.3.1/thumb/v7e-m+fp/hard/crtbegin.o

.rodata         0x080083c8    0x15f38
                0x080083c8                        . = ALIGN (0x4)
 *(.rodata)
 .rodata        0x080083c8      0x36c ./Drivers/BSP/Components/vl53l8cx_api.o
 *(.rodata*)
 .rodata.print_result.constprop.0.str1.1
                0x08008734       0x26 ./Application/User/app_tof.o
                                 0x29 (size before relaxing)
 .rodata.MX_TOF_Init.str1.1
                0x0800875a       0x44 ./Application/User/app_tof.o
 .rodata.MX_TOF_Process.str1.1
                0x0800879e        0x6 ./Application/User/app_tof.o
 .rodata.main.str1.1
                0x080087a4       0x3b ./Application/User/main.o
 .rodata.HAL_TIM_PeriodElapsedCallback.str1.1
                0x080087df       0x11 ./Application/User/main.o
 .rodata.CSWTCH.22
                0x080087f0        0x4 ./Drivers/BSP/Components/vl53l8cx.o
 .rodata.CSWTCH.21
                0x080087f4        0x4 ./Drivers/BSP/Components/vl53l8cx.o
 .rodata._vl53l8cx_send_xtalk_data.str1.1
                0x080087f8        0x9 ./Drivers/BSP/Components/vl53l8cx_api.o
 .rodata.VL53L8CX_GET_NVM_CMD
                0x08008801       0x28 ./Drivers/BSP/Components/vl53l8cx_api.o
                0x08008801                VL53L8CX_GET_NVM_CMD
 .rodata.VL53L8CX_DEFAULT_XTALK
                0x08008829      0x308 ./Drivers/BSP/Components/vl53l8cx_api.o
                0x08008829                VL53L8CX_DEFAULT_XTALK
 .rodata.VL53L8CX_DEFAULT_CONFIGURATION
                0x08008b31      0x3cc ./Drivers/BSP/Components/vl53l8cx_api.o
                0x08008b31                VL53L8CX_DEFAULT_CONFIGURATION
 .rodata.VL53L8CX_FIRMWARE
                0x08008efd    0x15000 ./Drivers/BSP/Components/vl53l8cx_api.o
                0x08008efd                VL53L8CX_FIRMWARE
 .rodata.vl53l8cx_set_detection_thresholds.str1.1
                0x0801defd        0x9 ./Drivers/BSP/Components/vl53l8cx_plugin_detection_thresholds.o
 .rodata.APBPrescTable
                0x0801df06        0x8 ./Drivers/CMSIS/system_stm32f4xx.o
                0x0801df06                APBPrescTable
 .rodata.AHBPrescTable
                0x0801df0e       0x10 ./Drivers/CMSIS/system_stm32f4xx.o
                0x0801df0e                AHBPrescTable
 .rodata._printf_float.str1.1
                0x0801df1e       0x12 /Applications/STM32CubeIDE.app/Contents/Eclipse/plugins/com.st.stm32cube.ide.mcu.externaltools.gnu-tools-for-stm32.12.3.rel1.macos64_1.0.200.202406191456/tools/bin/../lib/gcc/arm-none-eabi/12.3.1/../../../../arm-none-eabi/lib/thumb/v7e-m+fp/hard/libc_nano.a(libc_a-nano-vfprintf_float.o)
 .rodata._printf_i.str1.1
                0x0801df30       0x22 /Applications/STM32CubeIDE.app/Contents/Eclipse/plugins/com.st.stm32cube.ide.mcu.externaltools.gnu-tools-for-stm32.12.3.rel1.macos64_1.0.200.202406191456/tools/bin/../lib/gcc/arm-none-eabi/12.3.1/../../../../arm-none-eabi/lib/thumb/v7e-m+fp/hard/libc_nano.a(libc_a-nano-vfprintf_i.o)
 .rodata._dtoa_r.str1.1
                0x0801df52       0x8d /Applications/STM32CubeIDE.app/Contents/Eclipse/plugins/com.st.stm32cube.ide.mcu.externaltools.gnu-tools-for-stm32.12.3.rel1.macos64_1.0.200.202406191456/tools/bin/../lib/gcc/arm-none-eabi/12.3.1/../../../../arm-none-eabi/lib/thumb/v7e-m+fp/hard/libc_nano.a(libc_a-dtoa.o)
                                 0x8f (size before relaxing)
 .rodata._svfprintf_r.str1.1
                0x0801dfdf       0x11 /Applications/STM32CubeIDE.app/Contents/Eclipse/plugins/com.st.stm32cube.ide.mcu.externaltools.gnu-tools-for-stm32.12.3.rel1.macos64_1.0.200.202406191456/tools/bin/../lib/gcc/arm-none-eabi/12.3.1/../../../../arm-none-eabi/lib/thumb/v7e-m+fp/hard/libc_nano.a(libc_a-nano-svfprintf.o)
 .rodata._vfprintf_r.str1.1
                0x0801dff0       0x11 /Applications/STM32CubeIDE.app/Contents/Eclipse/plugins/com.st.stm32cube.ide.mcu.externaltools.gnu-tools-for-stm32.12.3.rel1.macos64_1.0.200.202406191456/tools/bin/../lib/gcc/arm-none-eabi/12.3.1/../../../../arm-none-eabi/lib/thumb/v7e-m+fp/hard/libc_nano.a(libc_a-nano-vfprintf.o)
 .rodata._Balloc.str1.1
                0x0801dff0       0x59 /Applications/STM32CubeIDE.app/Contents/Eclipse/plugins/com.st.stm32cube.ide.mcu.externaltools.gnu-tools-for-stm32.12.3.rel1.macos64_1.0.200.202406191456/tools/bin/../lib/gcc/arm-none-eabi/12.3.1/../../../../arm-none-eabi/lib/thumb/v7e-m+fp/hard/libc_nano.a(libc_a-mprec.o)
                                 0x70 (size before relaxing)
 .rodata.__multadd.str1.1
                0x0801e049       0x11 /Applications/STM32CubeIDE.app/Contents/Eclipse/plugins/com.st.stm32cube.ide.mcu.externaltools.gnu-tools-for-stm32.12.3.rel1.macos64_1.0.200.202406191456/tools/bin/../lib/gcc/arm-none-eabi/12.3.1/../../../../arm-none-eabi/lib/thumb/v7e-m+fp/hard/libc_nano.a(libc_a-mprec.o)
 *fill*         0x0801e049        0x3 
 .rodata.p05.0  0x0801e04c        0xc /Applications/STM32CubeIDE.app/Contents/Eclipse/plugins/com.st.stm32cube.ide.mcu.externaltools.gnu-tools-for-stm32.12.3.rel1.macos64_1.0.200.202406191456/tools/bin/../lib/gcc/arm-none-eabi/12.3.1/../../../../arm-none-eabi/lib/thumb/v7e-m+fp/hard/libc_nano.a(libc_a-mprec.o)
 .rodata.__mprec_bigtens
                0x0801e058       0x28 /Applications/STM32CubeIDE.app/Contents/Eclipse/plugins/com.st.stm32cube.ide.mcu.externaltools.gnu-tools-for-stm32.12.3.rel1.macos64_1.0.200.202406191456/tools/bin/../lib/gcc/arm-none-eabi/12.3.1/../../../../arm-none-eabi/lib/thumb/v7e-m+fp/hard/libc_nano.a(libc_a-mprec.o)
                0x0801e058                __mprec_bigtens
 .rodata.__mprec_tens
                0x0801e080       0xc8 /Applications/STM32CubeIDE.app/Contents/Eclipse/plugins/com.st.stm32cube.ide.mcu.externaltools.gnu-tools-for-stm32.12.3.rel1.macos64_1.0.200.202406191456/tools/bin/../lib/gcc/arm-none-eabi/12.3.1/../../../../arm-none-eabi/lib/thumb/v7e-m+fp/hard/libc_nano.a(libc_a-mprec.o)
                0x0801e080                __mprec_tens
 .rodata._setlocale_r.str1.1
                0x0801e148        0x8 /Applications/STM32CubeIDE.app/Contents/Eclipse/plugins/com.st.stm32cube.ide.mcu.externaltools.gnu-tools-for-stm32.12.3.rel1.macos64_1.0.200.202406191456/tools/bin/../lib/gcc/arm-none-eabi/12.3.1/../../../../arm-none-eabi/lib/thumb/v7e-m+fp/hard/libc_nano.a(libc_a-locale.o)
                                  0x9 (size before relaxing)
 .rodata.str1.1
                0x0801e150        0x8 /Applications/STM32CubeIDE.app/Contents/Eclipse/plugins/com.st.stm32cube.ide.mcu.externaltools.gnu-tools-for-stm32.12.3.rel1.macos64_1.0.200.202406191456/tools/bin/../lib/gcc/arm-none-eabi/12.3.1/../../../../arm-none-eabi/lib/thumb/v7e-m+fp/hard/libc_nano.a(libc_a-locale.o)
                                  0x2 (size before relaxing)
 .rodata._ctype_
                0x0801e150      0x101 /Applications/STM32CubeIDE.app/Contents/Eclipse/plugins/com.st.stm32cube.ide.mcu.externaltools.gnu-tools-for-stm32.12.3.rel1.macos64_1.0.200.202406191456/tools/bin/../lib/gcc/arm-none-eabi/12.3.1/../../../../arm-none-eabi/lib/thumb/v7e-m+fp/hard/libc_nano.a(libc_a-ctype_.o)
                0x0801e150                _ctype_
 .rodata.__assert_func.str1.1
                0x0801e251       0x3c /Applications/STM32CubeIDE.app/Contents/Eclipse/plugins/com.st.stm32cube.ide.mcu.externaltools.gnu-tools-for-stm32.12.3.rel1.macos64_1.0.200.202406191456/tools/bin/../lib/gcc/arm-none-eabi/12.3.1/../../../../arm-none-eabi/lib/thumb/v7e-m+fp/hard/libc_nano.a(libc_a-assert.o)
                                 0x3d (size before relaxing)
 *fill*         0x0801e28d        0x3 
 .rodata.CSWTCH.9
                0x0801e290       0x18 /Applications/STM32CubeIDE.app/Contents/Eclipse/plugins/com.st.stm32cube.ide.mcu.externaltools.gnu-tools-for-stm32.12.3.rel1.macos64_1.0.200.202406191456/tools/bin/../lib/gcc/arm-none-eabi/12.3.1/../../../../arm-none-eabi/lib/thumb/v7e-m+fp/hard/libm.a(libm_a-e_atan2.o)
 .rodata.CSWTCH.8
                0x0801e2a8       0x18 /Applications/STM32CubeIDE.app/Contents/Eclipse/plugins/com.st.stm32cube.ide.mcu.externaltools.gnu-tools-for-stm32.12.3.rel1.macos64_1.0.200.202406191456/tools/bin/../lib/gcc/arm-none-eabi/12.3.1/../../../../arm-none-eabi/lib/thumb/v7e-m+fp/hard/libm.a(libm_a-e_atan2.o)
 .rodata.atanlo
                0x0801e2c0       0x20 /Applications/STM32CubeIDE.app/Contents/Eclipse/plugins/com.st.stm32cube.ide.mcu.externaltools.gnu-tools-for-stm32.12.3.rel1.macos64_1.0.200.202406191456/tools/bin/../lib/gcc/arm-none-eabi/12.3.1/../../../../arm-none-eabi/lib/thumb/v7e-m+fp/hard/libm.a(libm_a-s_atan.o)
 .rodata.atanhi
                0x0801e2e0       0x20 /Applications/STM32CubeIDE.app/Contents/Eclipse/plugins/com.st.stm32cube.ide.mcu.externaltools.gnu-tools-for-stm32.12.3.rel1.macos64_1.0.200.202406191456/tools/bin/../lib/gcc/arm-none-eabi/12.3.1/../../../../arm-none-eabi/lib/thumb/v7e-m+fp/hard/libm.a(libm_a-s_atan.o)
                0x0801e300                        . = ALIGN (0x4)

.ARM.extab      0x0801e300        0x0
                0x0801e300                        . = ALIGN (0x4)
 *(.ARM.extab* .gnu.linkonce.armextab.*)
                0x0801e300                        . = ALIGN (0x4)

.ARM            0x0801e300        0x8
                0x0801e300                        . = ALIGN (0x4)
                0x0801e300                        __exidx_start = .
 *(.ARM.exidx*)
 .ARM.exidx     0x0801e300        0x8 /Applications/STM32CubeIDE.app/Contents/Eclipse/plugins/com.st.stm32cube.ide.mcu.externaltools.gnu-tools-for-stm32.12.3.rel1.macos64_1.0.200.202406191456/tools/bin/../lib/gcc/arm-none-eabi/12.3.1/../../../../arm-none-eabi/lib/thumb/v7e-m+fp/hard/libc_nano.a(libc_a-memchr.o)
 .ARM.exidx     0x0801e308        0x0 /Applications/STM32CubeIDE.app/Contents/Eclipse/plugins/com.st.stm32cube.ide.mcu.externaltools.gnu-tools-for-stm32.12.3.rel1.macos64_1.0.200.202406191456/tools/bin/../lib/gcc/arm-none-eabi/12.3.1/../../../../arm-none-eabi/lib/thumb/v7e-m+fp/hard/libc_nano.a(libc_a-strlen.o)
                                  0x8 (size before relaxing)
 .ARM.exidx     0x0801e308        0x0 /Applications/STM32CubeIDE.app/Contents/Eclipse/plugins/com.st.stm32cube.ide.mcu.externaltools.gnu-tools-for-stm32.12.3.rel1.macos64_1.0.200.202406191456/tools/bin/../lib/gcc/arm-none-eabi/12.3.1/thumb/v7e-m+fp/hard/libgcc.a(_udivmoddi4.o)
                                  0x8 (size before relaxing)
                0x0801e308                        __exidx_end = .
                0x0801e308                        . = ALIGN (0x4)

.preinit_array  0x0801e308        0x0
                0x0801e308                        . = ALIGN (0x4)
                0x0801e308                        PROVIDE (__preinit_array_start = .)
 *(.preinit_array*)
                0x0801e308                        PROVIDE (__preinit_array_end = .)
                0x0801e308                        . = ALIGN (0x4)

.init_array     0x0801e308        0x4
                0x0801e308                        . = ALIGN (0x4)
                0x0801e308                        PROVIDE (__init_array_start = .)
 *(SORT_BY_NAME(.init_array.*))
 *(.init_array*)
 .init_array    0x0801e308        0x4 /Applications/STM32CubeIDE.app/Contents/Eclipse/plugins/com.st.stm32cube.ide.mcu.externaltools.gnu-tools-for-stm32.12.3.rel1.macos64_1.0.200.202406191456/tools/bin/../lib/gcc/arm-none-eabi/12.3.1/thumb/v7e-m+fp/hard/crtbegin.o
                0x0801e30c                        PROVIDE (__init_array_end = .)
                0x0801e30c                        . = ALIGN (0x4)

.fini_array     0x0801e30c        0x4
                0x0801e30c                        . = ALIGN (0x4)
                [!provide]                        PROVIDE (__fini_array_start = .)
 *(SORT_BY_NAME(.fini_array.*))
 *(.fini_array*)
 .fini_array    0x0801e30c        0x4 /Applications/STM32CubeIDE.app/Contents/Eclipse/plugins/com.st.stm32cube.ide.mcu.externaltools.gnu-tools-for-stm32.12.3.rel1.macos64_1.0.200.202406191456/tools/bin/../lib/gcc/arm-none-eabi/12.3.1/thumb/v7e-m+fp/hard/crtbegin.o
                [!provide]                        PROVIDE (__fini_array_end = .)
                0x0801e310                        . = ALIGN (0x4)
                0x0801e310                        _sidata = LOADADDR (.data)

.rel.dyn        0x0801e310        0x0
 .rel.iplt      0x0801e310        0x0 /Applications/STM32CubeIDE.app/Contents/Eclipse/plugins/com.st.stm32cube.ide.mcu.externaltools.gnu-tools-for-stm32.12.3.rel1.macos64_1.0.200.202406191456/tools/bin/../lib/gcc/arm-none-eabi/12.3.1/thumb/v7e-m+fp/hard/crtbegin.o

.data           0x20000000      0x210 load address 0x0801e310
                0x20000000                        . = ALIGN (0x4)
                0x20000000                        _sdata = .
 *(.data)
 *(.data*)
 .data.COM_USART
                0x20000000        0x4 ./Application/User/stm32f4xx_nucleo.o
                0x20000000                COM_USART
 .data.VL53L8CX_RANGING_SENSOR_Driver
                0x20000004       0x38 ./Drivers/BSP/Components/vl53l8cx.o
                0x20000004                VL53L8CX_RANGING_SENSOR_Driver
 .data.SystemCoreClock
                0x2000003c        0x4 ./Drivers/CMSIS/system_stm32f4xx.o
                0x2000003c                SystemCoreClock
 .data.uwTickFreq
                0x20000040        0x1 ./Drivers/STM32F4xx_HAL_Driver/stm32f4xx_hal.o
                0x20000040                uwTickFreq
 *fill*         0x20000041        0x3 
 .data.uwTickPrio
                0x20000044        0x4 ./Drivers/STM32F4xx_HAL_Driver/stm32f4xx_hal.o
                0x20000044                uwTickPrio
 .data.__sglue  0x20000048        0xc /Applications/STM32CubeIDE.app/Contents/Eclipse/plugins/com.st.stm32cube.ide.mcu.externaltools.gnu-tools-for-stm32.12.3.rel1.macos64_1.0.200.202406191456/tools/bin/../lib/gcc/arm-none-eabi/12.3.1/../../../../arm-none-eabi/lib/thumb/v7e-m+fp/hard/libc_nano.a(libc_a-findfp.o)
                0x20000048                __sglue
 .data._impure_ptr
                0x20000054        0x4 /Applications/STM32CubeIDE.app/Contents/Eclipse/plugins/com.st.stm32cube.ide.mcu.externaltools.gnu-tools-for-stm32.12.3.rel1.macos64_1.0.200.202406191456/tools/bin/../lib/gcc/arm-none-eabi/12.3.1/../../../../arm-none-eabi/lib/thumb/v7e-m+fp/hard/libc_nano.a(libc_a-impure.o)
                0x20000054                _impure_ptr
 .data._impure_data
                0x20000058       0x4c /Applications/STM32CubeIDE.app/Contents/Eclipse/plugins/com.st.stm32cube.ide.mcu.externaltools.gnu-tools-for-stm32.12.3.rel1.macos64_1.0.200.202406191456/tools/bin/../lib/gcc/arm-none-eabi/12.3.1/../../../../arm-none-eabi/lib/thumb/v7e-m+fp/hard/libc_nano.a(libc_a-impure.o)
                0x20000058                _impure_data
 .data.__global_locale
                0x200000a4      0x16c /Applications/STM32CubeIDE.app/Contents/Eclipse/plugins/com.st.stm32cube.ide.mcu.externaltools.gnu-tools-for-stm32.12.3.rel1.macos64_1.0.200.202406191456/tools/bin/../lib/gcc/arm-none-eabi/12.3.1/../../../../arm-none-eabi/lib/thumb/v7e-m+fp/hard/libc_nano.a(libc_a-locale.o)
                0x200000a4                __global_locale
 *(.RamFunc)
 *(.RamFunc*)
                0x20000210                        . = ALIGN (0x4)
                0x20000210                        _edata = .

.igot.plt       0x20000210        0x0 load address 0x0801e520
 .igot.plt      0x20000210        0x0 /Applications/STM32CubeIDE.app/Contents/Eclipse/plugins/com.st.stm32cube.ide.mcu.externaltools.gnu-tools-for-stm32.12.3.rel1.macos64_1.0.200.202406191456/tools/bin/../lib/gcc/arm-none-eabi/12.3.1/thumb/v7e-m+fp/hard/crtbegin.o
                0x20000210                        . = ALIGN (0x4)

.bss            0x20000210     0x1bf4 load address 0x0801e520
                0x20000210                        _sbss = .
                0x20000210                        __bss_start__ = _sbss
 *(.bss)
 .bss           0x20000210       0x1c /Applications/STM32CubeIDE.app/Contents/Eclipse/plugins/com.st.stm32cube.ide.mcu.externaltools.gnu-tools-for-stm32.12.3.rel1.macos64_1.0.200.202406191456/tools/bin/../lib/gcc/arm-none-eabi/12.3.1/thumb/v7e-m+fp/hard/crtbegin.o
 *(.bss*)
 .bss.Result.0  0x2000022c      0x504 ./Application/User/app_tof.o
 .bss.ToF_EventDetected
                0x20000730        0x1 ./Application/User/app_tof.o
                0x20000730                ToF_EventDetected
 *fill*         0x20000731        0x3 
 .bss.Profile   0x20000734       0x14 ./Application/User/app_tof.o
 .bss.Cap       0x20000748       0x10 ./Application/User/app_tof.o
 .bss.VL53L8CXObj.0
                0x20000758      0xae0 ./Application/User/custom_ranging_sensor.o
 .bss.RANGING_SENSOR_Cap
                0x20001238       0x10 ./Application/User/custom_ranging_sensor.o
 .bss.CUSTOM_RANGING_Drv
                0x20001248        0x4 ./Application/User/custom_ranging_sensor.o
 .bss.CUSTOM_RANGING_CompObj
                0x2000124c        0x4 ./Application/User/custom_ranging_sensor.o
                0x2000124c                CUSTOM_RANGING_CompObj
 .bss.imu       0x20001250       0x48 ./Application/User/main.o
                0x20001250                imu
 .bss.attitude  0x20001298       0x24 ./Application/User/main.o
                0x20001298                attitude
 .bss.serialBuf
                0x200012bc       0x64 ./Application/User/main.o
                0x200012bc                serialBuf
 .bss.htim11    0x20001320       0x48 ./Application/User/main.o
                0x20001320                htim11
 .bss.hi2c3     0x20001368       0x54 ./Application/User/main.o
                0x20001368                hi2c3
 .bss.COM_ActiveLogPort
                0x200013bc        0x1 ./Application/User/stm32f4xx_nucleo.o
 *fill*         0x200013bd        0x3 
 .bss.hcom_uart
                0x200013c0       0x48 ./Application/User/stm32f4xx_nucleo.o
                0x200013c0                hcom_uart
 .bss.I2C1InitCounter
                0x20001408        0x4 ./Application/User/stm32f4xx_nucleo_bus.o
 .bss.hi2c1     0x2000140c       0x54 ./Application/User/stm32f4xx_nucleo_bus.o
                0x2000140c                hi2c1
 .bss.__sbrk_heap_end
                0x20001460        0x4 ./Application/User/sysmem.o
 .bss.data.0    0x20001464      0x550 ./Drivers/BSP/Components/vl53l8cx.o
 .bss.thresholds.1
                0x200019b4      0x300 ./Drivers/BSP/Components/vl53l8cx.o
 .bss.uwTick    0x20001cb4        0x4 ./Drivers/STM32F4xx_HAL_Driver/stm32f4xx_hal.o
                0x20001cb4                uwTick