/Users/omuryildirim/Downloads/en.X-CUBE-TOF1/Drivers/STM32F4xx_HAL_Driver/Src/stm32f4xx_hal.c:158:19:HAL_Init	8	static
/Users/omuryildirim/Downloads/en.X-CUBE-TOF1/Drivers/STM32F4xx_HAL_Driver/Src/stm32f4xx_hal.c:191:19:HAL_DeInit	8	static
/Users/omuryildirim/Downloads/en.X-CUBE-TOF1/Drivers/STM32F4xx_HAL_Driver/Src/stm32f4xx_hal.c:220:13:HAL_MspInit	4	static
/Users/omuryildirim/Downloads/en.X-CUBE-TOF1/Drivers/STM32F4xx_HAL_Driver/Src/stm32f4xx_hal.c:231:13:HAL_MspDeInit	4	static
/Users/omuryildirim/Downloads/en.X-CUBE-TOF1/Drivers/STM32F4xx_HAL_Driver/Src/stm32f4xx_hal.c:254:26:HAL_InitTick	16	static
/Users/omuryildirim/Downloads/en.X-CUBE-TOF1/Drivers/STM32F4xx_HAL_Driver/Src/stm32f4xx_hal.c:313:13:HAL_IncTick	4	static
/Users/omuryildirim/Downloads/en.X-CUBE-TOF1/Drivers/STM32F4xx_HAL_Driver/Src/stm32f4xx_hal.c:324:17:HAL_GetTick	4	static
/Users/omuryildirim/Downloads/en.X-CUBE-TOF1/Drivers/STM32F4xx_HAL_Driver/Src/stm32f4xx_hal.c:333:10:HAL_GetTickPrio	4	static
/Users/omuryildirim/Downloads/en.X-CUBE-TOF1/Drivers/STM32F4xx_HAL_Driver/Src/stm32f4xx_hal.c:342:19:HAL_SetTickFreq	24	static
/Users/omuryildirim/Downloads/en.X-CUBE-TOF1/Drivers/STM32F4xx_HAL_Driver/Src/stm32f4xx_hal.c:375:21:HAL_GetTickFreq	4	static
/Users/omuryildirim/Downloads/en.X-CUBE-TOF1/Drivers/STM32F4xx_HAL_Driver/Src/stm32f4xx_hal.c:391:13:HAL_Delay	24	static
/Users/omuryildirim/Downloads/en.X-CUBE-TOF1/Drivers/STM32F4xx_HAL_Driver/Src/stm32f4xx_hal.c:417:13:HAL_SuspendTick	4	static
/Users/omuryildirim/Downloads/en.X-CUBE-TOF1/Drivers/STM32F4xx_HAL_Driver/Src/stm32f4xx_hal.c:433:13:HAL_ResumeTick	4	static
/Users/omuryildirim/Downloads/en.X-CUBE-TOF1/Drivers/STM32F4xx_HAL_Driver/Src/stm32f4xx_hal.c:443:10:HAL_GetHalVersion	4	static
/Users/omuryildirim/Downloads/en.X-CUBE-TOF1/Drivers/STM32F4xx_HAL_Driver/Src/stm32f4xx_hal.c:452:10:HAL_GetREVID	4	static
/Users/omuryildirim/Downloads/en.X-CUBE-TOF1/Drivers/STM32F4xx_HAL_Driver/Src/stm32f4xx_hal.c:461:10:HAL_GetDEVID	4	static
/Users/omuryildirim/Downloads/en.X-CUBE-TOF1/Drivers/STM32F4xx_HAL_Driver/Src/stm32f4xx_hal.c:470:6:HAL_DBGMCU_EnableDBGSleepMode	4	static
/Users/omuryildirim/Downloads/en.X-CUBE-TOF1/Drivers/STM32F4xx_HAL_Driver/Src/stm32f4xx_hal.c:479:6:HAL_DBGMCU_DisableDBGSleepMode	4	static
/Users/omuryildirim/Downloads/en.X-CUBE-TOF1/Drivers/STM32F4xx_HAL_Driver/Src/stm32f4xx_hal.c:488:6:HAL_DBGMCU_EnableDBGStopMode	4	static
/Users/omuryildirim/Downloads/en.X-CUBE-TOF1/Drivers/STM32F4xx_HAL_Driver/Src/stm32f4xx_hal.c:497:6:HAL_DBGMCU_DisableDBGStopMode	4	static
/Users/omuryildirim/Downloads/en.X-CUBE-TOF1/Drivers/STM32F4xx_HAL_Driver/Src/stm32f4xx_hal.c:506:6:HAL_DBGMCU_EnableDBGStandbyMode	4	static
/Users/omuryildirim/Downloads/en.X-CUBE-TOF1/Drivers/STM32F4xx_HAL_Driver/Src/stm32f4xx_hal.c:515:6:HAL_DBGMCU_DisableDBGStandbyMode	4	static
/Users/omuryildirim/Downloads/en.X-CUBE-TOF1/Drivers/STM32F4xx_HAL_Driver/Src/stm32f4xx_hal.c:526:6:HAL_EnableCompensationCell	4	static
/Users/omuryildirim/Downloads/en.X-CUBE-TOF1/Drivers/STM32F4xx_HAL_Driver/Src/stm32f4xx_hal.c:537:6:HAL_DisableCompensationCell	4	static
/Users/omuryildirim/Downloads/en.X-CUBE-TOF1/Drivers/STM32F4xx_HAL_Driver/Src/stm32f4xx_hal.c:546:10:HAL_GetUIDw0	4	static
/Users/omuryildirim/Downloads/en.X-CUBE-TOF1/Drivers/STM32F4xx_HAL_Driver/Src/stm32f4xx_hal.c:555:10:HAL_GetUIDw1	4	static
/Users/omuryildirim/Downloads/en.X-CUBE-TOF1/Drivers/STM32F4xx_HAL_Driver/Src/stm32f4xx_hal.c:564:10:HAL_GetUIDw2	4	static
