/Users/omuryildirim/Downloads/en.X-CUBE-TOF1/Projects/NUCLEO-F401RE/Examples/CUSTOM/VL53L8CX_SimpleRanging/Src/app_tof.c:69:6:MX_TOF_Init	8	static
/Users/omuryildirim/Downloads/en.X-CUBE-TOF1/Projects/NUCLEO-F401RE/Examples/CUSTOM/VL53L8CX_SimpleRanging/Src/app_tof.c:91:6:MX_TOF_Process	8	static
/Users/omuryildirim/Downloads/en.X-CUBE-TOF1/Projects/NUCLEO-F401RE/Examples/CUSTOM/VL53L8CX_SimpleRanging/Src/app_tof.c:104:13:MX_VL53L8CX_SimpleRanging_Init	8	static
/Users/omuryildirim/Downloads/en.X-CUBE-TOF1/Projects/NUCLEO-F401RE/Examples/CUSTOM/VL53L8CX_SimpleRanging/Src/app_tof.c:192:13:MX_VL53L8CX_SimpleRanging_Process	16	static
/Users/omuryildirim/Downloads/en.X-CUBE-TOF1/Projects/NUCLEO-F401RE/Examples/CUSTOM/VL53L8CX_SimpleRanging/Src/app_tof.c:231:13:print_result	1040	static
/Users/omuryildirim/Downloads/en.X-CUBE-TOF1/Projects/NUCLEO-F401RE/Examples/CUSTOM/VL53L8CX_SimpleRanging/Src/app_tof.c:392:13:toggle_resolution	8	static
/Users/omuryildirim/Downloads/en.X-CUBE-TOF1/Projects/NUCLEO-F401RE/Examples/CUSTOM/VL53L8CX_SimpleRanging/Src/app_tof.c:422:13:toggle_signal_and_ambient	8	static
/Users/omuryildirim/Downloads/en.X-CUBE-TOF1/Projects/NUCLEO-F401RE/Examples/CUSTOM/VL53L8CX_SimpleRanging/Src/app_tof.c:433:13:clear_screen	8	static
/Users/omuryildirim/Downloads/en.X-CUBE-TOF1/Projects/NUCLEO-F401RE/Examples/CUSTOM/VL53L8CX_SimpleRanging/Src/app_tof.c:439:13:display_commands_banner	8	static
/Users/omuryildirim/Downloads/en.X-CUBE-TOF1/Projects/NUCLEO-F401RE/Examples/CUSTOM/VL53L8CX_SimpleRanging/Src/app_tof.c:458:13:handle_cmd	16	static
/Users/omuryildirim/Downloads/en.X-CUBE-TOF1/Projects/NUCLEO-F401RE/Examples/CUSTOM/VL53L8CX_SimpleRanging/Src/app_tof.c:481:16:get_key	16	static
/Users/omuryildirim/Downloads/en.X-CUBE-TOF1/Projects/NUCLEO-F401RE/Examples/CUSTOM/VL53L8CX_SimpleRanging/Src/app_tof.c:490:17:com_has_data	4	static
