/Users/omuryildirim/Downloads/en.X-CUBE-TOF1/Projects/NUCLEO-F401RE/Examples/CUSTOM/VL53L8CX_SimpleRanging/Src/main.c:74:5:main	8	static
/Users/omuryildirim/Downloads/en.X-CUBE-TOF1/Projects/NUCLEO-F401RE/Examples/CUSTOM/VL53L8CX_SimpleRanging/Src/main.c:153:6:SystemClock_Config	88	static
/Users/omuryildirim/Downloads/en.X-CUBE-TOF1/Projects/NUCLEO-F401RE/Examples/CUSTOM/VL53L8CX_SimpleRanging/Src/main.c:200:13:MX_I2C3_Init	8	static
/Users/omuryildirim/Downloads/en.X-CUBE-TOF1/Projects/NUCLEO-F401RE/Examples/CUSTOM/VL53L8CX_SimpleRanging/Src/main.c:234:13:MX_TIM11_Init	8	static
/Users/omuryildirim/Downloads/en.X-CUBE-TOF1/Projects/NUCLEO-F401RE/Examples/CUSTOM/VL53L8CX_SimpleRanging/Src/main.c:265:13:MX_GPIO_Init	48	static
/Users/omuryildirim/Downloads/en.X-CUBE-TOF1/Projects/NUCLEO-F401RE/Examples/CUSTOM/VL53L8CX_SimpleRanging/Src/main.c:324:6:HAL_TIM_PeriodElapsedCallback	152	static
/Users/omuryildirim/Downloads/en.X-CUBE-TOF1/Projects/NUCLEO-F401RE/Examples/CUSTOM/VL53L8CX_SimpleRanging/Src/main.c:347:6:Error_Handler	4	static,ignoring_inline_asm
