D:/Projects/vecihi/nucleo-f401re/VL53L8CX_SimpleRanging/Src/main.c:74:5:main	2
D:/Projects/vecihi/nucleo-f401re/VL53L8CX_SimpleRanging/Src/main.c:153:6:SystemClock_Config	3
D:/Projects/vecihi/nucleo-f401re/VL53L8CX_SimpleRanging/Src/main.c:200:13:MX_I2C3_Init	2
D:/Projects/vecihi/nucleo-f401re/VL53L8CX_SimpleRanging/Src/main.c:234:13:MX_TIM11_Init	2
D:/Projects/vecihi/nucleo-f401re/VL53L8CX_SimpleRanging/Src/main.c:265:13:MX_GPIO_Init	1
D:/Projects/vecihi/nucleo-f401re/VL53L8CX_SimpleRanging/Src/main.c:324:6:HAL_TIM_PeriodElapsedCallback	2
D:/Projects/vecihi/nucleo-f401re/VL53L8CX_SimpleRanging/Src/main.c:347:6:Error_Handler	1
