/Users/omuryildirim/dev/en.X-CUBE-TOF1/Drivers/BSP/Components/vl53l8cx/porting/platform.c:15:9:VL53L8CX_RdByte	8	static
/Users/omuryildirim/dev/en.X-CUBE-TOF1/Drivers/BSP/Components/vl53l8cx/porting/platform.c:23:9:VL53L8CX_WrByte	16	static
/Users/omuryildirim/dev/en.X-CUBE-TOF1/Drivers/BSP/Components/vl53l8cx/porting/platform.c:31:9:VL53L8CX_WrMulti	8	static
/Users/omuryildirim/dev/en.X-CUBE-TOF1/Drivers/BSP/Components/vl53l8cx/porting/platform.c:40:9:VL53L8CX_RdMulti	8	static
/Users/omuryildirim/dev/en.X-CUBE-TOF1/Drivers/BSP/Components/vl53l8cx/porting/platform.c:49:6:VL53L8CX_SwapBuffer	8	static
/Users/omuryildirim/dev/en.X-CUBE-TOF1/Drivers/BSP/Components/vl53l8cx/porting/platform.c:68:9:VL53L8CX_WaitMs	16	static
