/Users/omuryildirim/dev/en.X-CUBE-TOF1/Projects/NUCLEO-F401RE/Examples/CUSTOM/VL53L8CX_SimpleRanging/Src/main.c:65:5:main	8	static
/Users/omuryildirim/dev/en.X-CUBE-TOF1/Projects/NUCLEO-F401RE/Examples/CUSTOM/VL53L8CX_SimpleRanging/Src/main.c:111:6:SystemClock_Config	88	static
/Users/omuryildirim/dev/en.X-CUBE-TOF1/Projects/NUCLEO-F401RE/Examples/CUSTOM/VL53L8CX_SimpleRanging/Src/main.c:158:13:MX_GPIO_Init	48	static
/Users/omuryildirim/dev/en.X-CUBE-TOF1/Projects/NUCLEO-F401RE/Examples/CUSTOM/VL53L8CX_SimpleRanging/Src/main.c:224:6:Error_Handler	4	static,ignoring_inline_asm
