/Users/omuryildirim/dev/en.X-CUBE-TOF1/Projects/NUCLEO-F401RE/Examples/CUSTOM/VL53L8CX_SimpleRanging/Src/custom_ranging_sensor.c:37:9:CUSTOM_RANGING_SENSOR_Init	48	static
/Users/omuryildirim/dev/en.X-CUBE-TOF1/Projects/NUCLEO-F401RE/Examples/CUSTOM/VL53L8CX_SimpleRanging/Src/custom_ranging_sensor.c:77:9:CUSTOM_RANGING_SENSOR_DeInit	8	static
/Users/omuryildirim/dev/en.X-CUBE-TOF1/Projects/NUCLEO-F401RE/Examples/CUSTOM/VL53L8CX_SimpleRanging/Src/custom_ranging_sensor.c:103:9:CUSTOM_RANGING_SENSOR_ReadID	8	static
/Users/omuryildirim/dev/en.X-CUBE-TOF1/Projects/NUCLEO-F401RE/Examples/CUSTOM/VL53L8CX_SimpleRanging/Src/custom_ranging_sensor.c:130:9:CUSTOM_RANGING_SENSOR_GetCapabilities	8	static
/Users/omuryildirim/dev/en.X-CUBE-TOF1/Projects/NUCLEO-F401RE/Examples/CUSTOM/VL53L8CX_SimpleRanging/Src/custom_ranging_sensor.c:156:9:CUSTOM_RANGING_SENSOR_ConfigProfile	8	static
/Users/omuryildirim/dev/en.X-CUBE-TOF1/Projects/NUCLEO-F401RE/Examples/CUSTOM/VL53L8CX_SimpleRanging/Src/custom_ranging_sensor.c:183:9:CUSTOM_RANGING_SENSOR_ConfigROI	8	static
/Users/omuryildirim/dev/en.X-CUBE-TOF1/Projects/NUCLEO-F401RE/Examples/CUSTOM/VL53L8CX_SimpleRanging/Src/custom_ranging_sensor.c:214:9:CUSTOM_RANGING_SENSOR_ConfigIT	8	static
/Users/omuryildirim/dev/en.X-CUBE-TOF1/Projects/NUCLEO-F401RE/Examples/CUSTOM/VL53L8CX_SimpleRanging/Src/custom_ranging_sensor.c:240:9:CUSTOM_RANGING_SENSOR_GetDistance	8	static
/Users/omuryildirim/dev/en.X-CUBE-TOF1/Projects/NUCLEO-F401RE/Examples/CUSTOM/VL53L8CX_SimpleRanging/Src/custom_ranging_sensor.c:266:9:CUSTOM_RANGING_SENSOR_Start	8	static
/Users/omuryildirim/dev/en.X-CUBE-TOF1/Projects/NUCLEO-F401RE/Examples/CUSTOM/VL53L8CX_SimpleRanging/Src/custom_ranging_sensor.c:291:9:CUSTOM_RANGING_SENSOR_Stop	8	static
/Users/omuryildirim/dev/en.X-CUBE-TOF1/Projects/NUCLEO-F401RE/Examples/CUSTOM/VL53L8CX_SimpleRanging/Src/custom_ranging_sensor.c:317:9:CUSTOM_RANGING_SENSOR_SetAddress	8	static
/Users/omuryildirim/dev/en.X-CUBE-TOF1/Projects/NUCLEO-F401RE/Examples/CUSTOM/VL53L8CX_SimpleRanging/Src/custom_ranging_sensor.c:343:9:CUSTOM_RANGING_SENSOR_GetAddress	8	static
/Users/omuryildirim/dev/en.X-CUBE-TOF1/Projects/NUCLEO-F401RE/Examples/CUSTOM/VL53L8CX_SimpleRanging/Src/custom_ranging_sensor.c:369:9:CUSTOM_RANGING_SENSOR_SetPowerMode	8	static
/Users/omuryildirim/dev/en.X-CUBE-TOF1/Projects/NUCLEO-F401RE/Examples/CUSTOM/VL53L8CX_SimpleRanging/Src/custom_ranging_sensor.c:395:9:CUSTOM_RANGING_SENSOR_GetPowerMode	8	static
