Archive member included to satisfy reference by file (symbol)

D:/ST/STM32CubeIDE_1.16.0/STM32CubeIDE/plugins/com.st.stm32cube.ide.mcu.externaltools.gnu-tools-for-stm32.12.3.rel1.win32_1.0.200.202406191623/tools/bin/../lib/gcc/arm-none-eabi/12.3.1/../../../../arm-none-eabi/lib/thumb/v7e-m+fp/hard\libc_nano.a(libc_a-exit.o)
                              D:/ST/STM32CubeIDE_1.16.0/STM32CubeIDE/plugins/com.st.stm32cube.ide.mcu.externaltools.gnu-tools-for-stm32.12.3.rel1.win32_1.0.200.202406191623/tools/bin/../lib/gcc/arm-none-eabi/12.3.1/../../../../arm-none-eabi/lib/thumb/v7e-m+fp/hard/crt0.o (exit)
D:/ST/STM32CubeIDE_1.16.0/STM32CubeIDE/plugins/com.st.stm32cube.ide.mcu.externaltools.gnu-tools-for-stm32.12.3.rel1.win32_1.0.200.202406191623/tools/bin/../lib/gcc/arm-none-eabi/12.3.1/../../../../arm-none-eabi/lib/thumb/v7e-m+fp/hard\libc_nano.a(libc_a-nano-vfprintf_float.o)
                              (_printf_float)
D:/ST/STM32CubeIDE_1.16.0/STM32CubeIDE/plugins/com.st.stm32cube.ide.mcu.externaltools.gnu-tools-for-stm32.12.3.rel1.win32_1.0.200.202406191623/tools/bin/../lib/gcc/arm-none-eabi/12.3.1/../../../../arm-none-eabi/lib/thumb/v7e-m+fp/hard\libc_nano.a(libc_a-nano-vfprintf_i.o)
                              D:/ST/STM32CubeIDE_1.16.0/STM32CubeIDE/plugins/com.st.stm32cube.ide.mcu.externaltools.gnu-tools-for-stm32.12.3.rel1.win32_1.0.200.202406191623/tools/bin/../lib/gcc/arm-none-eabi/12.3.1/../../../../arm-none-eabi/lib/thumb/v7e-m+fp/hard\libc_nano.a(libc_a-nano-vfprintf_float.o) (_printf_common)
D:/ST/STM32CubeIDE_1.16.0/STM32CubeIDE/plugins/com.st.stm32cube.ide.mcu.externaltools.gnu-tools-for-stm32.12.3.rel1.win32_1.0.200.202406191623/tools/bin/../lib/gcc/arm-none-eabi/12.3.1/../../../../arm-none-eabi/lib/thumb/v7e-m+fp/hard\libc_nano.a(libc_a-findfp.o)
                              D:/ST/STM32CubeIDE_1.16.0/STM32CubeIDE/plugins/com.st.stm32cube.ide.mcu.externaltools.gnu-tools-for-stm32.12.3.rel1.win32_1.0.200.202406191623/tools/bin/../lib/gcc/arm-none-eabi/12.3.1/../../../../arm-none-eabi/lib/thumb/v7e-m+fp/hard\libc_nano.a(libc_a-exit.o) (__stdio_exit_handler)
D:/ST/STM32CubeIDE_1.16.0/STM32CubeIDE/plugins/com.st.stm32cube.ide.mcu.externaltools.gnu-tools-for-stm32.12.3.rel1.win32_1.0.200.202406191623/tools/bin/../lib/gcc/arm-none-eabi/12.3.1/../../../../arm-none-eabi/lib/thumb/v7e-m+fp/hard\libc_nano.a(libc_a-fwalk.o)
                              D:/ST/STM32CubeIDE_1.16.0/STM32CubeIDE/plugins/com.st.stm32cube.ide.mcu.externaltools.gnu-tools-for-stm32.12.3.rel1.win32_1.0.200.202406191623/tools/bin/../lib/gcc/arm-none-eabi/12.3.1/../../../../arm-none-eabi/lib/thumb/v7e-m+fp/hard\libc_nano.a(libc_a-findfp.o) (_fwalk_sglue)
D:/ST/STM32CubeIDE_1.16.0/STM32CubeIDE/plugins/com.st.stm32cube.ide.mcu.externaltools.gnu-tools-for-stm32.12.3.rel1.win32_1.0.200.202406191623/tools/bin/../lib/gcc/arm-none-eabi/12.3.1/../../../../arm-none-eabi/lib/thumb/v7e-m+fp/hard\libc_nano.a(libc_a-printf.o)
                              ./Application/User/app_tof.o (printf)
D:/ST/STM32CubeIDE_1.16.0/STM32CubeIDE/plugins/com.st.stm32cube.ide.mcu.externaltools.gnu-tools-for-stm32.12.3.rel1.win32_1.0.200.202406191623/tools/bin/../lib/gcc/arm-none-eabi/12.3.1/../../../../arm-none-eabi/lib/thumb/v7e-m+fp/hard\libc_nano.a(libc_a-putchar.o)
                              ./Application/User/app_tof.o (putchar)
D:/ST/STM32CubeIDE_1.16.0/STM32CubeIDE/plugins/com.st.stm32cube.ide.mcu.externaltools.gnu-tools-for-stm32.12.3.rel1.win32_1.0.200.202406191623/tools/bin/../lib/gcc/arm-none-eabi/12.3.1/../../../../arm-none-eabi/lib/thumb/v7e-m+fp/hard\libc_nano.a(libc_a-puts.o)
                              ./Application/User/app_tof.o (puts)
D:/ST/STM32CubeIDE_1.16.0/STM32CubeIDE/plugins/com.st.stm32cube.ide.mcu.externaltools.gnu-tools-for-stm32.12.3.rel1.win32_1.0.200.202406191623/tools/bin/../lib/gcc/arm-none-eabi/12.3.1/../../../../arm-none-eabi/lib/thumb/v7e-m+fp/hard\libc_nano.a(libc_a-sprintf.o)
                              ./Application/User/main.o (sprintf)
D:/ST/STM32CubeIDE_1.16.0/STM32CubeIDE/plugins/com.st.stm32cube.ide.mcu.externaltools.gnu-tools-for-stm32.12.3.rel1.win32_1.0.200.202406191623/tools/bin/../lib/gcc/arm-none-eabi/12.3.1/../../../../arm-none-eabi/lib/thumb/v7e-m+fp/hard\libc_nano.a(libc_a-stdio.o)
                              D:/ST/STM32CubeIDE_1.16.0/STM32CubeIDE/plugins/com.st.stm32cube.ide.mcu.externaltools.gnu-tools-for-stm32.12.3.rel1.win32_1.0.200.202406191623/tools/bin/../lib/gcc/arm-none-eabi/12.3.1/../../../../arm-none-eabi/lib/thumb/v7e-m+fp/hard\libc_nano.a(libc_a-findfp.o) (__sread)
D:/ST/STM32CubeIDE_1.16.0/STM32CubeIDE/plugins/com.st.stm32cube.ide.mcu.externaltools.gnu-tools-for-stm32.12.3.rel1.win32_1.0.200.202406191623/tools/bin/../lib/gcc/arm-none-eabi/12.3.1/../../../../arm-none-eabi/lib/thumb/v7e-m+fp/hard\libc_nano.a(libc_a-wbuf.o)
[...]
Memory Configuration

Name             Origin             Length             Attributes
RAM              0x20000000         0x00018000         xrw
FLASH            0x08000000         0x00080000         xr
*default*        0x00000000         0xffffffff

Linker script and memory map

LOAD D:/ST/STM32CubeIDE_1.16.0/STM32CubeIDE/plugins/com.st.stm32cube.ide.mcu.externaltools.gnu-tools-for-stm32.12.3.rel1.win32_1.0.200.202406191623/tools/bin/../lib/gcc/arm-none-eabi/12.3.1/thumb/v7e-m+fp/hard/crti.o
LOAD D:/ST/STM32CubeIDE_1.16.0/STM32CubeIDE/plugins/com.st.stm32cube.ide.mcu.externaltools.gnu-tools-for-stm32.12.3.rel1.win32_1.0.200.202406191623/tools/bin/../lib/gcc/arm-none-eabi/12.3.1/thumb/v7e-m+fp/hard/crtbegin.o
LOAD D:/ST/STM32CubeIDE_1.16.0/STM32CubeIDE/plugins/com.st.stm32cube.ide.mcu.externaltools.gnu-tools-for-stm32.12.3.rel1.win32_1.0.200.202406191623/tools/bin/../lib/gcc/arm-none-eabi/12.3.1/../../../../arm-none-eabi/lib/thumb/v7e-m+fp/hard/crt0.o
LOAD ./Application/Startup/startup_stm32f401retx.o
LOAD ./Application/User/MPUXX50.o
LOAD ./Application/User/app_tof.o
LOAD ./Application/User/app_tof_pin_conf.o
LOAD ./Application/User/custom_ranging_sensor.o
LOAD ./Application/User/i2c.o
LOAD ./Application/User/main.o
LOAD ./Application/User/stm32f4xx_hal_msp.o
LOAD ./Application/User/stm32f4xx_it.o
LOAD ./Application/User/stm32f4xx_nucleo.o
LOAD ./Application/User/stm32f4xx_nucleo_bus.o
LOAD ./Application/User/syscalls.o
LOAD ./Application/User/sysmem.o
LOAD ./Drivers/BSP/Components/platform.o
LOAD ./Drivers/BSP/Components/vl53l8cx.o
LOAD ./Drivers/BSP/Components/vl53l8cx_api.o
LOAD ./Drivers/BSP/Components/vl53l8cx_plugin_detection_thresholds.o
LOAD ./Drivers/BSP/Components/vl53l8cx_plugin_motion_indicator.o
LOAD ./Drivers/BSP/Components/vl53l8cx_plugin_xtalk.o
LOAD ./Drivers/CMSIS/system_stm32f4xx.o
LOAD ./Drivers/STM32F4xx_HAL_Driver/stm32f4xx_hal.o
LOAD ./Drivers/STM32F4xx_HAL_Driver/stm32f4xx_hal_cortex.o
LOAD ./Drivers/STM32F4xx_HAL_Driver/stm32f4xx_hal_dma.o
LOAD ./Drivers/STM32F4xx_HAL_Driver/stm32f4xx_hal_dma_ex.o
LOAD ./Drivers/STM32F4xx_HAL_Driver/stm32f4xx_hal_exti.o
LOAD ./Drivers/STM32F4xx_HAL_Driver/stm32f4xx_hal_flash.o
LOAD ./Drivers/STM32F4xx_HAL_Driver/stm32f4xx_hal_flash_ex.o
LOAD ./Drivers/STM32F4xx_HAL_Driver/stm32f4xx_hal_flash_ramfunc.o
LOAD ./Drivers/STM32F4xx_HAL_Driver/stm32f4xx_hal_gpio.o
LOAD ./Drivers/STM32F4xx_HAL_Driver/stm32f4xx_hal_i2c.o
LOAD ./Drivers/STM32F4xx_HAL_Driver/stm32f4xx_hal_i2c_ex.o
LOAD ./Drivers/STM32F4xx_HAL_Driver/stm32f4xx_hal_pwr.o
LOAD ./Drivers/STM32F4xx_HAL_Driver/stm32f4xx_hal_pwr_ex.o
LOAD ./Drivers/STM32F4xx_HAL_Driver/stm32f4xx_hal_rcc.o
LOAD ./Drivers/STM32F4xx_HAL_Driver/stm32f4xx_hal_rcc_ex.o
LOAD ./Drivers/STM32F4xx_HAL_Driver/stm32f4xx_hal_tim.o
LOAD ./Drivers/STM32F4xx_HAL_Driver/stm32f4xx_hal_tim_ex.o
LOAD ./Drivers/STM32F4xx_HAL_Driver/stm32f4xx_hal_uart.o
START GROUP
LOAD D:/ST/STM32CubeIDE_1.16.0/STM32CubeIDE/plugins/com.st.stm32cube.ide.mcu.externaltools.gnu-tools-for-stm32.12.3.rel1.win32_1.0.200.202406191623/tools/bin/../lib/gcc/arm-none-eabi/12.3.1/../../../../arm-none-eabi/lib/thumb/v7e-m+fp/hard\libc_nano.a
LOAD D:/ST/STM32CubeIDE_1.16.0/STM32CubeIDE/plugins/com.st.stm32cube.ide.mcu.externaltools.gnu-tools-for-stm32.12.3.rel1.win32_1.0.200.202406191623/tools/bin/../lib/gcc/arm-none-eabi/12.3.1/../../../../arm-none-eabi/lib/thumb/v7e-m+fp/hard\libm.a
END GROUP
START GROUP
LOAD D:/ST/STM32CubeIDE_1.16.0/STM32CubeIDE/plugins/com.st.stm32cube.ide.mcu.externaltools.gnu-tools-for-stm32.12.3.rel1.win32_1.0.200.202406191623/tools/bin/../lib/gcc/arm-none-eabi/12.3.1/thumb/v7e-m+fp/hard\libgcc.a
LOAD D:/ST/STM32CubeIDE_1.16.0/STM32CubeIDE/plugins/com.st.stm32cube.ide.mcu.externaltools.gnu-tools-for-stm32.12.3.rel1.win32_1.0.200.202406191623/tools/bin/../lib/gcc/arm-none-eabi/12.3.1/../../../../arm-none-eabi/lib/thumb/v7e-m+fp/hard\libc_nano.a
END GROUP
START GROUP
LOAD D:/ST/STM32CubeIDE_1.16.0/STM32CubeIDE/plugins/com.st.stm32cube.ide.mcu.externaltools.gnu-tools-for-stm32.12.3.rel1.win32_1.0.200.202406191623/tools/bin/../lib/gcc/arm-none-eabi/12.3.1/thumb/v7e-m+fp/hard\libgcc.a
LOAD D:/ST/STM32CubeIDE_1.16.0/STM32CubeIDE/plugins/com.st.stm32cube.ide.mcu.externaltools.gnu-tools-for-stm32.12.3.rel1.win32_1.0.200.202406191623/tools/bin/../lib/gcc/arm-none-eabi/12.3.1/../../../../arm-none-eabi/lib/thumb/v7e-m+fp/hard\libc_nano.a
LOAD D:/ST/STM32CubeIDE_1.16.0/STM32CubeIDE/plugins/com.st.stm32cube.ide.mcu.externaltools.gnu-tools-for-stm32.12.3.rel1.win32_1.0.200.202406191623/tools/bin/../lib/gcc/arm-none-eabi/12.3.1/../../../../arm-none-eabi/lib/thumb/v7e-m+fp/hard\libnosys.a
END GROUP
START GROUP
LOAD D:/ST/STM32CubeIDE_1.16.0/STM32CubeIDE/plugins/com.st.stm32cube.ide.mcu.externaltools.gnu-tools-for-stm32.12.3.rel1.win32_1.0.200.202406191623/tools/bin/../lib/gcc/arm-none-eabi/12.3.1/thumb/v7e-m+fp/hard\libgcc.a
LOAD D:/ST/STM32CubeIDE_1.16.0/STM32CubeIDE/plugins/com.st.stm32cube.ide.mcu.externaltools.gnu-tools-for-stm32.12.3.rel1.win32_1.0.200.202406191623/tools/bin/../lib/gcc/arm-none-eabi/12.3.1/../../../../arm-none-eabi/lib/thumb/v7e-m+fp/hard\libc_nano.a
LOAD D:/ST/STM32CubeIDE_1.16.0/STM32CubeIDE/plugins/com.st.stm32cube.ide.mcu.externaltools.gnu-tools-for-stm32.12.3.rel1.win32_1.0.200.202406191623/tools/bin/../lib/gcc/arm-none-eabi/12.3.1/../../../../arm-none-eabi/lib/thumb/v7e-m+fp/hard\libnosys.a
END GROUP
LOAD D:/ST/STM32CubeIDE_1.16.0/STM32CubeIDE/plugins/com.st.stm32cube.ide.mcu.externaltools.gnu-tools-for-stm32.12.3.rel1.win32_1.0.200.202406191623/tools/bin/../lib/gcc/arm-none-eabi/12.3.1/thumb/v7e-m+fp/hard/crtend.o
LOAD D:/ST/STM32CubeIDE_1.16.0/STM32CubeIDE/plugins/com.st.stm32cube.ide.mcu.externaltools.gnu-tools-for-stm32.12.3.rel1.win32_1.0.200.202406191623/tools/bin/../lib/gcc/arm-none-eabi/12.3.1/thumb/v7e-m+fp/hard/crtn.o
                0x20018000                        _estack = (ORIGIN (RAM) + LENGTH (RAM))
                0x00000200                        _Min_Heap_Size = 0x200
                0x00000800                        _Min_Stack_Size = 0x800

.isr_vector     0x08000000      0x194
                0x08000000                        . = ALIGN (0x4)
 *(.isr_vector)
 .isr_vector    0x08000000      0x194 ./Application/Startup/startup_stm32f401retx.o
                0x08000000                g_pfnVectors
                0x08000194                        . = ALIGN (0x4)

.text           0x080001a0     0xc028
                0x080001a0                        . = ALIGN (0x4)
 *(.text)
 .text          0x080001a0       0x40 D:/ST/STM32CubeIDE_1.16.0/STM32CubeIDE/plugins/com.st.stm32cube.ide.mcu.externaltools.gnu-tools-for-stm32.12.3.rel1.win32_1.0.200.202406191623/tools/bin/../lib/gcc/arm-none-eabi/12.3.1/thumb/v7e-m+fp/hard/crtbegin.o
 .text          0x080001e0       0xa0 D:/ST/STM32CubeIDE_1.16.0/STM32CubeIDE/plugins/com.st.stm32cube.ide.mcu.externaltools.gnu-tools-for-stm32.12.3.rel1.win32_1.0.200.202406191623/tools/bin/../lib/gcc/arm-none-eabi/12.3.1/../../../../arm-none-eabi/lib/thumb/v7e-m+fp/hard\libc_nano.a(libc_a-memchr.o)
                0x080001e0                memchr
 .text          0x08000280       0x10 D:/ST/STM32CubeIDE_1.16.0/STM32CubeIDE/plugins/com.st.stm32cube.ide.mcu.externaltools.gnu-tools-for-stm32.12.3.rel1.win32_1.0.200.202406191623/tools/bin/../lib/gcc/arm-none-eabi/12.3.1/../../../../arm-none-eabi/lib/thumb/v7e-m+fp/hard\libc_nano.a(libc_a-strlen.o)
                0x08000280                strlen
 .text          0x08000290      0x378 D:/ST/STM32CubeIDE_1.16.0/STM32CubeIDE/plugins/com.st.stm32cube.ide.mcu.externaltools.gnu-tools-for-stm32.12.3.rel1.win32_1.0.200.202406191623/tools/bin/../lib/gcc/arm-none-eabi/12.3.1/thumb/v7e-m+fp/hard\libgcc.a(_arm_addsubdf3.o)
                0x08000290                __aeabi_drsub
                0x08000298                __aeabi_dsub
                0x08000298                __subdf3
                0x0800029c                __aeabi_dadd
                0x0800029c                __adddf3
                0x08000514                __floatunsidf
                0x08000514                __aeabi_ui2d
                0x08000534                __floatsidf
                0x08000534                __aeabi_i2d
                0x08000558                __aeabi_f2d
                0x08000558                __extendsfdf2
                0x0800059c                __floatundidf
                0x0800059c                __aeabi_ul2d
                0x080005ac                __floatdidf
                0x080005ac                __aeabi_l2d
 .text          0x08000608      0x424 D:/ST/STM32CubeIDE_1.16.0/STM32CubeIDE/plugins/com.st.stm32cube.ide.mcu.externaltools.gnu-tools-for-stm32.12.3.rel1.win32_1.0.200.202406191623/tools/bin/../lib/gcc/arm-none-eabi/12.3.1/thumb/v7e-m+fp/hard\libgcc.a(_arm_muldivdf3.o)
                0x08000608                __aeabi_dmul
                0x08000608                __muldf3
                0x0800085c                __divdf3
                0x0800085c                __aeabi_ddiv
 .text          0x08000a2c      0x110 D:/ST/STM32CubeIDE_1.16.0/STM32CubeIDE/plugins/com.st.stm32cube.ide.mcu.externaltools.gnu-tools-for-stm32.12.3.rel1.win32_1.0.200.202406191623/tools/bin/../lib/gcc/arm-none-eabi/12.3.1/thumb/v7e-m+fp/hard\libgcc.a(_arm_cmpdf2.o)
                0x08000a2c                __gtdf2
                0x08000a2c                __gedf2
                0x08000a34                __ltdf2
                0x08000a34                __ledf2
                0x08000a3c                __nedf2
                0x08000a3c                __eqdf2
                0x08000a3c                __cmpdf2
                0x08000ab8                __aeabi_cdrcmple
                0x08000ac8                __aeabi_cdcmpeq
                0x08000ac8                __aeabi_cdcmple
                0x08000ad8                __aeabi_dcmpeq
                0x08000aec                __aeabi_dcmplt
                0x08000b00                __aeabi_dcmple
                0x08000b14                __aeabi_dcmpge
                0x08000b28                __aeabi_dcmpgt
 .text          0x08000b3c       0x2c D:/ST/STM32CubeIDE_1.16.0/STM32CubeIDE/plugins/com.st.stm32cube.ide.mcu.externaltools.gnu-tools-for-stm32.12.3.rel1.win32_1.0.200.202406191623/tools/bin/../lib/gcc/arm-none-eabi/12.3.1/thumb/v7e-m+fp/hard\libgcc.a(_arm_unorddf2.o)
                0x08000b3c                __unorddf2
                0x08000b3c                __aeabi_dcmpun
 .text          0x08000b68       0x50 D:/ST/STM32CubeIDE_1.16.0/STM32CubeIDE/plugins/com.st.stm32cube.ide.mcu.externaltools.gnu-tools-for-stm32.12.3.rel1.win32_1.0.200.202406191623/tools/bin/../lib/gcc/arm-none-eabi/12.3.1/thumb/v7e-m+fp/hard\libgcc.a(_arm_fixdfsi.o)
                0x08000b68                __aeabi_d2iz
                0x08000b68                __fixdfsi
 .text          0x08000bb8       0xa0 D:/ST/STM32CubeIDE_1.16.0/STM32CubeIDE/plugins/com.st.stm32cube.ide.mcu.externaltools.gnu-tools-for-stm32.12.3.rel1.win32_1.0.200.202406191623/tools/bin/../lib/gcc/arm-none-eabi/12.3.1/thumb/v7e-m+fp/hard\libgcc.a(_arm_truncdfsf2.o)
                0x08000bb8                __truncdfsf2
                0x08000bb8                __aeabi_d2f
 .text          0x08000c58       0x30 D:/ST/STM32CubeIDE_1.16.0/STM32CubeIDE/plugins/com.st.stm32cube.ide.mcu.externaltools.gnu-tools-for-stm32.12.3.rel1.win32_1.0.200.202406191623/tools/bin/../lib/gcc/arm-none-eabi/12.3.1/thumb/v7e-m+fp/hard\libgcc.a(_aeabi_uldivmod.o)
                0x08000c58                __aeabi_uldivmod
 .text          0x08000c88      0x2bc D:/ST/STM32CubeIDE_1.16.0/STM32CubeIDE/plugins/com.st.stm32cube.ide.mcu.externaltools.gnu-tools-for-stm32.12.3.rel1.win32_1.0.200.202406191623/tools/bin/../lib/gcc/arm-none-eabi/12.3.1/thumb/v7e-m+fp/hard\libgcc.a(_udivmoddi4.o)
                0x08000c88                __udivmoddi4
 .text          0x08000f44        0x4 D:/ST/STM32CubeIDE_1.16.0/STM32CubeIDE/plugins/com.st.stm32cube.ide.mcu.externaltools.gnu-tools-for-stm32.12.3.rel1.win32_1.0.200.202406191623/tools/bin/../lib/gcc/arm-none-eabi/12.3.1/thumb/v7e-m+fp/hard\libgcc.a(_dvmd_tls.o)
                0x08000f44                __aeabi_idiv0
                0x08000f44                __aeabi_ldiv0
 *(.text*)
 .text.Reset_Handler
                0x08000f48       0x50 ./Application/Startup/startup_stm32f401retx.o
                0x08000f48                Reset_Handler
 .text.Default_Handler
                0x08000f98        0x2 ./Application/Startup/startup_stm32f401retx.o
                0x08000f98                RTC_Alarm_IRQHandler
                0x08000f98                EXTI2_IRQHandler
                0x08000f98                SPI4_IRQHandler
                0x08000f98                TIM1_CC_IRQHandler
                0x08000f98                DMA2_Stream5_IRQHandler
                0x08000f98                DMA1_Stream5_IRQHandler
                0x08000f98                PVD_IRQHandler
                0x08000f98                SDIO_IRQHandler
                0x08000f98                TAMP_STAMP_IRQHandler
                0x08000f98                EXTI3_IRQHandler
                0x08000f98                TIM1_UP_TIM10_IRQHandler
                0x08000f98                I2C3_ER_IRQHandler
                0x08000f98                EXTI0_IRQHandler
                0x08000f98                I2C2_EV_IRQHandler
                0x08000f98                DMA1_Stream2_IRQHandler
                0x08000f98                FPU_IRQHandler
                0x08000f98                DMA2_Stream2_IRQHandler
                0x08000f98                SPI1_IRQHandler
                0x08000f98                TIM1_BRK_TIM9_IRQHandler
                0x08000f98                DMA2_Stream3_IRQHandler
                0x08000f98                USART6_IRQHandler
                0x08000f98                DMA2_Stream0_IRQHandler
                0x08000f98                TIM4_IRQHandler
                0x08000f98                I2C1_EV_IRQHandler
                0x08000f98                DMA1_Stream6_IRQHandler
                0x08000f98                DMA1_Stream1_IRQHandler
                0x08000f98                TIM3_IRQHandler
                0x08000f98                RCC_IRQHandler
                0x08000f98                Default_Handler
                0x08000f98                ADC_IRQHandler
                0x08000f98                DMA1_Stream7_IRQHandler
                0x08000f98                TIM5_IRQHandler
                0x08000f98                DMA2_Stream7_IRQHandler
                0x08000f98                I2C3_EV_IRQHandler
                0x08000f98                EXTI9_5_IRQHandler
                0x08000f98                RTC_WKUP_IRQHandler
                0x08000f98                SPI2_IRQHandler
                0x08000f98                DMA1_Stream0_IRQHandler
                0x08000f98                WWDG_IRQHandler
                0x08000f98                TIM2_IRQHandler
                0x08000f98                OTG_FS_WKUP_IRQHandler
                0x08000f98                EXTI1_IRQHandler
                0x08000f98                USART2_IRQHandler
                0x08000f98                I2C2_ER_IRQHandler
                0x08000f98                DMA2_Stream1_IRQHandler
                0x08000f98                FLASH_IRQHandler
                0x08000f98                DMA2_Stream4_IRQHandler
                0x08000f98                USART1_IRQHandler
                0x08000f98                OTG_FS_IRQHandler
                0x08000f98                SPI3_IRQHandler
                0x08000f98                DMA1_Stream4_IRQHandler
                0x08000f98                I2C1_ER_IRQHandler
                0x08000f98                DMA2_Stream6_IRQHandler
                0x08000f98                DMA1_Stream3_IRQHandler
 .text.MPUXX50_Init
                0x08000f9a       0x2a ./Application/User/MPUXX50.o
                0x08000f9a                MPUXX50_Init
 .text.MPUXX50_Begin
                0x08000fc4       0xca ./Application/User/MPUXX50.o
                0x08000fc4                MPUXX50_Begin
 *fill*         0x0800108e        0x2 
 .text.MPUXX50_WriteAccFullScaleRange
                0x08001090       0x98 ./Application/User/MPUXX50.o
                0x08001090                MPUXX50_WriteAccFullScaleRange
 .text.MPUXX50_WriteGyroFullScaleRange
                0x08001128       0xa0 ./Application/User/MPUXX50.o
                0x08001128                MPUXX50_WriteGyroFullScaleRange
 .text.MPUXX50_SetGyroFullScaleRange
                0x080011c8       0x1e ./Application/User/MPUXX50.o
                0x080011c8                MPUXX50_SetGyroFullScaleRange
 .text.MPUXX50_SetAccFullScaleRange
                0x080011e6       0x1e ./Application/User/MPUXX50.o
                0x080011e6                MPUXX50_SetAccFullScaleRange
 .text.MPUXX50_SetDeltaTime
                0x08001204       0x1e ./Application/User/MPUXX50.o
                0x08001204                MPUXX50_SetDeltaTime
 .text.MPUXX50_SetTau
                0x08001222       0x1e ./Application/User/MPUXX50.o
                0x08001222                MPUXX50_SetTau
 .text.MPUXX50_CalibrateGyro
                0x08001240       0xce ./Application/User/MPUXX50.o
                0x08001240                MPUXX50_CalibrateGyro
 .text.MPUXX50_ReadRawData
                0x0800130e       0xa4 ./Application/User/MPUXX50.o
                0x0800130e                MPUXX50_ReadRawData
 .text.MPUXX50_ProcessData
                0x080013b2       0xec ./Application/User/MPUXX50.o
                0x080013b2                MPUXX50_ProcessData
 *fill*         0x0800149e        0x2 
 .text.MPUXX50_CalcAttitude
                0x080014a0      0x258 ./Application/User/MPUXX50.o
                0x080014a0                MPUXX50_CalcAttitude
 .text.MX_TOF_Init
                0x080016f8        0xc ./Application/User/app_tof.o
                0x080016f8                MX_TOF_Init
 .text.MX_TOF_Process
                0x08001704        0xc ./Application/User/app_tof.o
                0x08001704                MX_TOF_Process
 .text.MX_VL53L8CX_SimpleRanging_Init
                0x08001710       0x48 ./Application/User/app_tof.o
 .text.MX_VL53L8CX_SimpleRanging_Process
                0x08001758       0x98 ./Application/User/app_tof.o
 .text.print_result
                0x080017f0      0x36c ./Application/User/app_tof.o
 .text.toggle_resolution
                0x08001b5c       0x68 ./Application/User/app_tof.o
 .text.toggle_signal_and_ambient
                0x08001bc4       0x4c ./Application/User/app_tof.o
 .text.clear_screen
                0x08001c10       0x14 ./Application/User/app_tof.o
 .text.display_commands_banner
                0x08001c24       0x60 ./Application/User/app_tof.o
 .text.handle_cmd
                0x08001c84       0x40 ./Application/User/app_tof.o
 .text.get_key  0x08001cc4       0x28 ./Application/User/app_tof.o
 .text.com_has_data
                0x08001cec       0x28 ./Application/User/app_tof.o
 .text.HAL_GPIO_EXTI_Callback
                0x08001d14       0x28 ./Application/User/app_tof_pin_conf.o
                0x08001d14                HAL_GPIO_EXTI_Callback
 .text.CUSTOM_RANGING_SENSOR_Init
                0x08001d3c       0x4c ./Application/User/custom_ranging_sensor.o
                0x08001d3c                CUSTOM_RANGING_SENSOR_Init
 .text.CUSTOM_RANGING_SENSOR_ReadID
                0x08001d88       0x54 ./Application/User/custom_ranging_sensor.o
                0x08001d88                CUSTOM_RANGING_SENSOR_ReadID
 .text.CUSTOM_RANGING_SENSOR_GetCapabilities
                0x08001ddc       0x54 ./Application/User/custom_ranging_sensor.o
                0x08001ddc                CUSTOM_RANGING_SENSOR_GetCapabilities
 .text.CUSTOM_RANGING_SENSOR_ConfigProfile
                0x08001e30       0x54 ./Application/User/custom_ranging_sensor.o
                0x08001e30                CUSTOM_RANGING_SENSOR_ConfigProfile
 .text.CUSTOM_RANGING_SENSOR_GetDistance
                0x08001e84       0x54 ./Application/User/custom_ranging_sensor.o
                0x08001e84                CUSTOM_RANGING_SENSOR_GetDistance
 .text.CUSTOM_RANGING_SENSOR_Start
                0x08001ed8       0x58 ./Application/User/custom_ranging_sensor.o
                0x08001ed8                CUSTOM_RANGING_SENSOR_Start
 .text.CUSTOM_RANGING_SENSOR_Stop
                0x08001f30       0x50 ./Application/User/custom_ranging_sensor.o
                0x08001f30                CUSTOM_RANGING_SENSOR_Stop
 .text.VL53L8CX_Probe
                0x08001f80      0x100 ./Application/User/custom_ranging_sensor.o
 .text.reset_device
                0x08002080       0x50 ./Application/User/custom_ranging_sensor.o
 .text.main     0x080020d0       0xd0 ./Application/User/main.o
                0x080020d0                main
 .text.SystemClock_Config
                0x080021a0       0xd8 ./Application/User/main.o
                0x080021a0                SystemClock_Config
 .text.MX_I2C3_Init
                0x08002278       0x5c ./Application/User/main.o
 .text.MX_TIM11_Init
                0x080022d4       0x48 ./Application/User/main.o
 .text.MX_GPIO_Init
                0x0800231c      0x14c ./Application/User/main.o
 .text.HAL_TIM_PeriodElapsedCallback
                0x08002468      0x100 ./Application/User/main.o
                0x08002468                HAL_TIM_PeriodElapsedCallback
 .text.Error_Handler
                0x08002568        0xc ./Application/User/main.o
                0x08002568                Error_Handler
 .text.HAL_MspInit
                0x08002574       0x50 ./Application/User/stm32f4xx_hal_msp.o
                0x08002574                HAL_MspInit
 .text.HAL_I2C_MspInit
                0x080025c4       0xd0 ./Application/User/stm32f4xx_hal_msp.o
                0x080025c4                HAL_I2C_MspInit
 .text.HAL_I2C_MspDeInit
                0x08002694       0x48 ./Application/User/stm32f4xx_hal_msp.o
                0x08002694                HAL_I2C_MspDeInit
 .text.HAL_TIM_Base_MspInit
                0x080026dc       0x60 ./Application/User/stm32f4xx_hal_msp.o
                0x080026dc                HAL_TIM_Base_MspInit
 .text.NMI_Handler
                0x0800273c        0x8 ./Application/User/stm32f4xx_it.o
                0x0800273c                NMI_Handler
 .text.HardFault_Handler
                0x08002744        0x8 ./Application/User/stm32f4xx_it.o
                0x08002744                HardFault_Handler
 .text.MemManage_Handler
                0x0800274c        0x8 ./Application/User/stm32f4xx_it.o
                0x0800274c                MemManage_Handler
 .text.BusFault_Handler
                0x08002754        0x8 ./Application/User/stm32f4xx_it.o
                0x08002754                BusFault_Handler
 .text.UsageFault_Handler
                0x0800275c        0x8 ./Application/User/stm32f4xx_it.o
                0x0800275c                UsageFault_Handler
 .text.SVC_Handler
                0x08002764        0xe ./Application/User/stm32f4xx_it.o
                0x08002764                SVC_Handler
 .text.DebugMon_Handler
                0x08002772        0xe ./Application/User/stm32f4xx_it.o
                0x08002772                DebugMon_Handler
 .text.PendSV_Handler
                0x08002780        0xe ./Application/User/stm32f4xx_it.o
                0x08002780                PendSV_Handler
 .text.SysTick_Handler
                0x0800278e        0xc ./Application/User/stm32f4xx_it.o
                0x0800278e                SysTick_Handler
 .text.EXTI4_IRQHandler
                0x0800279a        0xe ./Application/User/stm32f4xx_it.o
                0x0800279a                EXTI4_IRQHandler
 .text.TIM1_TRG_COM_TIM11_IRQHandler
                0x080027a8       0x14 ./Application/User/stm32f4xx_it.o
                0x080027a8                TIM1_TRG_COM_TIM11_IRQHandler
 .text.EXTI15_10_IRQHandler
                0x080027bc       0x10 ./Application/User/stm32f4xx_it.o
                0x080027bc                EXTI15_10_IRQHandler
 .text.BSP_COM_Init
                0x080027cc       0x7c ./Application/User/stm32f4xx_nucleo.o
                0x080027cc                BSP_COM_Init
 .text.MX_USART2_UART_Init
                0x08002848       0x5c ./Application/User/stm32f4xx_nucleo.o
                0x08002848                MX_USART2_UART_Init
 .text.__io_putchar
                0x080028a4       0x38 ./Application/User/stm32f4xx_nucleo.o
                0x080028a4                __io_putchar
 .text.USART2_MspInit
                0x080028dc       0x90 ./Application/User/stm32f4xx_nucleo.o
 .text.BSP_I2C1_Init
                0x0800296c       0x64 ./Application/User/stm32f4xx_nucleo_bus.o
                0x0800296c                BSP_I2C1_Init
 .text.BSP_I2C1_DeInit
                0x080029d0       0x50 ./Application/User/stm32f4xx_nucleo_bus.o
                0x080029d0                BSP_I2C1_DeInit
 .text.BSP_I2C1_WriteReg16
                0x08002a20       0x64 ./Application/User/stm32f4xx_nucleo_bus.o
                0x08002a20                BSP_I2C1_WriteReg16
 .text.BSP_I2C1_ReadReg16
                0x08002a84       0x64 ./Application/User/stm32f4xx_nucleo_bus.o
                0x08002a84                BSP_I2C1_ReadReg16
 .text.BSP_GetTick
                0x08002ae8        0xe ./Application/User/stm32f4xx_nucleo_bus.o
                0x08002ae8                BSP_GetTick
 *fill*         0x08002af6        0x2 
 .text.MX_I2C1_Init
                0x08002af8       0x68 ./Application/User/stm32f4xx_nucleo_bus.o
                0x08002af8                MX_I2C1_Init
 .text.I2C1_MspInit
                0x08002b60       0x94 ./Application/User/stm32f4xx_nucleo_bus.o
 .text.I2C1_MspDeInit
                0x08002bf4       0x38 ./Application/User/stm32f4xx_nucleo_bus.o
 .text._getpid  0x08002c2c       0x10 ./Application/User/syscalls.o
                0x08002c2c                _getpid
 .text._kill    0x08002c3c       0x20 ./Application/User/syscalls.o
                0x08002c3c                _kill
 .text._exit    0x08002c5c       0x16 ./Application/User/syscalls.o
                0x08002c5c                _exit
 .text._read    0x08002c72       0x3a ./Application/User/syscalls.o
                0x08002c72                _read
 .text._write   0x08002cac       0x38 ./Application/User/syscalls.o
                0x08002cac                _write
 .text._close   0x08002ce4       0x18 ./Application/User/syscalls.o
                0x08002ce4                _close
 .text._fstat   0x08002cfc       0x20 ./Application/User/syscalls.o
                0x08002cfc                _fstat
 .text._isatty  0x08002d1c       0x16 ./Application/User/syscalls.o
                0x08002d1c                _isatty
 .text._lseek   0x08002d32       0x1a ./Application/User/syscalls.o
                0x08002d32                _lseek
 .text._sbrk    0x08002d4c       0x6c ./Application/User/sysmem.o
                0x08002d4c                _sbrk
 .text.VL53L8CX_RdByte
                0x08002db8       0x2a ./Drivers/BSP/Components/platform.o
                0x08002db8                VL53L8CX_RdByte
 .text.VL53L8CX_WrByte
                0x08002de2       0x2c ./Drivers/BSP/Components/platform.o
                0x08002de2                VL53L8CX_WrByte
 .text.VL53L8CX_WrMulti
                0x08002e0e       0x2e ./Drivers/BSP/Components/platform.o
                0x08002e0e                VL53L8CX_WrMulti
 .text.VL53L8CX_RdMulti
                0x08002e3c       0x2e ./Drivers/BSP/Components/platform.o
                0x08002e3c                VL53L8CX_RdMulti
 .text.VL53L8CX_SwapBuffer
                0x08002e6a       0x6c ./Drivers/BSP/Components/platform.o
                0x08002e6a                VL53L8CX_SwapBuffer
 .text.VL53L8CX_WaitMs
                0x08002ed6       0x34 ./Drivers/BSP/Components/platform.o
                0x08002ed6                VL53L8CX_WaitMs
 .text.VL53L8CX_RegisterBusIO
                0x08002f0a       0x90 ./Drivers/BSP/Components/vl53l8cx.o
                0x08002f0a                VL53L8CX_RegisterBusIO
 .text.VL53L8CX_Init
                0x08002f9a       0x7e ./Drivers/BSP/Components/vl53l8cx.o
                0x08002f9a                VL53L8CX_Init
 .text.VL53L8CX_DeInit
                0x08003018       0x52 ./Drivers/BSP/Components/vl53l8cx.o
                0x08003018                VL53L8CX_DeInit
 .text.VL53L8CX_ReadID
                0x0800306a       0xc0 ./Drivers/BSP/Components/vl53l8cx.o
                0x0800306a                VL53L8CX_ReadID
 .text.VL53L8CX_GetCapabilities
                0x0800312a       0x48 ./Drivers/BSP/Components/vl53l8cx.o
                0x0800312a                VL53L8CX_GetCapabilities
 *fill*         0x08003172        0x2 
 .text.VL53L8CX_ConfigProfile
                0x08003174      0x13c ./Drivers/BSP/Components/vl53l8cx.o
                0x08003174                VL53L8CX_ConfigProfile
 .text.VL53L8CX_ConfigROI
                0x080032b0       0x1a ./Drivers/BSP/Components/vl53l8cx.o
                0x080032b0                VL53L8CX_ConfigROI
 *fill*         0x080032ca        0x2 
 .text.VL53L8CX_ConfigIT
                0x080032cc      0x170 ./Drivers/BSP/Components/vl53l8cx.o
                0x080032cc                VL53L8CX_ConfigIT
 .text.VL53L8CX_GetDistance
                0x0800343c       0x74 ./Drivers/BSP/Components/vl53l8cx.o
                0x0800343c                VL53L8CX_GetDistance
 .text.VL53L8CX_Start
                0x080034b0       0xbc ./Drivers/BSP/Components/vl53l8cx.o
                0x080034b0                VL53L8CX_Start
 .text.VL53L8CX_Stop
                0x0800356c       0x56 ./Drivers/BSP/Components/vl53l8cx.o
                0x0800356c                VL53L8CX_Stop
 .text.VL53L8CX_SetAddress
                0x080035c2       0x4e ./Drivers/BSP/Components/vl53l8cx.o
                0x080035c2                VL53L8CX_SetAddress
 .text.VL53L8CX_GetAddress
                0x08003610       0x3a ./Drivers/BSP/Components/vl53l8cx.o
                0x08003610                VL53L8CX_GetAddress
 .text.VL53L8CX_SetPowerMode
                0x0800364a       0x58 ./Drivers/BSP/Components/vl53l8cx.o
                0x0800364a                VL53L8CX_SetPowerMode
 .text.VL53L8CX_GetPowerMode
                0x080036a2       0x58 ./Drivers/BSP/Components/vl53l8cx.o
                0x080036a2                VL53L8CX_GetPowerMode
 .text.vl53l8cx_poll_for_measurement
                0x080036fa       0x66 ./Drivers/BSP/Components/vl53l8cx.o
 .text.vl53l8cx_get_result
                0x08003760      0x1cc ./Drivers/BSP/Components/vl53l8cx.o
 .text.vl53l8cx_map_target_status
                0x0800392c       0x3a ./Drivers/BSP/Components/vl53l8cx.o
 .text._vl53l8cx_poll_for_answer
                0x08003966       0xa0 ./Drivers/BSP/Components/vl53l8cx_api.o
 .text._vl53l8cx_poll_for_mcu_boot
                0x08003a06       0x86 ./Drivers/BSP/Components/vl53l8cx_api.o
 .text._vl53l8cx_send_offset_data
                0x08003a8c      0x398 ./Drivers/BSP/Components/vl53l8cx_api.o
 .text._vl53l8cx_send_xtalk_data
                0x08003e24      0x298 ./Drivers/BSP/Components/vl53l8cx_api.o
 .text.vl53l8cx_init
                0x080040bc      0x858 ./Drivers/BSP/Components/vl53l8cx_api.o
                0x080040bc                vl53l8cx_init
 .text.vl53l8cx_set_i2c_address
                0x08004914       0x6c ./Drivers/BSP/Components/vl53l8cx_api.o
                0x08004914                vl53l8cx_set_i2c_address
 .text.vl53l8cx_get_power_mode
                0x08004980       0xac ./Drivers/BSP/Components/vl53l8cx_api.o
                0x08004980                vl53l8cx_get_power_mode
 .text.vl53l8cx_set_power_mode
                0x08004a2c      0x1ba ./Drivers/BSP/Components/vl53l8cx_api.o
                0x08004a2c                vl53l8cx_set_power_mode
 *fill*         0x08004be6        0x2 
 .text.vl53l8cx_start_ranging
                0x08004be8      0x32c ./Drivers/BSP/Components/vl53l8cx_api.o
                0x08004be8                vl53l8cx_start_ranging
 .text.vl53l8cx_stop_ranging
                0x08004f14      0x1a0 ./Drivers/BSP/Components/vl53l8cx_api.o
                0x08004f14                vl53l8cx_stop_ranging
 .text.vl53l8cx_check_data_ready
                0x080050b4       0xa0 ./Drivers/BSP/Components/vl53l8cx_api.o
                0x080050b4                vl53l8cx_check_data_ready
 .text.vl53l8cx_get_ranging_data
                0x08005154      0x410 ./Drivers/BSP/Components/vl53l8cx_api.o
                0x08005154                vl53l8cx_get_ranging_data
 .text.vl53l8cx_get_resolution
                0x08005564       0x4a ./Drivers/BSP/Components/vl53l8cx_api.o
                0x08005564                vl53l8cx_get_resolution
 .text.vl53l8cx_set_resolution
                0x080055ae      0x1a8 ./Drivers/BSP/Components/vl53l8cx_api.o
                0x080055ae                vl53l8cx_set_resolution
 .text.vl53l8cx_set_ranging_frequency_hz
                0x08005756       0x42 ./Drivers/BSP/Components/vl53l8cx_api.o
                0x08005756                vl53l8cx_set_ranging_frequency_hz
 .text.vl53l8cx_set_integration_time_ms
                0x08005798       0x6a ./Drivers/BSP/Components/vl53l8cx_api.o
                0x08005798                vl53l8cx_set_integration_time_ms
 .text.vl53l8cx_set_ranging_mode
                0x08005802       0xae ./Drivers/BSP/Components/vl53l8cx_api.o
                0x08005802                vl53l8cx_set_ranging_mode
 .text.vl53l8cx_dci_read_data
                0x080058b0      0x114 ./Drivers/BSP/Components/vl53l8cx_api.o
                0x080058b0                vl53l8cx_dci_read_data
 .text.vl53l8cx_dci_write_data
                0x080059c4      0x13c ./Drivers/BSP/Components/vl53l8cx_api.o
                0x080059c4                vl53l8cx_dci_write_data
 .text.vl53l8cx_dci_replace_data
                0x08005b00       0x58 ./Drivers/BSP/Components/vl53l8cx_api.o
                0x08005b00                vl53l8cx_dci_replace_data
 .text.vl53l8cx_set_detection_thresholds_enable
                0x08005b58       0x8c ./Drivers/BSP/Components/vl53l8cx_plugin_detection_thresholds.o
                0x08005b58                vl53l8cx_set_detection_thresholds_enable
 .text.vl53l8cx_set_detection_thresholds
                0x08005be4      0x2b0 ./Drivers/BSP/Components/vl53l8cx_plugin_detection_thresholds.o
                0x08005be4                vl53l8cx_set_detection_thresholds
 .text.SystemInit
                0x08005e94       0x24 ./Drivers/CMSIS/system_stm32f4xx.o
                0x08005e94                SystemInit
 .text.HAL_Init
                0x08005eb8       0x44 ./Drivers/STM32F4xx_HAL_Driver/stm32f4xx_hal.o
                0x08005eb8                HAL_Init
 .text.HAL_InitTick
                0x08005efc       0x60 ./Drivers/STM32F4xx_HAL_Driver/stm32f4xx_hal.o
                0x08005efc                HAL_InitTick
 .text.HAL_IncTick
                0x08005f5c       0x28 ./Drivers/STM32F4xx_HAL_Driver/stm32f4xx_hal.o
                0x08005f5c                HAL_IncTick
 .text.HAL_GetTick
                0x08005f84       0x18 ./Drivers/STM32F4xx_HAL_Driver/stm32f4xx_hal.o
                0x08005f84                HAL_GetTick
 .text.HAL_Delay
                0x08005f9c       0x48 ./Drivers/STM32F4xx_HAL_Driver/stm32f4xx_hal.o
                0x08005f9c                HAL_Delay
 .text.HAL_SuspendTick
                0x08005fe4       0x20 ./Drivers/STM32F4xx_HAL_Driver/stm32f4xx_hal.o
                0x08005fe4                HAL_SuspendTick
 .text.HAL_ResumeTick
                0x08006004       0x20 ./Drivers/STM32F4xx_HAL_Driver/stm32f4xx_hal.o
                0x08006004                HAL_ResumeTick
 .text.__NVIC_SetPriorityGrouping
                0x08006024       0x48 ./Drivers/STM32F4xx_HAL_Driver/stm32f4xx_hal_cortex.o
 .text.__NVIC_GetPriorityGrouping
                0x0800606c       0x1c ./Drivers/STM32F4xx_HAL_Driver/stm32f4xx_hal_cortex.o
 .text.__NVIC_EnableIRQ
                0x08006088       0x3c ./Drivers/STM32F4xx_HAL_Driver/stm32f4xx_hal_cortex.o
 .text.__NVIC_SetPriority
                0x080060c4       0x54 ./Drivers/STM32F4xx_HAL_Driver/stm32f4xx_hal_cortex.o
 .text.NVIC_EncodePriority
                0x08006118       0x66 ./Drivers/STM32F4xx_HAL_Driver/stm32f4xx_hal_cortex.o
 *fill*         0x0800617e        0x2 
 .text.SysTick_Config
                0x08006180       0x44 ./Drivers/STM32F4xx_HAL_Driver/stm32f4xx_hal_cortex.o
 .text.HAL_NVIC_SetPriorityGrouping
                0x080061c4       0x16 ./Drivers/STM32F4xx_HAL_Driver/stm32f4xx_hal_cortex.o
                0x080061c4                HAL_NVIC_SetPriorityGrouping
 .text.HAL_NVIC_SetPriority
                0x080061da       0x38 ./Drivers/STM32F4xx_HAL_Driver/stm32f4xx_hal_cortex.o
                0x080061da                HAL_NVIC_SetPriority
 .text.HAL_NVIC_EnableIRQ
                0x08006212       0x1c ./Drivers/STM32F4xx_HAL_Driver/stm32f4xx_hal_cortex.o
                0x08006212                HAL_NVIC_EnableIRQ
 .text.HAL_SYSTICK_Config
                0x0800622e       0x18 ./Drivers/STM32F4xx_HAL_Driver/stm32f4xx_hal_cortex.o
                0x0800622e                HAL_SYSTICK_Config
 *fill*         0x08006246        0x2 
 .text.HAL_GPIO_Init
                0x08006248      0x308 ./Drivers/STM32F4xx_HAL_Driver/stm32f4xx_hal_gpio.o
                0x08006248                HAL_GPIO_Init
 .text.HAL_GPIO_DeInit
                0x08006550      0x1c8 ./Drivers/STM32F4xx_HAL_Driver/stm32f4xx_hal_gpio.o
                0x08006550                HAL_GPIO_DeInit
 .text.HAL_GPIO_WritePin
                0x08006718       0x32 ./Drivers/STM32F4xx_HAL_Driver/stm32f4xx_hal_gpio.o
                0x08006718                HAL_GPIO_WritePin
 *fill*         0x0800674a        0x2 
 .text.HAL_GPIO_EXTI_IRQHandler
                0x0800674c       0x30 ./Drivers/STM32F4xx_HAL_Driver/stm32f4xx_hal_gpio.o
                0x0800674c                HAL_GPIO_EXTI_IRQHandler
 .text.HAL_I2C_Init
                0x0800677c      0x288 ./Drivers/STM32F4xx_HAL_Driver/stm32f4xx_hal_i2c.o
                0x0800677c                HAL_I2C_Init
 .text.HAL_I2C_DeInit
                0x08006a04       0x5e ./Drivers/STM32F4xx_HAL_Driver/stm32f4xx_hal_i2c.o
                0x08006a04                HAL_I2C_DeInit
 *fill*         0x08006a62        0x2 
 .text.HAL_I2C_Mem_Write
                0x08006a64      0x1f4 ./Drivers/STM32F4xx_HAL_Driver/stm32f4xx_hal_i2c.o
                0x08006a64                HAL_I2C_Mem_Write
 .text.HAL_I2C_Mem_Read
                0x08006c58      0x464 ./Drivers/STM32F4xx_HAL_Driver/stm32f4xx_hal_i2c.o
                0x08006c58                HAL_I2C_Mem_Read
 .text.HAL_I2C_GetState
                0x080070bc       0x1c ./Drivers/STM32F4xx_HAL_Driver/stm32f4xx_hal_i2c.o
                0x080070bc                HAL_I2C_GetState
 .text.HAL_I2C_GetError
                0x080070d8       0x18 ./Drivers/STM32F4xx_HAL_Driver/stm32f4xx_hal_i2c.o
                0x080070d8                HAL_I2C_GetError
 .text.I2C_RequestMemoryWrite
                0x080070f0      0x12c ./Drivers/STM32F4xx_HAL_Driver/stm32f4xx_hal_i2c.o
 .text.I2C_RequestMemoryRead
                0x0800721c      0x1d0 ./Drivers/STM32F4xx_HAL_Driver/stm32f4xx_hal_i2c.o
 .text.I2C_WaitOnFlagUntilTimeout
                0x080073ec       0xf4 ./Drivers/STM32F4xx_HAL_Driver/stm32f4xx_hal_i2c.o
 .text.I2C_WaitOnMasterAddressFlagUntilTimeout
                0x080074e0      0x140 ./Drivers/STM32F4xx_HAL_Driver/stm32f4xx_hal_i2c.o
 .text.I2C_WaitOnTXEFlagUntilTimeout
                0x08007620       0x90 ./Drivers/STM32F4xx_HAL_Driver/stm32f4xx_hal_i2c.o
 .text.I2C_WaitOnBTFFlagUntilTimeout
                0x080076b0       0x90 ./Drivers/STM32F4xx_HAL_Driver/stm32f4xx_hal_i2c.o
 .text.I2C_WaitOnRXNEFlagUntilTimeout
                0x08007740       0xba ./Drivers/STM32F4xx_HAL_Driver/stm32f4xx_hal_i2c.o
 .text.I2C_IsAcknowledgeFailed
                0x080077fa       0x5e ./Drivers/STM32F4xx_HAL_Driver/stm32f4xx_hal_i2c.o
 .text.HAL_RCC_OscConfig
                0x08007858      0x4f0 ./Drivers/STM32F4xx_HAL_Driver/stm32f4xx_hal_rcc.o
                0x08007858                HAL_RCC_OscConfig
 .text.HAL_RCC_ClockConfig
                0x08007d48      0x1cc ./Drivers/STM32F4xx_HAL_Driver/stm32f4xx_hal_rcc.o
                0x08007d48                HAL_RCC_ClockConfig
 .text.HAL_RCC_GetSysClockFreq
                0x08007f14      0x20c ./Drivers/STM32F4xx_HAL_Driver/stm32f4xx_hal_rcc.o
                0x08007f14                HAL_RCC_GetSysClockFreq
 .text.HAL_RCC_GetHCLKFreq
                0x08008120       0x18 ./Drivers/STM32F4xx_HAL_Driver/stm32f4xx_hal_rcc.o
                0x08008120                HAL_RCC_GetHCLKFreq
 .text.HAL_RCC_GetPCLK1Freq
                0x08008138       0x28 ./Drivers/STM32F4xx_HAL_Driver/stm32f4xx_hal_rcc.o
                0x08008138                HAL_RCC_GetPCLK1Freq
 .text.HAL_RCC_GetPCLK2Freq
                0x08008160       0x28 ./Drivers/STM32F4xx_HAL_Driver/stm32f4xx_hal_rcc.o
                0x08008160                HAL_RCC_GetPCLK2Freq
 .text.HAL_TIM_Base_Init
                0x08008188       0x9e ./Drivers/STM32F4xx_HAL_Driver/stm32f4xx_hal_tim.o
                0x08008188                HAL_TIM_Base_Init
 .text.HAL_TIM_IRQHandler
                0x08008226      0x1e0 ./Drivers/STM32F4xx_HAL_Driver/stm32f4xx_hal_tim.o
                0x08008226                HAL_TIM_IRQHandler
 .text.HAL_TIM_OC_DelayElapsedCallback
                0x08008406       0x14 ./Drivers/STM32F4xx_HAL_Driver/stm32f4xx_hal_tim.o
                0x08008406                HAL_TIM_OC_DelayElapsedCallback
 .text.HAL_TIM_IC_CaptureCallback
                0x0800841a       0x14 ./Drivers/STM32F4xx_HAL_Driver/stm32f4xx_hal_tim.o
                0x0800841a                HAL_TIM_IC_CaptureCallback
 .text.HAL_TIM_PWM_PulseFinishedCallback
                0x0800842e       0x14 ./Drivers/STM32F4xx_HAL_Driver/stm32f4xx_hal_tim.o
                0x0800842e                HAL_TIM_PWM_PulseFinishedCallback
 .text.HAL_TIM_TriggerCallback
                0x08008442       0x14 ./Drivers/STM32F4xx_HAL_Driver/stm32f4xx_hal_tim.o
                0x08008442                HAL_TIM_TriggerCallback
 *fill*         0x08008456        0x2 
 .text.TIM_Base_SetConfig
                0x08008458      0x118 ./Drivers/STM32F4xx_HAL_Driver/stm32f4xx_hal_tim.o
                0x08008458                TIM_Base_SetConfig
 .text.HAL_TIMEx_CommutCallback
                0x08008570       0x14 ./Drivers/STM32F4xx_HAL_Driver/stm32f4xx_hal_tim_ex.o
                0x08008570                HAL_TIMEx_CommutCallback
 .text.HAL_TIMEx_BreakCallback
                0x08008584       0x14 ./Drivers/STM32F4xx_HAL_Driver/stm32f4xx_hal_tim_ex.o
                0x08008584                HAL_TIMEx_BreakCallback
 .text.HAL_UART_Init
                0x08008598       0xa0 ./Drivers/STM32F4xx_HAL_Driver/stm32f4xx_hal_uart.o
                0x08008598                HAL_UART_Init
 .text.HAL_UART_MspInit
                0x08008638       0x14 ./Drivers/STM32F4xx_HAL_Driver/stm32f4xx_hal_uart.o
                0x08008638                HAL_UART_MspInit
 .text.HAL_UART_Transmit
                0x0800864c      0x116 ./Drivers/STM32F4xx_HAL_Driver/stm32f4xx_hal_uart.o
                0x0800864c                HAL_UART_Transmit
 .text.HAL_UART_Receive
                0x08008762      0x12e ./Drivers/STM32F4xx_HAL_Driver/stm32f4xx_hal_uart.o
                0x08008762                HAL_UART_Receive
 .text.UART_WaitOnFlagUntilTimeout
                0x08008890       0xb2 ./Drivers/STM32F4xx_HAL_Driver/stm32f4xx_hal_uart.o
 .text.UART_EndRxTransfer
                0x08008942       0xc6 ./Drivers/STM32F4xx_HAL_Driver/stm32f4xx_hal_uart.o
 .text.UART_SetConfig
                0x08008a08      0x4e8 ./Drivers/STM32F4xx_HAL_Driver/stm32f4xx_hal_uart.o
 .text.__cvt    0x08008ef0       0xca D:/ST/STM32CubeIDE_1.16.0/STM32CubeIDE/plugins/com.st.stm32cube.ide.mcu.externaltools.gnu-tools-for-stm32.12.3.rel1.win32_1.0.200.202406191623/tools/bin/../lib/gcc/arm-none-eabi/12.3.1/../../../../arm-none-eabi/lib/thumb/v7e-m+fp/hard\libc_nano.a(libc_a-nano-vfprintf_float.o)
                0x08008ef0                __cvt
 .text.__exponent
                0x08008fba       0x74 D:/ST/STM32CubeIDE_1.16.0/STM32CubeIDE/plugins/com.st.stm32cube.ide.mcu.externaltools.gnu-tools-for-stm32.12.3.rel1.win32_1.0.200.202406191623/tools/bin/../lib/gcc/arm-none-eabi/12.3.1/../../../../arm-none-eabi/lib/thumb/v7e-m+fp/hard\libc_nano.a(libc_a-nano-vfprintf_float.o)
                0x08008fba                __exponent
 *fill*         0x0800902e        0x2 
 .text._printf_float
                0x08009030      0x454 D:/ST/STM32CubeIDE_1.16.0/STM32CubeIDE/plugins/com.st.stm32cube.ide.mcu.externaltools.gnu-tools-for-stm32.12.3.rel1.win32_1.0.200.202406191623/tools/bin/../lib/gcc/arm-none-eabi/12.3.1/../../../../arm-none-eabi/lib/thumb/v7e-m+fp/hard\libc_nano.a(libc_a-nano-vfprintf_float.o)
                0x08009030                _printf_float
 .text._printf_common
                0x08009484       0xda D:/ST/STM32CubeIDE_1.16.0/STM32CubeIDE/plugins/com.st.stm32cube.ide.mcu.externaltools.gnu-tools-for-stm32.12.3.rel1.win32_1.0.200.202406191623/tools/bin/../lib/gcc/arm-none-eabi/12.3.1/../../../../arm-none-eabi/lib/thumb/v7e-m+fp/hard\libc_nano.a(libc_a-nano-vfprintf_i.o)
                0x08009484                _printf_common
 *fill*         0x0800955e        0x2 
 .text._printf_i
                0x08009560      0x240 D:/ST/STM32CubeIDE_1.16.0/STM32CubeIDE/plugins/com.st.stm32cube.ide.mcu.externaltools.gnu-tools-for-stm32.12.3.rel1.win32_1.0.200.202406191623/tools/bin/../lib/gcc/arm-none-eabi/12.3.1/../../../../arm-none-eabi/lib/thumb/v7e-m+fp/hard\libc_nano.a(libc_a-nano-vfprintf_i.o)
                0x08009560                _printf_i
 .text.std      0x080097a0       0x6c D:/ST/STM32CubeIDE_1.16.0/STM32CubeIDE/plugins/com.st.stm32cube.ide.mcu.externaltools.gnu-tools-for-stm32.12.3.rel1.win32_1.0.200.202406191623/tools/bin/../lib/gcc/arm-none-eabi/12.3.1/../../../../arm-none-eabi/lib/thumb/v7e-m+fp/hard\libc_nano.a(libc_a-findfp.o)
 .text.stdio_exit_handler
                0x0800980c       0x18 D:/ST/STM32CubeIDE_1.16.0/STM32CubeIDE/plugins/com.st.stm32cube.ide.mcu.externaltools.gnu-tools-for-stm32.12.3.rel1.win32_1.0.200.202406191623/tools/bin/../lib/gcc/arm-none-eabi/12.3.1/../../../../arm-none-eabi/lib/thumb/v7e-m+fp/hard\libc_nano.a(libc_a-findfp.o)
 .text.cleanup_stdio
                0x08009824       0x40 D:/ST/STM32CubeIDE_1.16.0/STM32CubeIDE/plugins/com.st.stm32cube.ide.mcu.externaltools.gnu-tools-for-stm32.12.3.rel1.win32_1.0.200.202406191623/tools/bin/../lib/gcc/arm-none-eabi/12.3.1/../../../../arm-none-eabi/lib/thumb/v7e-m+fp/hard\libc_nano.a(libc_a-findfp.o)
 .text.global_stdio_init.part.0
                0x08009864       0x3c D:/ST/STM32CubeIDE_1.16.0/STM32CubeIDE/plugins/com.st.stm32cube.ide.mcu.externaltools.gnu-tools-for-stm32.12.3.rel1.win32_1.0.200.202406191623/tools/bin/../lib/gcc/arm-none-eabi/12.3.1/../../../../arm-none-eabi/lib/thumb/v7e-m+fp/hard\libc_nano.a(libc_a-findfp.o)
 .text.__sfp_lock_acquire
                0x080098a0        0xc D:/ST/STM32CubeIDE_1.16.0/STM32CubeIDE/plugins/com.st.stm32cube.ide.mcu.externaltools.gnu-tools-for-stm32.12.3.rel1.win32_1.0.200.202406191623/tools/bin/../lib/gcc/arm-none-eabi/12.3.1/../../../../arm-none-eabi/lib/thumb/v7e-m+fp/hard\libc_nano.a(libc_a-findfp.o)
                0x080098a0                __sfp_lock_acquire
 .text.__sfp_lock_release
                0x080098ac        0xc D:/ST/STM32CubeIDE_1.16.0/STM32CubeIDE/plugins/com.st.stm32cube.ide.mcu.externaltools.gnu-tools-for-stm32.12.3.rel1.win32_1.0.200.202406191623/tools/bin/../lib/gcc/arm-none-eabi/12.3.1/../../../../arm-none-eabi/lib/thumb/v7e-m+fp/hard\libc_nano.a(libc_a-findfp.o)
                0x080098ac                __sfp_lock_release
 .text.__sinit  0x080098b8       0x30 D:/ST/STM32CubeIDE_1.16.0/STM32CubeIDE/plugins/com.st.stm32cube.ide.mcu.externaltools.gnu-tools-for-stm32.12.3.rel1.win32_1.0.200.202406191623/tools/bin/../lib/gcc/arm-none-eabi/12.3.1/../../../../arm-none-eabi/lib/thumb/v7e-m+fp/hard\libc_nano.a(libc_a-findfp.o)
                0x080098b8                __sinit
 .text._fwalk_sglue
                0x080098e8       0x3c D:/ST/STM32CubeIDE_1.16.0/STM32CubeIDE/plugins/com.st.stm32cube.ide.mcu.externaltools.gnu-tools-for-stm32.12.3.rel1.win32_1.0.200.202406191623/tools/bin/../lib/gcc/arm-none-eabi/12.3.1/../../../../arm-none-eabi/lib/thumb/v7e-m+fp/hard\libc_nano.a(libc_a-fwalk.o)
                0x080098e8                _fwalk_sglue
 .text.printf   0x08009924       0x24 D:/ST/STM32CubeIDE_1.16.0/STM32CubeIDE/plugins/com.st.stm32cube.ide.mcu.externaltools.gnu-tools-for-stm32.12.3.rel1.win32_1.0.200.202406191623/tools/bin/../lib/gcc/arm-none-eabi/12.3.1/../../../../arm-none-eabi/lib/thumb/v7e-m+fp/hard\libc_nano.a(libc_a-printf.o)
                0x08009924                iprintf
                0x08009924                printf
 .text.putchar  0x08009948       0x10 D:/ST/STM32CubeIDE_1.16.0/STM32CubeIDE/plugins/com.st.stm32cube.ide.mcu.externaltools.gnu-tools-for-stm32.12.3.rel1.win32_1.0.200.202406191623/tools/bin/../lib/gcc/arm-none-eabi/12.3.1/../../../../arm-none-eabi/lib/thumb/v7e-m+fp/hard\libc_nano.a(libc_a-putchar.o)
                0x08009948                putchar
 .text._puts_r  0x08009958       0xaa D:/ST/STM32CubeIDE_1.16.0/STM32CubeIDE/plugins/com.st.stm32cube.ide.mcu.externaltools.gnu-tools-for-stm32.12.3.rel1.win32_1.0.200.202406191623/tools/bin/../lib/gcc/arm-none-eabi/12.3.1/../../../../arm-none-eabi/lib/thumb/v7e-m+fp/hard\libc_nano.a(libc_a-puts.o)
                0x08009958                _puts_r
 *fill*         0x08009a02        0x2 
 .text.puts     0x08009a04       0x10 D:/ST/STM32CubeIDE_1.16.0/STM32CubeIDE/plugins/com.st.stm32cube.ide.mcu.externaltools.gnu-tools-for-stm32.12.3.rel1.win32_1.0.200.202406191623/tools/bin/../lib/gcc/arm-none-eabi/12.3.1/../../../../arm-none-eabi/lib/thumb/v7e-m+fp/hard\libc_nano.a(libc_a-puts.o)
                0x08009a04                puts
 .text.sprintf  0x08009a14       0x40 D:/ST/STM32CubeIDE_1.16.0/STM32CubeIDE/plugins/com.st.stm32cube.ide.mcu.externaltools.gnu-tools-for-stm32.12.3.rel1.win32_1.0.200.202406191623/tools/bin/../lib/gcc/arm-none-eabi/12.3.1/../../../../arm-none-eabi/lib/thumb/v7e-m+fp/hard\libc_nano.a(libc_a-sprintf.o)
                0x08009a14                siprintf
                0x08009a14                sprintf
 .text.__sread  0x08009a54       0x22 D:/ST/STM32CubeIDE_1.16.0/STM32CubeIDE/plugins/com.st.stm32cube.ide.mcu.externaltools.gnu-tools-for-stm32.12.3.rel1.win32_1.0.200.202406191623/tools/bin/../lib/gcc/arm-none-eabi/12.3.1/../../../../arm-none-eabi/lib/thumb/v7e-m+fp/hard\libc_nano.a(libc_a-stdio.o)
                0x08009a54                __sread
 .text.__swrite
                0x08009a76       0x38 D:/ST/STM32CubeIDE_1.16.0/STM32CubeIDE/plugins/com.st.stm32cube.ide.mcu.externaltools.gnu-tools-for-stm32.12.3.rel1.win32_1.0.200.202406191623/tools/bin/../lib/gcc/arm-none-eabi/12.3.1/../../../../arm-none-eabi/lib/thumb/v7e-m+fp/hard\libc_nano.a(libc_a-stdio.o)
                0x08009a76                __swrite
 .text.__sseek  0x08009aae       0x24 D:/ST/STM32CubeIDE_1.16.0/STM32CubeIDE/plugins/com.st.stm32cube.ide.mcu.externaltools.gnu-tools-for-stm32.12.3.rel1.win32_1.0.200.202406191623/tools/bin/../lib/gcc/arm-none-eabi/12.3.1/../../../../arm-none-eabi/lib/thumb/v7e-m+fp/hard\libc_nano.a(libc_a-stdio.o)
                0x08009aae                __sseek
 .text.__sclose
                0x08009ad2        0x8 D:/ST/STM32CubeIDE_1.16.0/STM32CubeIDE/plugins/com.st.stm32cube.ide.mcu.externaltools.gnu-tools-for-stm32.12.3.rel1.win32_1.0.200.202406191623/tools/bin/../lib/gcc/arm-none-eabi/12.3.1/../../../../arm-none-eabi/lib/thumb/v7e-m+fp/hard\libc_nano.a(libc_a-stdio.o)
                0x08009ad2                __sclose
 .text.__swbuf_r
                0x08009ada       0x7c D:/ST/STM32CubeIDE_1.16.0/STM32CubeIDE/plugins/com.st.stm32cube.ide.mcu.externaltools.gnu-tools-for-stm32.12.3.rel1.win32_1.0.200.202406191623/tools/bin/../lib/gcc/arm-none-eabi/12.3.1/../../../../arm-none-eabi/lib/thumb/v7e-m+fp/hard\libc_nano.a(libc_a-wbuf.o)
                0x08009ada                __swbuf_r
 *fill*         0x08009b56        0x2 
 .text.__swsetup_r
                0x08009b58       0xac D:/ST/STM32CubeIDE_1.16.0/STM32CubeIDE/plugins/com.st.stm32cube.ide.mcu.externaltools.gnu-tools-for-stm32.12.3.rel1.win32_1.0.200.202406191623/tools/bin/../lib/gcc/arm-none-eabi/12.3.1/../../../../arm-none-eabi/lib/thumb/v7e-m+fp/hard\libc_nano.a(libc_a-wsetup.o)
                0x08009b58                __swsetup_r
 .text.memset   0x08009c04       0x10 D:/ST/STM32CubeIDE_1.16.0/STM32CubeIDE/plugins/com.st.stm32cube.ide.mcu.externaltools.gnu-tools-for-stm32.12.3.rel1.win32_1.0.200.202406191623/tools/bin/../lib/gcc/arm-none-eabi/12.3.1/../../../../arm-none-eabi/lib/thumb/v7e-m+fp/hard\libc_nano.a(libc_a-memset.o)
                0x08009c04                memset
 .text._localeconv_r
                0x08009c14        0x8 D:/ST/STM32CubeIDE_1.16.0/STM32CubeIDE/plugins/com.st.stm32cube.ide.mcu.externaltools.gnu-tools-for-stm32.12.3.rel1.win32_1.0.200.202406191623/tools/bin/../lib/gcc/arm-none-eabi/12.3.1/../../../../arm-none-eabi/lib/thumb/v7e-m+fp/hard\libc_nano.a(libc_a-localeconv.o)
                0x08009c14                _localeconv_r
 .text._close_r
                0x08009c1c       0x20 D:/ST/STM32CubeIDE_1.16.0/STM32CubeIDE/plugins/com.st.stm32cube.ide.mcu.externaltools.gnu-tools-for-stm32.12.3.rel1.win32_1.0.200.202406191623/tools/bin/../lib/gcc/arm-none-eabi/12.3.1/../../../../arm-none-eabi/lib/thumb/v7e-m+fp/hard\libc_nano.a(libc_a-closer.o)
                0x08009c1c                _close_r
 .text._lseek_r
                0x08009c3c       0x24 D:/ST/STM32CubeIDE_1.16.0/STM32CubeIDE/plugins/com.st.stm32cube.ide.mcu.externaltools.gnu-tools-for-stm32.12.3.rel1.win32_1.0.200.202406191623/tools/bin/../lib/gcc/arm-none-eabi/12.3.1/../../../../arm-none-eabi/lib/thumb/v7e-m+fp/hard\libc_nano.a(libc_a-lseekr.o)
                0x08009c3c                _lseek_r
 .text._read_r  0x08009c60       0x24 D:/ST/STM32CubeIDE_1.16.0/STM32CubeIDE/plugins/com.st.stm32cube.ide.mcu.externaltools.gnu-tools-for-stm32.12.3.rel1.win32_1.0.200.202406191623/tools/bin/../lib/gcc/arm-none-eabi/12.3.1/../../../../arm-none-eabi/lib/thumb/v7e-m+fp/hard\libc_nano.a(libc_a-readr.o)
                0x08009c60                _read_r
 .text._write_r
                0x08009c84       0x24 D:/ST/STM32CubeIDE_1.16.0/STM32CubeIDE/plugins/com.st.stm32cube.ide.mcu.externaltools.gnu-tools-for-stm32.12.3.rel1.win32_1.0.200.202406191623/tools/bin/../lib/gcc/arm-none-eabi/12.3.1/../../../../arm-none-eabi/lib/thumb/v7e-m+fp/hard\libc_nano.a(libc_a-writer.o)
                0x08009c84                _write_r
 .text.__errno  0x08009ca8        0xc D:/ST/STM32CubeIDE_1.16.0/STM32CubeIDE/plugins/com.st.stm32cube.ide.mcu.externaltools.gnu-tools-for-stm32.12.3.rel1.win32_1.0.200.202406191623/tools/bin/../lib/gcc/arm-none-eabi/12.3.1/../../../../arm-none-eabi/lib/thumb/v7e-m+fp/hard\libc_nano.a(libc_a-errno.o)
                0x08009ca8                __errno
 .text.__libc_init_array
                0x08009cb4       0x48 D:/ST/STM32CubeIDE_1.16.0/STM32CubeIDE/plugins/com.st.stm32cube.ide.mcu.externaltools.gnu-tools-for-stm32.12.3.rel1.win32_1.0.200.202406191623/tools/bin/../lib/gcc/arm-none-eabi/12.3.1/../../../../arm-none-eabi/lib/thumb/v7e-m+fp/hard\libc_nano.a(libc_a-init.o)
                0x08009cb4                __libc_init_array
 .text.__retarget_lock_init_recursive
                0x08009cfc        0x2 D:/ST/STM32CubeIDE_1.16.0/STM32CubeIDE/plugins/com.st.stm32cube.ide.mcu.externaltools.gnu-tools-for-stm32.12.3.rel1.win32_1.0.200.202406191623/tools/bin/../lib/gcc/arm-none-eabi/12.3.1/../../../../arm-none-eabi/lib/thumb/v7e-m+fp/hard\libc_nano.a(libc_a-lock.o)
                0x08009cfc                __retarget_lock_init_recursive
 .text.__retarget_lock_acquire_recursive
                0x08009cfe        0x2 D:/ST/STM32CubeIDE_1.16.0/STM32CubeIDE/plugins/com.st.stm32cube.ide.mcu.externaltools.gnu-tools-for-stm32.12.3.rel1.win32_1.0.200.202406191623/tools/bin/../lib/gcc/arm-none-eabi/12.3.1/../../../../arm-none-eabi/lib/thumb/v7e-m+fp/hard\libc_nano.a(libc_a-lock.o)
                0x08009cfe                __retarget_lock_acquire_recursive
 .text.__retarget_lock_release_recursive
                0x08009d00        0x2 D:/ST/STM32CubeIDE_1.16.0/STM32CubeIDE/plugins/com.st.stm32cube.ide.mcu.externaltools.gnu-tools-for-stm32.12.3.rel1.win32_1.0.200.202406191623/tools/bin/../lib/gcc/arm-none-eabi/12.3.1/../../../../arm-none-eabi/lib/thumb/v7e-m+fp/hard\libc_nano.a(libc_a-lock.o)
                0x08009d00                __retarget_lock_release_recursive
 .text.memcpy   0x08009d02       0x1c D:/ST/STM32CubeIDE_1.16.0/STM32CubeIDE/plugins/com.st.stm32cube.ide.mcu.externaltools.gnu-tools-for-stm32.12.3.rel1.win32_1.0.200.202406191623/tools/bin/../lib/gcc/arm-none-eabi/12.3.1/../../../../arm-none-eabi/lib/thumb/v7e-m+fp/hard\libc_nano.a(libc_a-memcpy-stub.o)
                0x08009d02                memcpy
 .text.quorem   0x08009d1e      0x110 D:/ST/STM32CubeIDE_1.16.0/STM32CubeIDE/plugins/com.st.stm32cube.ide.mcu.externaltools.gnu-tools-for-stm32.12.3.rel1.win32_1.0.200.202406191623/tools/bin/../lib/gcc/arm-none-eabi/12.3.1/../../../../arm-none-eabi/lib/thumb/v7e-m+fp/hard\libc_nano.a(libc_a-dtoa.o)
 *fill*         0x08009e2e        0x2 
 .text._dtoa_r  0x08009e30      0xb88 D:/ST/STM32CubeIDE_1.16.0/STM32CubeIDE/plugins/com.st.stm32cube.ide.mcu.externaltools.gnu-tools-for-stm32.12.3.rel1.win32_1.0.200.202406191623/tools/bin/../lib/gcc/arm-none-eabi/12.3.1/../../../../arm-none-eabi/lib/thumb/v7e-m+fp/hard\libc_nano.a(libc_a-dtoa.o)
                0x08009e30                _dtoa_r
 .text._free_r  0x0800a9b8       0x94 D:/ST/STM32CubeIDE_1.16.0/STM32CubeIDE/plugins/com.st.stm32cube.ide.mcu.externaltools.gnu-tools-for-stm32.12.3.rel1.win32_1.0.200.202406191623/tools/bin/../lib/gcc/arm-none-eabi/12.3.1/../../../../arm-none-eabi/lib/thumb/v7e-m+fp/hard\libc_nano.a(libc_a-freer.o)
                0x0800a9b8                _free_r
 .text.malloc   0x0800aa4c       0x10 D:/ST/STM32CubeIDE_1.16.0/STM32CubeIDE/plugins/com.st.stm32cube.ide.mcu.externaltools.gnu-tools-for-stm32.12.3.rel1.win32_1.0.200.202406191623/tools/bin/../lib/gcc/arm-none-eabi/12.3.1/../../../../arm-none-eabi/lib/thumb/v7e-m+fp/hard\libc_nano.a(libc_a-malloc.o)
                0x0800aa4c                malloc
 .text.sbrk_aligned
                0x0800aa5c       0x44 D:/ST/STM32CubeIDE_1.16.0/STM32CubeIDE/plugins/com.st.stm32cube.ide.mcu.externaltools.gnu-tools-for-stm32.12.3.rel1.win32_1.0.200.202406191623/tools/bin/../lib/gcc/arm-none-eabi/12.3.1/../../../../arm-none-eabi/lib/thumb/v7e-m+fp/hard\libc_nano.a(libc_a-mallocr.o)
 .text._malloc_r
                0x0800aaa0      0x100 D:/ST/STM32CubeIDE_1.16.0/STM32CubeIDE/plugins/com.st.stm32cube.ide.mcu.externaltools.gnu-tools-for-stm32.12.3.rel1.win32_1.0.200.202406191623/tools/bin/../lib/gcc/arm-none-eabi/12.3.1/../../../../arm-none-eabi/lib/thumb/v7e-m+fp/hard\libc_nano.a(libc_a-mallocr.o)
                0x0800aaa0                _malloc_r
 .text.__malloc_lock
                0x0800aba0        0xc D:/ST/STM32CubeIDE_1.16.0/STM32CubeIDE/plugins/com.st.stm32cube.ide.mcu.externaltools.gnu-tools-for-stm32.12.3.rel1.win32_1.0.200.202406191623/tools/bin/../lib/gcc/arm-none-eabi/12.3.1/../../../../arm-none-eabi/lib/thumb/v7e-m+fp/hard\libc_nano.a(libc_a-mlock.o)
                0x0800aba0                __malloc_lock
 .text.__malloc_unlock
                0x0800abac        0xc D:/ST/STM32CubeIDE_1.16.0/STM32CubeIDE/plugins/com.st.stm32cube.ide.mcu.externaltools.gnu-tools-for-stm32.12.3.rel1.win32_1.0.200.202406191623/tools/bin/../lib/gcc/arm-none-eabi/12.3.1/../../../../arm-none-eabi/lib/thumb/v7e-m+fp/hard\libc_nano.a(libc_a-mlock.o)
                0x0800abac                __malloc_unlock
 .text._Balloc  0x0800abb8       0x80 D:/ST/STM32CubeIDE_1.16.0/STM32CubeIDE/plugins/com.st.stm32cube.ide.mcu.externaltools.gnu-tools-for-stm32.12.3.rel1.win32_1.0.200.202406191623/tools/bin/../lib/gcc/arm-none-eabi/12.3.1/../../../../arm-none-eabi/lib/thumb/v7e-m+fp/hard\libc_nano.a(libc_a-mprec.o)
                0x0800abb8                _Balloc
 .text._Bfree   0x0800ac38       0x44 D:/ST/STM32CubeIDE_1.16.0/STM32CubeIDE/plugins/com.st.stm32cube.ide.mcu.externaltools.gnu-tools-for-stm32.12.3.rel1.win32_1.0.200.202406191623/tools/bin/../lib/gcc/arm-none-eabi/12.3.1/../../../../arm-none-eabi/lib/thumb/v7e-m+fp/hard\libc_nano.a(libc_a-mprec.o)
                0x0800ac38                _Bfree
 .text.__multadd
                0x0800ac7c       0x8c D:/ST/STM32CubeIDE_1.16.0/STM32CubeIDE/plugins/com.st.stm32cube.ide.mcu.externaltools.gnu-tools-for-stm32.12.3.rel1.win32_1.0.200.202406191623/tools/bin/../lib/gcc/arm-none-eabi/12.3.1/../../../../arm-none-eabi/lib/thumb/v7e-m+fp/hard\libc_nano.a(libc_a-mprec.o)
                0x0800ac7c                __multadd
 .text.__hi0bits
                0x0800ad08       0x3e D:/ST/STM32CubeIDE_1.16.0/STM32CubeIDE/plugins/com.st.stm32cube.ide.mcu.externaltools.gnu-tools-for-stm32.12.3.rel1.win32_1.0.200.202406191623/tools/bin/../lib/gcc/arm-none-eabi/12.3.1/../../../../arm-none-eabi/lib/thumb/v7e-m+fp/hard\libc_nano.a(libc_a-mprec.o)
                0x0800ad08                __hi0bits
 .text.__lo0bits
                0x0800ad46       0x5a D:/ST/STM32CubeIDE_1.16.0/STM32CubeIDE/plugins/com.st.stm32cube.ide.mcu.externaltools.gnu-tools-for-stm32.12.3.rel1.win32_1.0.200.202406191623/tools/bin/../lib/gcc/arm-none-eabi/12.3.1/../../../../arm-none-eabi/lib/thumb/v7e-m+fp/hard\libc_nano.a(libc_a-mprec.o)
                0x0800ad46                __lo0bits
 .text.__i2b    0x0800ada0       0x2c D:/ST/STM32CubeIDE_1.16.0/STM32CubeIDE/plugins/com.st.stm32cube.ide.mcu.externaltools.gnu-tools-for-stm32.12.3.rel1.win32_1.0.200.202406191623/tools/bin/../lib/gcc/arm-none-eabi/12.3.1/../../../../arm-none-eabi/lib/thumb/v7e-m+fp/hard\libc_nano.a(libc_a-mprec.o)
                0x0800ada0                __i2b
 .text.__multiply
                0x0800adcc      0x154 D:/ST/STM32CubeIDE_1.16.0/STM32CubeIDE/plugins/com.st.stm32cube.ide.mcu.externaltools.gnu-tools-for-stm32.12.3.rel1.win32_1.0.200.202406191623/tools/bin/../lib/gcc/arm-none-eabi/12.3.1/../../../../arm-none-eabi/lib/thumb/v7e-m+fp/hard\libc_nano.a(libc_a-mprec.o)
                0x0800adcc                __multiply
 .text.__pow5mult
                0x0800af20       0xb4 D:/ST/STM32CubeIDE_1.16.0/STM32CubeIDE/plugins/com.st.stm32cube.ide.mcu.externaltools.gnu-tools-for-stm32.12.3.rel1.win32_1.0.200.202406191623/tools/bin/../lib/gcc/arm-none-eabi/12.3.1/../../../../arm-none-eabi/lib/thumb/v7e-m+fp/hard\libc_nano.a(libc_a-mprec.o)
                0x0800af20                __pow5mult
 .text.__lshift
                0x0800afd4       0xd8 D:/ST/STM32CubeIDE_1.16.0/STM32CubeIDE/plugins/com.st.stm32cube.ide.mcu.externaltools.gnu-tools-for-stm32.12.3.rel1.win32_1.0.200.202406191623/tools/bin/../lib/gcc/arm-none-eabi/12.3.1/../../../../arm-none-eabi/lib/thumb/v7e-m+fp/hard\libc_nano.a(libc_a-mprec.o)
                0x0800afd4                __lshift
 .text.__mcmp   0x0800b0ac       0x36 D:/ST/STM32CubeIDE_1.16.0/STM32CubeIDE/plugins/com.st.stm32cube.ide.mcu.externaltools.gnu-tools-for-stm32.12.3.rel1.win32_1.0.200.202406191623/tools/bin/../lib/gcc/arm-none-eabi/12.3.1/../../../../arm-none-eabi/lib/thumb/v7e-m+fp/hard\libc_nano.a(libc_a-mprec.o)
                0x0800b0ac                __mcmp
 *fill*         0x0800b0e2        0x2 
 .text.__mdiff  0x0800b0e4      0x128 D:/ST/STM32CubeIDE_1.16.0/STM32CubeIDE/plugins/com.st.stm32cube.ide.mcu.externaltools.gnu-tools-for-stm32.12.3.rel1.win32_1.0.200.202406191623/tools/bin/../lib/gcc/arm-none-eabi/12.3.1/../../../../arm-none-eabi/lib/thumb/v7e-m+fp/hard\libc_nano.a(libc_a-mprec.o)
                0x0800b0e4                __mdiff
 .text.__d2b    0x0800b20c       0xb0 D:/ST/STM32CubeIDE_1.16.0/STM32CubeIDE/plugins/com.st.stm32cube.ide.mcu.externaltools.gnu-tools-for-stm32.12.3.rel1.win32_1.0.200.202406191623/tools/bin/../lib/gcc/arm-none-eabi/12.3.1/../../../../arm-none-eabi/lib/thumb/v7e-m+fp/hard\libc_nano.a(libc_a-mprec.o)
                0x0800b20c                __d2b
 .text.__ssputs_r
                0x0800b2bc       0xb6 D:/ST/STM32CubeIDE_1.16.0/STM32CubeIDE/plugins/com.st.stm32cube.ide.mcu.externaltools.gnu-tools-for-stm32.12.3.rel1.win32_1.0.200.202406191623/tools/bin/../lib/gcc/arm-none-eabi/12.3.1/../../../../arm-none-eabi/lib/thumb/v7e-m+fp/hard\libc_nano.a(libc_a-nano-svfprintf.o)
                0x0800b2bc                __ssputs_r
 *fill*         0x0800b372        0x2 
 .text._svfprintf_r
                0x0800b374      0x1f8 D:/ST/STM32CubeIDE_1.16.0/STM32CubeIDE/plugins/com.st.stm32cube.ide.mcu.externaltools.gnu-tools-for-stm32.12.3.rel1.win32_1.0.200.202406191623/tools/bin/../lib/gcc/arm-none-eabi/12.3.1/../../../../arm-none-eabi/lib/thumb/v7e-m+fp/hard\libc_nano.a(libc_a-nano-svfprintf.o)
                0x0800b374                _svfiprintf_r
                0x0800b374                _svfprintf_r
 .text.__sfputc_r
                0x0800b56c       0x2e D:/ST/STM32CubeIDE_1.16.0/STM32CubeIDE/plugins/com.st.stm32cube.ide.mcu.externaltools.gnu-tools-for-stm32.12.3.rel1.win32_1.0.200.202406191623/tools/bin/../lib/gcc/arm-none-eabi/12.3.1/../../../../arm-none-eabi/lib/thumb/v7e-m+fp/hard\libc_nano.a(libc_a-nano-vfprintf.o)
 .text.__sfputs_r
                0x0800b59a       0x24 D:/ST/STM32CubeIDE_1.16.0/STM32CubeIDE/plugins/com.st.stm32cube.ide.mcu.externaltools.gnu-tools-for-stm32.12.3.rel1.win32_1.0.200.202406191623/tools/bin/../lib/gcc/arm-none-eabi/12.3.1/../../../../arm-none-eabi/lib/thumb/v7e-m+fp/hard\libc_nano.a(libc_a-nano-vfprintf.o)
                0x0800b59a                __sfputs_r
 *fill*         0x0800b5be        0x2 
 .text._vfprintf_r
                0x0800b5c0      0x230 D:/ST/STM32CubeIDE_1.16.0/STM32CubeIDE/plugins/com.st.stm32cube.ide.mcu.externaltools.gnu-tools-for-stm32.12.3.rel1.win32_1.0.200.202406191623/tools/bin/../lib/gcc/arm-none-eabi/12.3.1/../../../../arm-none-eabi/lib/thumb/v7e-m+fp/hard\libc_nano.a(libc_a-nano-vfprintf.o)
                0x0800b5c0                _vfprintf_r
                0x0800b5c0                _vfiprintf_r
 .text.__sflush_r
                0x0800b7f0      0x108 D:/ST/STM32CubeIDE_1.16.0/STM32CubeIDE/plugins/com.st.stm32cube.ide.mcu.externaltools.gnu-tools-for-stm32.12.3.rel1.win32_1.0.200.202406191623/tools/bin/../lib/gcc/arm-none-eabi/12.3.1/../../../../arm-none-eabi/lib/thumb/v7e-m+fp/hard\libc_nano.a(libc_a-fflush.o)
                0x0800b7f0                __sflush_r
 .text._fflush_r
                0x0800b8f8       0x50 D:/ST/STM32CubeIDE_1.16.0/STM32CubeIDE/plugins/com.st.stm32cube.ide.mcu.externaltools.gnu-tools-for-stm32.12.3.rel1.win32_1.0.200.202406191623/tools/bin/../lib/gcc/arm-none-eabi/12.3.1/../../../../arm-none-eabi/lib/thumb/v7e-m+fp/hard\libc_nano.a(libc_a-fflush.o)
                0x0800b8f8                _fflush_r
 .text.__swhatbuf_r
                0x0800b948       0x4c D:/ST/STM32CubeIDE_1.16.0/STM32CubeIDE/plugins/com.st.stm32cube.ide.mcu.externaltools.gnu-tools-for-stm32.12.3.rel1.win32_1.0.200.202406191623/tools/bin/../lib/gcc/arm-none-eabi/12.3.1/../../../../arm-none-eabi/lib/thumb/v7e-m+fp/hard\libc_nano.a(libc_a-makebuf.o)
                0x0800b948                __swhatbuf_r
 .text.__smakebuf_r
                0x0800b994       0x78 D:/ST/STM32CubeIDE_1.16.0/STM32CubeIDE/plugins/com.st.stm32cube.ide.mcu.externaltools.gnu-tools-for-stm32.12.3.rel1.win32_1.0.200.202406191623/tools/bin/../lib/gcc/arm-none-eabi/12.3.1/../../../../arm-none-eabi/lib/thumb/v7e-m+fp/hard\libc_nano.a(libc_a-makebuf.o)
                0x0800b994                __smakebuf_r
 .text._putc_r  0x0800ba0c       0x68 D:/ST/STM32CubeIDE_1.16.0/STM32CubeIDE/plugins/com.st.stm32cube.ide.mcu.externaltools.gnu-tools-for-stm32.12.3.rel1.win32_1.0.200.202406191623/tools/bin/../lib/gcc/arm-none-eabi/12.3.1/../../../../arm-none-eabi/lib/thumb/v7e-m+fp/hard\libc_nano.a(libc_a-putc.o)
                0x0800ba0c                _putc_r
 .text.memmove  0x0800ba74       0x34 D:/ST/STM32CubeIDE_1.16.0/STM32CubeIDE/plugins/com.st.stm32cube.ide.mcu.externaltools.gnu-tools-for-stm32.12.3.rel1.win32_1.0.200.202406191623/tools/bin/../lib/gcc/arm-none-eabi/12.3.1/../../../../arm-none-eabi/lib/thumb/v7e-m+fp/hard\libc_nano.a(libc_a-memmove.o)
                0x0800ba74                memmove
 .text._fstat_r
                0x0800baa8       0x24 D:/ST/STM32CubeIDE_1.16.0/STM32CubeIDE/plugins/com.st.stm32cube.ide.mcu.externaltools.gnu-tools-for-stm32.12.3.rel1.win32_1.0.200.202406191623/tools/bin/../lib/gcc/arm-none-eabi/12.3.1/../../../../arm-none-eabi/lib/thumb/v7e-m+fp/hard\libc_nano.a(libc_a-fstatr.o)
                0x0800baa8                _fstat_r
 .text._isatty_r
                0x0800bacc       0x20 D:/ST/STM32CubeIDE_1.16.0/STM32CubeIDE/plugins/com.st.stm32cube.ide.mcu.externaltools.gnu-tools-for-stm32.12.3.rel1.win32_1.0.200.202406191623/tools/bin/../lib/gcc/arm-none-eabi/12.3.1/../../../../arm-none-eabi/lib/thumb/v7e-m+fp/hard\libc_nano.a(libc_a-isattyr.o)
                0x0800bacc                _isatty_r
 .text._sbrk_r  0x0800baec       0x20 D:/ST/STM32CubeIDE_1.16.0/STM32CubeIDE/plugins/com.st.stm32cube.ide.mcu.externaltools.gnu-tools-for-stm32.12.3.rel1.win32_1.0.200.202406191623/tools/bin/../lib/gcc/arm-none-eabi/12.3.1/../../../../arm-none-eabi/lib/thumb/v7e-m+fp/hard\libc_nano.a(libc_a-sbrkr.o)
                0x0800baec                _sbrk_r
 .text.__assert_func
                0x0800bb0c       0x3c D:/ST/STM32CubeIDE_1.16.0/STM32CubeIDE/plugins/com.st.stm32cube.ide.mcu.externaltools.gnu-tools-for-stm32.12.3.rel1.win32_1.0.200.202406191623/tools/bin/../lib/gcc/arm-none-eabi/12.3.1/../../../../arm-none-eabi/lib/thumb/v7e-m+fp/hard\libc_nano.a(libc_a-assert.o)
                0x0800bb0c                __assert_func
 .text._calloc_r
                0x0800bb48       0x28 D:/ST/STM32CubeIDE_1.16.0/STM32CubeIDE/plugins/com.st.stm32cube.ide.mcu.externaltools.gnu-tools-for-stm32.12.3.rel1.win32_1.0.200.202406191623/tools/bin/../lib/gcc/arm-none-eabi/12.3.1/../../../../arm-none-eabi/lib/thumb/v7e-m+fp/hard\libc_nano.a(libc_a-callocr.o)
                0x0800bb48                _calloc_r
 .text.__ascii_mbtowc
                0x0800bb70       0x24 D:/ST/STM32CubeIDE_1.16.0/STM32CubeIDE/plugins/com.st.stm32cube.ide.mcu.externaltools.gnu-tools-for-stm32.12.3.rel1.win32_1.0.200.202406191623/tools/bin/../lib/gcc/arm-none-eabi/12.3.1/../../../../arm-none-eabi/lib/thumb/v7e-m+fp/hard\libc_nano.a(libc_a-mbtowc_r.o)
                0x0800bb70                __ascii_mbtowc
 .text._realloc_r
                0x0800bb94       0x5c D:/ST/STM32CubeIDE_1.16.0/STM32CubeIDE/plugins/com.st.stm32cube.ide.mcu.externaltools.gnu-tools-for-stm32.12.3.rel1.win32_1.0.200.202406191623/tools/bin/../lib/gcc/arm-none-eabi/12.3.1/../../../../arm-none-eabi/lib/thumb/v7e-m+fp/hard\libc_nano.a(libc_a-reallocr.o)
                0x0800bb94                _realloc_r
 .text.__ascii_wctomb
                0x0800bbf0       0x1a D:/ST/STM32CubeIDE_1.16.0/STM32CubeIDE/plugins/com.st.stm32cube.ide.mcu.externaltools.gnu-tools-for-stm32.12.3.rel1.win32_1.0.200.202406191623/tools/bin/../lib/gcc/arm-none-eabi/12.3.1/../../../../arm-none-eabi/lib/thumb/v7e-m+fp/hard\libc_nano.a(libc_a-wctomb_r.o)
                0x0800bbf0                __ascii_wctomb
 *fill*         0x0800bc0a        0x2 
 .text.fprintf  0x0800bc0c       0x24 D:/ST/STM32CubeIDE_1.16.0/STM32CubeIDE/plugins/com.st.stm32cube.ide.mcu.externaltools.gnu-tools-for-stm32.12.3.rel1.win32_1.0.200.202406191623/tools/bin/../lib/gcc/arm-none-eabi/12.3.1/../../../../arm-none-eabi/lib/thumb/v7e-m+fp/hard\libc_nano.a(libc_a-fprintf.o)
                0x0800bc0c                fiprintf
                0x0800bc0c                fprintf
 .text.abort    0x0800bc30        0xe D:/ST/STM32CubeIDE_1.16.0/STM32CubeIDE/plugins/com.st.stm32cube.ide.mcu.externaltools.gnu-tools-for-stm32.12.3.rel1.win32_1.0.200.202406191623/tools/bin/../lib/gcc/arm-none-eabi/12.3.1/../../../../arm-none-eabi/lib/thumb/v7e-m+fp/hard\libc_nano.a(libc_a-abort.o)
                0x0800bc30                abort
 .text._malloc_usable_size_r
                0x0800bc3e       0x10 D:/ST/STM32CubeIDE_1.16.0/STM32CubeIDE/plugins/com.st.stm32cube.ide.mcu.externaltools.gnu-tools-for-stm32.12.3.rel1.win32_1.0.200.202406191623/tools/bin/../lib/gcc/arm-none-eabi/12.3.1/../../../../arm-none-eabi/lib/thumb/v7e-m+fp/hard\libc_nano.a(libc_a-msizer.o)
                0x0800bc3e                _malloc_usable_size_r
 .text._raise_r
                0x0800bc4e       0x50 D:/ST/STM32CubeIDE_1.16.0/STM32CubeIDE/plugins/com.st.stm32cube.ide.mcu.externaltools.gnu-tools-for-stm32.12.3.rel1.win32_1.0.200.202406191623/tools/bin/../lib/gcc/arm-none-eabi/12.3.1/../../../../arm-none-eabi/lib/thumb/v7e-m+fp/hard\libc_nano.a(libc_a-signal.o)
                0x0800bc4e                _raise_r
 *fill*         0x0800bc9e        0x2 
 .text.raise    0x0800bca0       0x10 D:/ST/STM32CubeIDE_1.16.0/STM32CubeIDE/plugins/com.st.stm32cube.ide.mcu.externaltools.gnu-tools-for-stm32.12.3.rel1.win32_1.0.200.202406191623/tools/bin/../lib/gcc/arm-none-eabi/12.3.1/../../../../arm-none-eabi/lib/thumb/v7e-m+fp/hard\libc_nano.a(libc_a-signal.o)
                0x0800bca0                raise
 .text._kill_r  0x0800bcb0       0x24 D:/ST/STM32CubeIDE_1.16.0/STM32CubeIDE/plugins/com.st.stm32cube.ide.mcu.externaltools.gnu-tools-for-stm32.12.3.rel1.win32_1.0.200.202406191623/tools/bin/../lib/gcc/arm-none-eabi/12.3.1/../../../../arm-none-eabi/lib/thumb/v7e-m+fp/hard\libc_nano.a(libc_a-signalr.o)
                0x0800bcb0                _kill_r
 .text._getpid_r
                0x0800bcd4        0x4 D:/ST/STM32CubeIDE_1.16.0/STM32CubeIDE/plugins/com.st.stm32cube.ide.mcu.externaltools.gnu-tools-for-stm32.12.3.rel1.win32_1.0.200.202406191623/tools/bin/../lib/gcc/arm-none-eabi/12.3.1/../../../../arm-none-eabi/lib/thumb/v7e-m+fp/hard\libc_nano.a(libc_a-signalr.o)
                0x0800bcd4                _getpid_r
 .text.atan2    0x0800bcd8        0x4 D:/ST/STM32CubeIDE_1.16.0/STM32CubeIDE/plugins/com.st.stm32cube.ide.mcu.externaltools.gnu-tools-for-stm32.12.3.rel1.win32_1.0.200.202406191623/tools/bin/../lib/gcc/arm-none-eabi/12.3.1/../../../../arm-none-eabi/lib/thumb/v7e-m+fp/hard\libm.a(libm_a-w_atan2.o)
                0x0800bcd8                atan2
 *fill*         0x0800bcdc        0x4 
 .text.__ieee754_atan2
                0x0800bce0      0x18c D:/ST/STM32CubeIDE_1.16.0/STM32CubeIDE/plugins/com.st.stm32cube.ide.mcu.externaltools.gnu-tools-for-stm32.12.3.rel1.win32_1.0.200.202406191623/tools/bin/../lib/gcc/arm-none-eabi/12.3.1/../../../../arm-none-eabi/lib/thumb/v7e-m+fp/hard\libm.a(libm_a-e_atan2.o)
                0x0800bce0                __ieee754_atan2
 *fill*         0x0800be6c        0x4 
 .text.atan     0x0800be70      0x330 D:/ST/STM32CubeIDE_1.16.0/STM32CubeIDE/plugins/com.st.stm32cube.ide.mcu.externaltools.gnu-tools-for-stm32.12.3.rel1.win32_1.0.200.202406191623/tools/bin/../lib/gcc/arm-none-eabi/12.3.1/../../../../arm-none-eabi/lib/thumb/v7e-m+fp/hard\libm.a(libm_a-s_atan.o)
                0x0800be70                atan
 .text.fabs     0x0800c1a0       0x10 D:/ST/STM32CubeIDE_1.16.0/STM32CubeIDE/plugins/com.st.stm32cube.ide.mcu.externaltools.gnu-tools-for-stm32.12.3.rel1.win32_1.0.200.202406191623/tools/bin/../lib/gcc/arm-none-eabi/12.3.1/../../../../arm-none-eabi/lib/thumb/v7e-m+fp/hard\libm.a(libm_a-s_fabs.o)
                0x0800c1a0                fabs
 *(.glue_7)
 .glue_7        0x0800c1b0        0x0 linker stubs
 *(.glue_7t)
 .glue_7t       0x0800c1b0        0x0 linker stubs
 *(.eh_frame)
 .eh_frame      0x0800c1b0        0x0 D:/ST/STM32CubeIDE_1.16.0/STM32CubeIDE/plugins/com.st.stm32cube.ide.mcu.externaltools.gnu-tools-for-stm32.12.3.rel1.win32_1.0.200.202406191623/tools/bin/../lib/gcc/arm-none-eabi/12.3.1/thumb/v7e-m+fp/hard/crtbegin.o
 *(.init)
 .init          0x0800c1b0        0x4 D:/ST/STM32CubeIDE_1.16.0/STM32CubeIDE/plugins/com.st.stm32cube.ide.mcu.externaltools.gnu-tools-for-stm32.12.3.rel1.win32_1.0.200.202406191623/tools/bin/../lib/gcc/arm-none-eabi/12.3.1/thumb/v7e-m+fp/hard/crti.o
                0x0800c1b0                _init
 .init          0x0800c1b4        0x8 D:/ST/STM32CubeIDE_1.16.0/STM32CubeIDE/plugins/com.st.stm32cube.ide.mcu.externaltools.gnu-tools-for-stm32.12.3.rel1.win32_1.0.200.202406191623/tools/bin/../lib/gcc/arm-none-eabi/12.3.1/thumb/v7e-m+fp/hard/crtn.o
 *(.fini)
 .fini          0x0800c1bc        0x4 D:/ST/STM32CubeIDE_1.16.0/STM32CubeIDE/plugins/com.st.stm32cube.ide.mcu.externaltools.gnu-tools-for-stm32.12.3.rel1.win32_1.0.200.202406191623/tools/bin/../lib/gcc/arm-none-eabi/12.3.1/thumb/v7e-m+fp/hard/crti.o
                0x0800c1bc                _fini
 .fini          0x0800c1c0        0x8 D:/ST/STM32CubeIDE_1.16.0/STM32CubeIDE/plugins/com.st.stm32cube.ide.mcu.externaltools.gnu-tools-for-stm32.12.3.rel1.win32_1.0.200.202406191623/tools/bin/../lib/gcc/arm-none-eabi/12.3.1/thumb/v7e-m+fp/hard/crtn.o
                0x0800c1c8                        . = ALIGN (0x4)
                0x0800c1c8                        _etext = .

.vfp11_veneer   0x0800c1c8        0x0
 .vfp11_veneer  0x0800c1c8        0x0 linker stubs

.v4_bx          0x0800c1c8        0x0
 .v4_bx         0x0800c1c8        0x0 linker stubs

.iplt           0x0800c1c8        0x0
 .iplt          0x0800c1c8        0x0 D:/ST/STM32CubeIDE_1.16.0/STM32CubeIDE/plugins/com.st.stm32cube.ide.mcu.externaltools.gnu-tools-for-stm32.12.3.rel1.win32_1.0.200.202406191623/tools/bin/../lib/gcc/arm-none-eabi/12.3.1/thumb/v7e-m+fp/hard/crtbegin.o

.rodata         0x0800c1c8    0x15e38
                0x0800c1c8                        . = ALIGN (0x4)
 *(.rodata)
 .rodata        0x0800c1c8      0x270 ./Application/User/app_tof.o
 .rodata        0x0800c438       0x59 ./Application/User/main.o
 *fill*         0x0800c491        0x3 
 .rodata        0x0800c494       0x6c ./Drivers/BSP/Components/vl53l8cx_api.o
 .rodata        0x0800c500        0x8 ./Drivers/BSP/Components/vl53l8cx_plugin_detection_thresholds.o
 *(.rodata*)
 .rodata.VL53L8CX_FIRMWARE
                0x0800c508    0x15000 ./Drivers/BSP/Components/vl53l8cx_api.o
                0x0800c508                VL53L8CX_FIRMWARE
 .rodata.VL53L8CX_DEFAULT_CONFIGURATION
                0x08021508      0x3cc ./Drivers/BSP/Components/vl53l8cx_api.o
                0x08021508                VL53L8CX_DEFAULT_CONFIGURATION
 .rodata.VL53L8CX_DEFAULT_XTALK
                0x080218d4      0x308 ./Drivers/BSP/Components/vl53l8cx_api.o
                0x080218d4                VL53L8CX_DEFAULT_XTALK
 .rodata.VL53L8CX_GET_NVM_CMD
                0x08021bdc       0x28 ./Drivers/BSP/Components/vl53l8cx_api.o
                0x08021bdc                VL53L8CX_GET_NVM_CMD
 .rodata.AHBPrescTable
                0x08021c04       0x10 ./Drivers/CMSIS/system_stm32f4xx.o
                0x08021c04                AHBPrescTable
 .rodata.APBPrescTable
                0x08021c14        0x8 ./Drivers/CMSIS/system_stm32f4xx.o
                0x08021c14                APBPrescTable
 .rodata._printf_float.str1.1
                0x08021c1c       0x12 D:/ST/STM32CubeIDE_1.16.0/STM32CubeIDE/plugins/com.st.stm32cube.ide.mcu.externaltools.gnu-tools-for-stm32.12.3.rel1.win32_1.0.200.202406191623/tools/bin/../lib/gcc/arm-none-eabi/12.3.1/../../../../arm-none-eabi/lib/thumb/v7e-m+fp/hard\libc_nano.a(libc_a-nano-vfprintf_float.o)
 .rodata._printf_i.str1.1
                0x08021c2e       0x22 D:/ST/STM32CubeIDE_1.16.0/STM32CubeIDE/plugins/com.st.stm32cube.ide.mcu.externaltools.gnu-tools-for-stm32.12.3.rel1.win32_1.0.200.202406191623/tools/bin/../lib/gcc/arm-none-eabi/12.3.1/../../../../arm-none-eabi/lib/thumb/v7e-m+fp/hard\libc_nano.a(libc_a-nano-vfprintf_i.o)
 .rodata._dtoa_r.str1.1
                0x08021c50       0x8d D:/ST/STM32CubeIDE_1.16.0/STM32CubeIDE/plugins/com.st.stm32cube.ide.mcu.externaltools.gnu-tools-for-stm32.12.3.rel1.win32_1.0.200.202406191623/tools/bin/../lib/gcc/arm-none-eabi/12.3.1/../../../../arm-none-eabi/lib/thumb/v7e-m+fp/hard\libc_nano.a(libc_a-dtoa.o)
                                 0x8f (size before relaxing)
 .rodata._Balloc.str1.1
                0x08021cdd       0x59 D:/ST/STM32CubeIDE_1.16.0/STM32CubeIDE/plugins/com.st.stm32cube.ide.mcu.externaltools.gnu-tools-for-stm32.12.3.rel1.win32_1.0.200.202406191623/tools/bin/../lib/gcc/arm-none-eabi/12.3.1/../../../../arm-none-eabi/lib/thumb/v7e-m+fp/hard\libc_nano.a(libc_a-mprec.o)
                                 0x70 (size before relaxing)
 .rodata.__multadd.str1.1
                0x08021d36       0x11 D:/ST/STM32CubeIDE_1.16.0/STM32CubeIDE/plugins/com.st.stm32cube.ide.mcu.externaltools.gnu-tools-for-stm32.12.3.rel1.win32_1.0.200.202406191623/tools/bin/../lib/gcc/arm-none-eabi/12.3.1/../../../../arm-none-eabi/lib/thumb/v7e-m+fp/hard\libc_nano.a(libc_a-mprec.o)
 *fill*         0x08021d36        0x2 
 .rodata.p05.0  0x08021d38        0xc D:/ST/STM32CubeIDE_1.16.0/STM32CubeIDE/plugins/com.st.stm32cube.ide.mcu.externaltools.gnu-tools-for-stm32.12.3.rel1.win32_1.0.200.202406191623/tools/bin/../lib/gcc/arm-none-eabi/12.3.1/../../../../arm-none-eabi/lib/thumb/v7e-m+fp/hard\libc_nano.a(libc_a-mprec.o)
 *fill*         0x08021d44        0x4 
 .rodata.__mprec_bigtens
                0x08021d48       0x28 D:/ST/STM32CubeIDE_1.16.0/STM32CubeIDE/plugins/com.st.stm32cube.ide.mcu.externaltools.gnu-tools-for-stm32.12.3.rel1.win32_1.0.200.202406191623/tools/bin/../lib/gcc/arm-none-eabi/12.3.1/../../../../arm-none-eabi/lib/thumb/v7e-m+fp/hard\libc_nano.a(libc_a-mprec.o)
                0x08021d48                __mprec_bigtens
 .rodata.__mprec_tens
                0x08021d70       0xc8 D:/ST/STM32CubeIDE_1.16.0/STM32CubeIDE/plugins/com.st.stm32cube.ide.mcu.externaltools.gnu-tools-for-stm32.12.3.rel1.win32_1.0.200.202406191623/tools/bin/../lib/gcc/arm-none-eabi/12.3.1/../../../../arm-none-eabi/lib/thumb/v7e-m+fp/hard\libc_nano.a(libc_a-mprec.o)
                0x08021d70                __mprec_tens
 .rodata._svfprintf_r.str1.1
                0x08021e38       0x11 D:/ST/STM32CubeIDE_1.16.0/STM32CubeIDE/plugins/com.st.stm32cube.ide.mcu.externaltools.gnu-tools-for-stm32.12.3.rel1.win32_1.0.200.202406191623/tools/bin/../lib/gcc/arm-none-eabi/12.3.1/../../../../arm-none-eabi/lib/thumb/v7e-m+fp/hard\libc_nano.a(libc_a-nano-svfprintf.o)
 .rodata._vfprintf_r.str1.1
                0x08021e49       0x11 D:/ST/STM32CubeIDE_1.16.0/STM32CubeIDE/plugins/com.st.stm32cube.ide.mcu.externaltools.gnu-tools-for-stm32.12.3.rel1.win32_1.0.200.202406191623/tools/bin/../lib/gcc/arm-none-eabi/12.3.1/../../../../arm-none-eabi/lib/thumb/v7e-m+fp/hard\libc_nano.a(libc_a-nano-vfprintf.o)
 .rodata._setlocale_r.str1.1
                0x08021e49        0x8 D:/ST/STM32CubeIDE_1.16.0/STM32CubeIDE/plugins/com.st.stm32cube.ide.mcu.externaltools.gnu-tools-for-stm32.12.3.rel1.win32_1.0.200.202406191623/tools/bin/../lib/gcc/arm-none-eabi/12.3.1/../../../../arm-none-eabi/lib/thumb/v7e-m+fp/hard\libc_nano.a(libc_a-locale.o)
                                  0x9 (size before relaxing)
 .rodata.str1.1
                0x08021e51        0x2 D:/ST/STM32CubeIDE_1.16.0/STM32CubeIDE/plugins/com.st.stm32cube.ide.mcu.externaltools.gnu-tools-for-stm32.12.3.rel1.win32_1.0.200.202406191623/tools/bin/../lib/gcc/arm-none-eabi/12.3.1/../../../../arm-none-eabi/lib/thumb/v7e-m+fp/hard\libc_nano.a(libc_a-locale.o)
 .rodata.__assert_func.str1.1
                0x08021e53       0x3c D:/ST/STM32CubeIDE_1.16.0/STM32CubeIDE/plugins/com.st.stm32cube.ide.mcu.externaltools.gnu-tools-for-stm32.12.3.rel1.win32_1.0.200.202406191623/tools/bin/../lib/gcc/arm-none-eabi/12.3.1/../../../../arm-none-eabi/lib/thumb/v7e-m+fp/hard\libc_nano.a(libc_a-assert.o)
                                 0x3d (size before relaxing)
 .rodata._ctype_
                0x08021e8f      0x101 D:/ST/STM32CubeIDE_1.16.0/STM32CubeIDE/plugins/com.st.stm32cube.ide.mcu.externaltools.gnu-tools-for-stm32.12.3.rel1.win32_1.0.200.202406191623/tools/bin/../lib/gcc/arm-none-eabi/12.3.1/../../../../arm-none-eabi/lib/thumb/v7e-m+fp/hard\libc_nano.a(libc_a-ctype_.o)
                0x08021e8f                _ctype_
 .rodata.CSWTCH.9
                0x08021f90       0x18 D:/ST/STM32CubeIDE_1.16.0/STM32CubeIDE/plugins/com.st.stm32cube.ide.mcu.externaltools.gnu-tools-for-stm32.12.3.rel1.win32_1.0.200.202406191623/tools/bin/../lib/gcc/arm-none-eabi/12.3.1/../../../../arm-none-eabi/lib/thumb/v7e-m+fp/hard\libm.a(libm_a-e_atan2.o)
 .rodata.CSWTCH.8
                0x08021fa8       0x18 D:/ST/STM32CubeIDE_1.16.0/STM32CubeIDE/plugins/com.st.stm32cube.ide.mcu.externaltools.gnu-tools-for-stm32.12.3.rel1.win32_1.0.200.202406191623/tools/bin/../lib/gcc/arm-none-eabi/12.3.1/../../../../arm-none-eabi/lib/thumb/v7e-m+fp/hard\libm.a(libm_a-e_atan2.o)
 .rodata.atanlo
                0x08021fc0       0x20 D:/ST/STM32CubeIDE_1.16.0/STM32CubeIDE/plugins/com.st.stm32cube.ide.mcu.externaltools.gnu-tools-for-stm32.12.3.rel1.win32_1.0.200.202406191623/tools/bin/../lib/gcc/arm-none-eabi/12.3.1/../../../../arm-none-eabi/lib/thumb/v7e-m+fp/hard\libm.a(libm_a-s_atan.o)
 .rodata.atanhi
                0x08021fe0       0x20 D:/ST/STM32CubeIDE_1.16.0/STM32CubeIDE/plugins/com.st.stm32cube.ide.mcu.externaltools.gnu-tools-for-stm32.12.3.rel1.win32_1.0.200.202406191623/tools/bin/../lib/gcc/arm-none-eabi/12.3.1/../../../../arm-none-eabi/lib/thumb/v7e-m+fp/hard\libm.a(libm_a-s_atan.o)
                0x08022000                        . = ALIGN (0x4)

.ARM.extab      0x08022000        0x0
                0x08022000                        . = ALIGN (0x4)
 *(.ARM.extab* .gnu.linkonce.armextab.*)
                0x08022000                        . = ALIGN (0x4)

.ARM            0x08022000        0x8
                0x08022000                        . = ALIGN (0x4)
                0x08022000                        __exidx_start = .
 *(.ARM.exidx*)
 .ARM.exidx     0x08022000        0x8 D:/ST/STM32CubeIDE_1.16.0/STM32CubeIDE/plugins/com.st.stm32cube.ide.mcu.externaltools.gnu-tools-for-stm32.12.3.rel1.win32_1.0.200.202406191623/tools/bin/../lib/gcc/arm-none-eabi/12.3.1/../../../../arm-none-eabi/lib/thumb/v7e-m+fp/hard\libc_nano.a(libc_a-memchr.o)
 .ARM.exidx     0x08022008        0x0 D:/ST/STM32CubeIDE_1.16.0/STM32CubeIDE/plugins/com.st.stm32cube.ide.mcu.externaltools.gnu-tools-for-stm32.12.3.rel1.win32_1.0.200.202406191623/tools/bin/../lib/gcc/arm-none-eabi/12.3.1/../../../../arm-none-eabi/lib/thumb/v7e-m+fp/hard\libc_nano.a(libc_a-strlen.o)
                                  0x8 (size before relaxing)
 .ARM.exidx     0x08022008        0x0 D:/ST/STM32CubeIDE_1.16.0/STM32CubeIDE/plugins/com.st.stm32cube.ide.mcu.externaltools.gnu-tools-for-stm32.12.3.rel1.win32_1.0.200.202406191623/tools/bin/../lib/gcc/arm-none-eabi/12.3.1/thumb/v7e-m+fp/hard\libgcc.a(_udivmoddi4.o)
                                  0x8 (size before relaxing)
                0x08022008                        __exidx_end = .
                0x08022008                        . = ALIGN (0x4)

.preinit_array  0x08022008        0x0
                0x08022008                        . = ALIGN (0x4)
                0x08022008                        PROVIDE (__preinit_array_start = .)
 *(.preinit_array*)
                0x08022008                        PROVIDE (__preinit_array_end = .)
                0x08022008                        . = ALIGN (0x4)

.init_array     0x08022008        0x4
                0x08022008                        . = ALIGN (0x4)
                0x08022008                        PROVIDE (__init_array_start = .)
 *(SORT_BY_NAME(.init_array.*))
 *(.init_array*)
 .init_array    0x08022008        0x4 D:/ST/STM32CubeIDE_1.16.0/STM32CubeIDE/plugins/com.st.stm32cube.ide.mcu.externaltools.gnu-tools-for-stm32.12.3.rel1.win32_1.0.200.202406191623/tools/bin/../lib/gcc/arm-none-eabi/12.3.1/thumb/v7e-m+fp/hard/crtbegin.o
                0x0802200c                        PROVIDE (__init_array_end = .)
                0x0802200c                        . = ALIGN (0x4)

.fini_array     0x0802200c        0x4
                0x0802200c                        . = ALIGN (0x4)
                [!provide]                        PROVIDE (__fini_array_start = .)
 *(SORT_BY_NAME(.fini_array.*))
 *(.fini_array*)
 .fini_array    0x0802200c        0x4 D:/ST/STM32CubeIDE_1.16.0/STM32CubeIDE/plugins/com.st.stm32cube.ide.mcu.externaltools.gnu-tools-for-stm32.12.3.rel1.win32_1.0.200.202406191623/tools/bin/../lib/gcc/arm-none-eabi/12.3.1/thumb/v7e-m+fp/hard/crtbegin.o
                [!provide]                        PROVIDE (__fini_array_end = .)
                0x08022010                        . = ALIGN (0x4)
                0x08022010                        _sidata = LOADADDR (.data)

.rel.dyn        0x08022010        0x0
 .rel.iplt      0x08022010        0x0 D:/ST/STM32CubeIDE_1.16.0/STM32CubeIDE/plugins/com.st.stm32cube.ide.mcu.externaltools.gnu-tools-for-stm32.12.3.rel1.win32_1.0.200.202406191623/tools/bin/../lib/gcc/arm-none-eabi/12.3.1/thumb/v7e-m+fp/hard/crtbegin.o

.data           0x20000000      0x210 load address 0x08022010
                0x20000000                        . = ALIGN (0x4)
                0x20000000                        _sdata = .
 *(.data)
 *(.data*)
 .data.COM_USART
                0x20000000        0x4 ./Application/User/stm32f4xx_nucleo.o
                0x20000000                COM_USART
 .data.VL53L8CX_RANGING_SENSOR_Driver
                0x20000004       0x38 ./Drivers/BSP/Components/vl53l8cx.o
                0x20000004                VL53L8CX_RANGING_SENSOR_Driver
 .data.SystemCoreClock
                0x2000003c        0x4 ./Drivers/CMSIS/system_stm32f4xx.o
                0x2000003c                SystemCoreClock
 .data.uwTickPrio
                0x20000040        0x4 ./Drivers/STM32F4xx_HAL_Driver/stm32f4xx_hal.o
                0x20000040                uwTickPrio
 .data.uwTickFreq
                0x20000044        0x1 ./Drivers/STM32F4xx_HAL_Driver/stm32f4xx_hal.o
                0x20000044                uwTickFreq
 *fill*         0x20000045        0x3 
 .data.__sglue  0x20000048        0xc D:/ST/STM32CubeIDE_1.16.0/STM32CubeIDE/plugins/com.st.stm32cube.ide.mcu.externaltools.gnu-tools-for-stm32.12.3.rel1.win32_1.0.200.202406191623/tools/bin/../lib/gcc/arm-none-eabi/12.3.1/../../../../arm-none-eabi/lib/thumb/v7e-m+fp/hard\libc_nano.a(libc_a-findfp.o)
                0x20000048                __sglue
 .data._impure_ptr
                0x20000054        0x4 D:/ST/STM32CubeIDE_1.16.0/STM32CubeIDE/plugins/com.st.stm32cube.ide.mcu.externaltools.gnu-tools-for-stm32.12.3.rel1.win32_1.0.200.202406191623/tools/bin/../lib/gcc/arm-none-eabi/12.3.1/../../../../arm-none-eabi/lib/thumb/v7e-m+fp/hard\libc_nano.a(libc_a-impure.o)
                0x20000054                _impure_ptr
 .data._impure_data
                0x20000058       0x4c D:/ST/STM32CubeIDE_1.16.0/STM32CubeIDE/plugins/com.st.stm32cube.ide.mcu.externaltools.gnu-tools-for-stm32.12.3.rel1.win32_1.0.200.202406191623/tools/bin/../lib/gcc/arm-none-eabi/12.3.1/../../../../arm-none-eabi/lib/thumb/v7e-m+fp/hard\libc_nano.a(libc_a-impure.o)
                0x20000058                _impure_data
 .data.__global_locale
                0x200000a4      0x16c D:/ST/STM32CubeIDE_1.16.0/STM32CubeIDE/plugins/com.st.stm32cube.ide.mcu.externaltools.gnu-tools-for-stm32.12.3.rel1.win32_1.0.200.202406191623/tools/bin/../lib/gcc/arm-none-eabi/12.3.1/../../../../arm-none-eabi/lib/thumb/v7e-m+fp/hard\libc_nano.a(libc_a-locale.o)
                0x200000a4                __global_locale
 *(.RamFunc)
 *(.RamFunc*)
                0x20000210                        . = ALIGN (0x4)
                0x20000210                        _edata = .

.igot.plt       0x20000210        0x0 load address 0x08022220
 .igot.plt      0x20000210        0x0 D:/ST/STM32CubeIDE_1.16.0/STM32CubeIDE/plugins/com.st.stm32cube.ide.mcu.externaltools.gnu-tools-for-stm32.12.3.rel1.win32_1.0.200.202406191623/tools/bin/../lib/gcc/arm-none-eabi/12.3.1/thumb/v7e-m+fp/hard/crtbegin.o
                0x20000210                        . = ALIGN (0x4)

.bss            0x20000210     0x1bf8 load address 0x08022220
                0x20000210                        _sbss = .
                0x20000210                        __bss_start__ = _sbss
 *(.bss)
 .bss           0x20000210       0x1c D:/ST/STM32CubeIDE_1.16.0/STM32CubeIDE/plugins/com.st.stm32cube.ide.mcu.externaltools.gnu-tools-for-stm32.12.3.rel1.win32_1.0.200.202406191623/tools/bin/../lib/gcc/arm-none-eabi/12.3.1/thumb/v7e-m+fp/hard/crtbegin.o
 *(.bss*)
 .bss.Cap       0x2000022c       0x10 ./Application/User/app_tof.o
 .bss.Profile   0x2000023c       0x14 ./Application/User/app_tof.o
 .bss.status    0x20000250        0x4 ./Application/User/app_tof.o
 .bss.ToF_EventDetected
                0x20000254        0x1 ./Application/User/app_tof.o
                0x20000254                ToF_EventDetected
 *fill*         0x20000255        0x3 
 .bss.Result.0  0x20000258      0x504 ./Application/User/app_tof.o
 .bss.CUSTOM_RANGING_CompObj
                0x2000075c        0x4 ./Application/User/custom_ranging_sensor.o
                0x2000075c                CUSTOM_RANGING_CompObj
 .bss.CUSTOM_RANGING_Drv
                0x20000760        0x4 ./Application/User/custom_ranging_sensor.o
 .bss.RANGING_SENSOR_Cap
                0x20000764       0x10 ./Application/User/custom_ranging_sensor.o
 .bss.VL53L8CXObj.0
                0x20000774      0xae0 ./Application/User/custom_ranging_sensor.o
 .bss.hi2c3     0x20001254       0x54 ./Application/User/main.o
                0x20001254                hi2c3
 .bss.htim11    0x200012a8       0x48 ./Application/User/main.o
                0x200012a8                htim11
 .bss.serialBuf
                0x200012f0       0x64 ./Application/User/main.o
                0x200012f0                serialBuf
 .bss.attitude  0x20001354       0x24 ./Application/User/main.o
                0x20001354                attitude
 .bss.imu       0x20001378       0x48 ./Application/User/main.o
                0x20001378                imu
 .bss.hcom_uart
                0x200013c0       0x48 ./Application/User/stm32f4xx_nucleo.o
                0x200013c0                hcom_uart
 .bss.COM_ActiveLogPort
                0x20001408        0x1 ./Application/User/stm32f4xx_nucleo.o
 *fill*         0x20001409        0x3 